Initializing AMReX (26.09-216-g49f8465e6225)...
MPI initialized with 8 MPI processes
MPI initialized with thread support level 0
Initializing HIP...
HIP initialized with 8 devices.
AMReX (26.09-216-g49f8465e6225) initialized
FLD residual face transfers per evaluation: separate sends=24, packed sends=24, payload bytes=1572864
The cloud-layer FLD system Newton 0: residual=25792.62226, GMRES rtol=0.5
FLD assembly face transfers per assembly: separate sends=24, packed sends=24, payload bytes=1572864
AMG setup messages level=0 phase=strength sends=0 bytes=0 collective_rank_calls=8
AMG setup messages level=0 phase=strength-transpose sends=24 bytes=5818112 collective_rank_calls=8
AMG setup messages level=0 phase=PMIS sends=384 bytes=15009152 collective_rank_calls=64
AMG setup messages level=0 phase=numbering sends=0 bytes=0 collective_rank_calls=8
AMG setup messages level=0 phase=interpolation sends=144 bytes=7930832 collective_rank_calls=8
AMG setup messages level=0 phase=interpolation-transpose sends=48 bytes=2650656 collective_rank_calls=8
AMG setup messages level=0 phase=A*P sends=72 bytes=13535792 collective_rank_calls=8
AMG setup messages level=0 phase=R*(A*P) sends=144 bytes=18873392 collective_rank_calls=8
AMG setup messages level=1 phase=strength sends=0 bytes=0 collective_rank_calls=8
AMG setup messages level=1 phase=strength-transpose sends=48 bytes=6573040 collective_rank_calls=8
AMG setup messages level=1 phase=PMIS sends=1056 bytes=12220416 collective_rank_calls=88
AMG setup messages level=1 phase=numbering sends=0 bytes=0 collective_rank_calls=8
AMG setup messages level=1 phase=interpolation sends=288 bytes=7877948 collective_rank_calls=8
AMG setup messages level=1 phase=interpolation-transpose sends=50 bytes=2386592 collective_rank_calls=8
AMG setup messages level=1 phase=A*P sends=150 bytes=13137072 collective_rank_calls=8
AMG setup messages level=1 phase=R*(A*P) sends=150 bytes=34902880 collective_rank_calls=8
AMG setup messages level=2 phase=strength sends=0 bytes=0 collective_rank_calls=8
AMG setup messages level=2 phase=strength-transpose sends=52 bytes=2724876 collective_rank_calls=8
AMG setup messages level=2 phase=PMIS sends=1040 bytes=3575076 collective_rank_calls=80
AMG setup messages level=2 phase=numbering sends=0 bytes=0 collective_rank_calls=8
AMG setup messages level=2 phase=interpolation sends=312 bytes=2832680 collective_rank_calls=8
AMG setup messages level=2 phase=interpolation-transpose sends=48 bytes=696464 collective_rank_calls=8
AMG setup messages level=2 phase=A*P sends=162 bytes=5235280 collective_rank_calls=8
AMG setup messages level=2 phase=R*(A*P) sends=144 bytes=16495856 collective_rank_calls=8
AMG setup messages level=3 phase=strength sends=0 bytes=0 collective_rank_calls=8
AMG setup messages level=3 phase=strength-transpose sends=54 bytes=638404 collective_rank_calls=8
AMG setup messages level=3 phase=PMIS sends=1102 bytes=912940 collective_rank_calls=80
AMG setup messages level=3 phase=numbering sends=0 bytes=0 collective_rank_calls=8
AMG setup messages level=3 phase=interpolation sends=321 bytes=666692 collective_rank_calls=8
AMG setup messages level=3 phase=interpolation-transpose sends=49 bytes=186320 collective_rank_calls=8
AMG setup messages level=3 phase=A*P sends=168 bytes=1758160 collective_rank_calls=8
AMG setup messages level=3 phase=R*(A*P) sends=147 bytes=4826800 collective_rank_calls=8
AMG setup messages level=4 phase=strength sends=0 bytes=0 collective_rank_calls=8
AMG setup messages level=4 phase=strength-transpose sends=49 bytes=117072 collective_rank_calls=8
AMG setup messages level=4 phase=PMIS sends=793 bytes=193144 collective_rank_calls=64
AMG setup messages level=4 phase=numbering sends=0 bytes=0 collective_rank_calls=8
AMG setup messages level=4 phase=interpolation sends=294 bytes=122188 collective_rank_calls=8
AMG setup messages level=4 phase=interpolation-transpose sends=43 bytes=50976 collective_rank_calls=8
AMG setup messages level=4 phase=A*P sends=168 bytes=547856 collective_rank_calls=8
AMG setup messages level=4 phase=R*(A*P) sends=129 bytes=1137600 collective_rank_calls=8
AMG setup messages level=5 phase=strength sends=0 bytes=0 collective_rank_calls=8
AMG setup messages level=5 phase=strength-transpose sends=47 bytes=29084 collective_rank_calls=8
AMG setup messages level=5 phase=PMIS sends=571 bytes=44736 collective_rank_calls=48
AMG setup messages level=5 phase=numbering sends=0 bytes=0 collective_rank_calls=8
AMG setup messages level=5 phase=interpolation sends=276 bytes=25720 collective_rank_calls=8
AMG setup messages level=5 phase=interpolation-transpose sends=45 bytes=23200 collective_rank_calls=8
AMG setup messages level=5 phase=A*P sends=168 bytes=186368 collective_rank_calls=8
AMG setup messages level=5 phase=R*(A*P) sends=135 bytes=527664 collective_rank_calls=8
AMG setup messages level=6 phase=strength sends=0 bytes=0 collective_rank_calls=8
AMG setup messages level=6 phase=strength-transpose sends=40 bytes=12456 collective_rank_calls=8
AMG setup messages level=6 phase=PMIS sends=400 bytes=26320 collective_rank_calls=32
AMG setup messages level=6 phase=numbering sends=0 bytes=0 collective_rank_calls=8
AMG setup messages level=6 phase=interpolation sends=195 bytes=2864 collective_rank_calls=8
AMG setup messages level=6 phase=interpolation-transpose sends=17 bytes=8272 collective_rank_calls=8
AMG setup messages level=6 phase=A*P sends=168 bytes=93584 collective_rank_calls=8
AMG setup messages level=6 phase=R*(A*P) sends=51 bytes=60352 collective_rank_calls=8
AMG setup messages level=7 phase=strength sends=0 bytes=0 collective_rank_calls=8
AMG setup messages level=7 phase=strength-transpose sends=13 bytes=2108 collective_rank_calls=8
AMG setup messages level=7 phase=PMIS sends=79 bytes=3052 collective_rank_calls=16
AMG setup messages level=7 phase=numbering sends=0 bytes=0 collective_rank_calls=8
AMG setup messages level=7 phase=interpolation sends=54 bytes=420 collective_rank_calls=8
AMG setup messages level=7 phase=interpolation-transpose sends=6 bytes=1312 collective_rank_calls=8
AMG setup messages level=7 phase=A*P sends=90 bytes=7008 collective_rank_calls=8
AMG setup messages level=7 phase=R*(A*P) sends=18 bytes=2240 collective_rank_calls=8
GMRES: iter = 0, residual = 6928.553304, 1 (rel.)
GMRES: iter = 1, residual = 1353.49021, 0.1953496135 (rel.)
GMRES: Solve Time = 0.581583337
The cloud-layer FLD system Newton 1: residual=1353.490208, GMRES rtol=0.225
AMG setup messages level=0 phase=strength sends=0 bytes=0 collective_rank_calls=8
AMG setup messages level=0 phase=strength-transpose sends=24 bytes=5818112 collective_rank_calls=8
AMG setup messages level=0 phase=PMIS sends=432 bytes=16675840 collective_rank_calls=72
AMG setup messages level=0 phase=numbering sends=0 bytes=0 collective_rank_calls=8
AMG setup messages level=0 phase=interpolation sends=144 bytes=7926896 collective_rank_calls=8
AMG setup messages level=0 phase=interpolation-transpose sends=48 bytes=2644512 collective_rank_calls=8
AMG setup messages level=0 phase=A*P sends=72 bytes=13533952 collective_rank_calls=8
AMG setup messages level=0 phase=R*(A*P) sends=144 bytes=18855632 collective_rank_calls=8
AMG setup messages level=1 phase=strength sends=0 bytes=0 collective_rank_calls=8
AMG setup messages level=1 phase=strength-transpose sends=48 bytes=6572988 collective_rank_calls=8
AMG setup messages level=1 phase=PMIS sends=960 bytes=11215576 collective_rank_calls=80
AMG setup messages level=1 phase=numbering sends=0 bytes=0 collective_rank_calls=8
AMG setup messages level=1 phase=interpolation sends=288 bytes=7897360 collective_rank_calls=8
AMG setup messages level=1 phase=interpolation-transpose sends=49 bytes=2390320 collective_rank_calls=8
AMG setup messages level=1 phase=A*P sends=156 bytes=13127184 collective_rank_calls=8
AMG setup messages level=1 phase=R*(A*P) sends=147 bytes=34865008 collective_rank_calls=8
AMG setup messages level=2 phase=strength sends=0 bytes=0 collective_rank_calls=8
AMG setup messages level=2 phase=strength-transpose sends=54 bytes=2709568 collective_rank_calls=8
AMG setup messages level=2 phase=PMIS sends=1188 bytes=3887696 collective_rank_calls=88
AMG setup messages level=2 phase=numbering sends=0 bytes=0 collective_rank_calls=8
AMG setup messages level=2 phase=interpolation sends=318 bytes=2816252 collective_rank_calls=8
AMG setup messages level=2 phase=interpolation-transpose sends=50 bytes=693312 collective_rank_calls=8
AMG setup messages level=2 phase=A*P sends=168 bytes=5226784 collective_rank_calls=8
AMG setup messages level=2 phase=R*(A*P) sends=150 bytes=16373440 collective_rank_calls=8
AMG setup messages level=3 phase=strength sends=0 bytes=0 collective_rank_calls=8
AMG setup messages level=3 phase=strength-transpose sends=50 bytes=635948 collective_rank_calls=8
AMG setup messages level=3 phase=PMIS sends=920 bytes=828720 collective_rank_calls=72
AMG setup messages level=3 phase=numbering sends=0 bytes=0 collective_rank_calls=8
AMG setup messages level=3 phase=interpolation sends=300 bytes=663828 collective_rank_calls=8
AMG setup messages level=3 phase=interpolation-transpose sends=49 bytes=186320 collective_rank_calls=8
AMG setup messages level=3 phase=A*P sends=168 bytes=1739152 collective_rank_calls=8
AMG setup messages level=3 phase=R*(A*P) sends=147 bytes=4941936 collective_rank_calls=8
AMG setup messages level=4 phase=strength sends=0 bytes=0 collective_rank_calls=8
AMG setup messages level=4 phase=strength-transpose sends=48 bytes=119368 collective_rank_calls=8
AMG setup messages level=4 phase=PMIS sends=768 bytes=197604 collective_rank_calls=64
AMG setup messages level=4 phase=numbering sends=0 bytes=0 collective_rank_calls=8
AMG setup messages level=4 phase=interpolation sends=279 bytes=123084 collective_rank_calls=8
AMG setup messages level=4 phase=interpolation-transpose sends=45 bytes=54752 collective_rank_calls=8
AMG setup messages level=4 phase=A*P sends=168 bytes=545328 collective_rank_calls=8
AMG setup messages level=4 phase=R*(A*P) sends=135 bytes=1222672 collective_rank_calls=8
AMG setup messages level=5 phase=strength sends=0 bytes=0 collective_rank_calls=8
AMG setup messages level=5 phase=strength-transpose sends=47 bytes=29668 collective_rank_calls=8
AMG setup messages level=5 phase=PMIS sends=585 bytes=48052 collective_rank_calls=48
AMG setup messages level=5 phase=numbering sends=0 bytes=0 collective_rank_calls=8
AMG setup messages level=5 phase=interpolation sends=279 bytes=24244 collective_rank_calls=8
AMG setup messages level=5 phase=interpolation-transpose sends=35 bytes=24368 collective_rank_calls=8
AMG setup messages level=5 phase=A*P sends=168 bytes=199520 collective_rank_calls=8
AMG setup messages level=5 phase=R*(A*P) sends=105 bytes=412224 collective_rank_calls=8
AMG setup messages level=6 phase=strength sends=0 bytes=0 collective_rank_calls=8
AMG setup messages level=6 phase=strength-transpose sends=37 bytes=13724 collective_rank_calls=8
AMG setup messages level=6 phase=PMIS sends=266 bytes=20072 collective_rank_calls=24
AMG setup messages level=6 phase=numbering sends=0 bytes=0 collective_rank_calls=8
AMG setup messages level=6 phase=interpolation sends=186 bytes=3624 collective_rank_calls=8
AMG setup messages level=6 phase=interpolation-transpose sends=14 bytes=12064 collective_rank_calls=8
AMG setup messages level=6 phase=A*P sends=162 bytes=86944 collective_rank_calls=8
AMG setup messages level=6 phase=R*(A*P) sends=42 bytes=41776 collective_rank_calls=8
AMG setup messages level=7 phase=strength sends=0 bytes=0 collective_rank_calls=8
AMG setup messages level=7 phase=strength-transpose sends=8 bytes=748 collective_rank_calls=8
AMG setup messages level=7 phase=PMIS sends=50 bytes=972 collective_rank_calls=16
AMG setup messages level=7 phase=numbering sends=0 bytes=0 collective_rank_calls=8
AMG setup messages level=7 phase=interpolation sends=33 bytes=256 collective_rank_calls=8
AMG setup messages level=7 phase=interpolation-transpose sends=4 bytes=464 collective_rank_calls=8
AMG setup messages level=7 phase=A*P sends=48 bytes=1664 collective_rank_calls=8
AMG setup messages level=7 phase=R*(A*P) sends=12 bytes=672 collective_rank_calls=8
GMRES: iter = 0, residual = 1913.808438, 1 (rel.)
GMRES: iter = 1, residual = 699.1132619, 0.3652994982 (rel.)
GMRES: iter = 2, residual = 91.6619029, 0.04789502496 (rel.)
GMRES: Solve Time = 1.095408027
The cloud-layer FLD system Newton 2: residual=91.66190252, GMRES rtol=0.002064540057
AMG setup messages level=0 phase=strength sends=0 bytes=0 collective_rank_calls=8
AMG setup messages level=0 phase=strength-transpose sends=24 bytes=5818112 collective_rank_calls=8
AMG setup messages level=0 phase=PMIS sends=432 bytes=16675840 collective_rank_calls=72
AMG setup messages level=0 phase=numbering sends=0 bytes=0 collective_rank_calls=8
AMG setup messages level=0 phase=interpolation sends=144 bytes=7924048 collective_rank_calls=8
AMG setup messages level=0 phase=interpolation-transpose sends=48 bytes=2644640 collective_rank_calls=8
AMG setup messages level=0 phase=A*P sends=72 bytes=13528496 collective_rank_calls=8
AMG setup messages level=0 phase=R*(A*P) sends=144 bytes=18819984 collective_rank_calls=8
AMG setup messages level=1 phase=strength sends=0 bytes=0 collective_rank_calls=8
AMG setup messages level=1 phase=strength-transpose sends=48 bytes=6582388 collective_rank_calls=8
AMG setup messages level=1 phase=PMIS sends=960 bytes=11231844 collective_rank_calls=80
AMG setup messages level=1 phase=numbering sends=0 bytes=0 collective_rank_calls=8
AMG setup messages level=1 phase=interpolation sends=288 bytes=7901156 collective_rank_calls=8
AMG setup messages level=1 phase=interpolation-transpose sends=48 bytes=2388672 collective_rank_calls=8
AMG setup messages level=1 phase=A*P sends=150 bytes=13133456 collective_rank_calls=8
AMG setup messages level=1 phase=R*(A*P) sends=144 bytes=34940608 collective_rank_calls=8
AMG setup messages level=2 phase=strength sends=0 bytes=0 collective_rank_calls=8
AMG setup messages level=2 phase=strength-transpose sends=52 bytes=2719668 collective_rank_calls=8
AMG setup messages level=2 phase=PMIS sends=1144 bytes=3908760 collective_rank_calls=88
AMG setup messages level=2 phase=numbering sends=0 bytes=0 collective_rank_calls=8
AMG setup messages level=2 phase=interpolation sends=309 bytes=2834160 collective_rank_calls=8
AMG setup messages level=2 phase=interpolation-transpose sends=49 bytes=695600 collective_rank_calls=8
AMG setup messages level=2 phase=A*P sends=168 bytes=5263488 collective_rank_calls=8
AMG setup messages level=2 phase=R*(A*P) sends=147 bytes=16466112 collective_rank_calls=8
AMG setup messages level=3 phase=strength sends=0 bytes=0 collective_rank_calls=8
AMG setup messages level=3 phase=strength-transpose sends=52 bytes=637324 collective_rank_calls=8
AMG setup messages level=3 phase=PMIS sends=936 bytes=826464 collective_rank_calls=72
AMG setup messages level=3 phase=numbering sends=0 bytes=0 collective_rank_calls=8
AMG setup messages level=3 phase=interpolation sends=312 bytes=667772 collective_rank_calls=8
AMG setup messages level=3 phase=interpolation-transpose sends=46 bytes=181296 collective_rank_calls=8
AMG setup messages level=3 phase=A*P sends=168 bytes=1732784 collective_rank_calls=8
AMG setup messages level=3 phase=R*(A*P) sends=138 bytes=4748448 collective_rank_calls=8
AMG setup messages level=4 phase=strength sends=0 bytes=0 collective_rank_calls=8
AMG setup messages level=4 phase=strength-transpose sends=48 bytes=121280 collective_rank_calls=8
AMG setup messages level=4 phase=PMIS sends=672 bytes=179488 collective_rank_calls=56
AMG setup messages level=4 phase=numbering sends=0 bytes=0 collective_rank_calls=8
AMG setup messages level=4 phase=interpolation sends=288 bytes=124256 collective_rank_calls=8
AMG setup messages level=4 phase=interpolation-transpose sends=44 bytes=54480 collective_rank_calls=8
AMG setup messages level=4 phase=A*P sends=168 bytes=551888 collective_rank_calls=8
AMG setup messages level=4 phase=R*(A*P) sends=132 bytes=1192864 collective_rank_calls=8
AMG setup messages level=5 phase=strength sends=0 bytes=0 collective_rank_calls=8
AMG setup messages level=5 phase=strength-transpose sends=48 bytes=28336 collective_rank_calls=8
AMG setup messages level=5 phase=PMIS sends=576 bytes=45692 collective_rank_calls=48
AMG setup messages level=5 phase=numbering sends=0 bytes=0 collective_rank_calls=8
AMG setup messages level=5 phase=interpolation sends=288 bytes=23484 collective_rank_calls=8
AMG setup messages level=5 phase=interpolation-transpose sends=41 bytes=24224 collective_rank_calls=8
AMG setup messages level=5 phase=A*P sends=168 bytes=184128 collective_rank_calls=8
AMG setup messages level=5 phase=R*(A*P) sends=123 bytes=470624 collective_rank_calls=8
AMG setup messages level=6 phase=strength sends=0 bytes=0 collective_rank_calls=8
AMG setup messages level=6 phase=strength-transpose sends=42 bytes=14056 collective_rank_calls=8
AMG setup messages level=6 phase=PMIS sends=386 bytes=27436 collective_rank_calls=32
AMG setup messages level=6 phase=numbering sends=0 bytes=0 collective_rank_calls=8
AMG setup messages level=6 phase=interpolation sends=207 bytes=2952 collective_rank_calls=8
AMG setup messages level=6 phase=interpolation-transpose sends=17 bytes=11216 collective_rank_calls=8
AMG setup messages level=6 phase=A*P sends=168 bytes=99104 collective_rank_calls=8
AMG setup messages level=6 phase=R*(A*P) sends=51 bytes=44096 collective_rank_calls=8
AMG setup messages level=7 phase=strength sends=0 bytes=0 collective_rank_calls=8
AMG setup messages level=7 phase=strength-transpose sends=9 bytes=804 collective_rank_calls=8
AMG setup messages level=7 phase=PMIS sends=51 bytes=996 collective_rank_calls=16
AMG setup messages level=7 phase=numbering sends=0 bytes=0 collective_rank_calls=8
AMG setup messages level=7 phase=interpolation sends=36 bytes=276 collective_rank_calls=8
AMG setup messages level=7 phase=interpolation-transpose sends=4 bytes=464 collective_rank_calls=8
AMG setup messages level=7 phase=A*P sends=54 bytes=2208 collective_rank_calls=8
AMG setup messages level=7 phase=R*(A*P) sends=12 bytes=672 collective_rank_calls=8
GMRES: iter = 0, residual = 119.7056056, 1 (rel.)
GMRES: iter = 1, residual = 36.08742184, 0.3014681031 (rel.)
GMRES: iter = 2, residual = 5.536349945, 0.04624971336 (rel.)
GMRES: iter = 3, residual = 0.8002049691, 0.006684774411 (rel.)
GMRES: iter = 4, residual = 0.183986483, 0.001536991372 (rel.)
GMRES: Solve Time = 2.171171884
The cloud-layer FLD system Newton 3: residual=0.1839867504, GMRES rtol=0.0001
AMG setup messages level=0 phase=strength sends=0 bytes=0 collective_rank_calls=8
AMG setup messages level=0 phase=strength-transpose sends=24 bytes=5818112 collective_rank_calls=8
AMG setup messages level=0 phase=PMIS sends=432 bytes=16675840 collective_rank_calls=72
AMG setup messages level=0 phase=numbering sends=0 bytes=0 collective_rank_calls=8
AMG setup messages level=0 phase=interpolation sends=144 bytes=7930256 collective_rank_calls=8
AMG setup messages level=0 phase=interpolation-transpose sends=48 bytes=2646624 collective_rank_calls=8
AMG setup messages level=0 phase=A*P sends=72 bytes=13538944 collective_rank_calls=8
AMG setup messages level=0 phase=R*(A*P) sends=144 bytes=18877936 collective_rank_calls=8
AMG setup messages level=1 phase=strength sends=0 bytes=0 collective_rank_calls=8
AMG setup messages level=1 phase=strength-transpose sends=48 bytes=6575868 collective_rank_calls=8
AMG setup messages level=1 phase=PMIS sends=1248 bytes=14256320 collective_rank_calls=104
AMG setup messages level=1 phase=numbering sends=0 bytes=0 collective_rank_calls=8
AMG setup messages level=1 phase=interpolation sends=288 bytes=7900384 collective_rank_calls=8
AMG setup messages level=1 phase=interpolation-transpose sends=49 bytes=2382096 collective_rank_calls=8
AMG setup messages level=1 phase=A*P sends=156 bytes=13116000 collective_rank_calls=8
AMG setup messages level=1 phase=R*(A*P) sends=147 bytes=34836656 collective_rank_calls=8
AMG setup messages level=2 phase=strength sends=0 bytes=0 collective_rank_calls=8
AMG setup messages level=2 phase=strength-transpose sends=52 bytes=2719740 collective_rank_calls=8
AMG setup messages level=2 phase=PMIS sends=1144 bytes=3895872 collective_rank_calls=88
AMG setup messages level=2 phase=numbering sends=0 bytes=0 collective_rank_calls=8
AMG setup messages level=2 phase=interpolation sends=312 bytes=2819932 collective_rank_calls=8
AMG setup messages level=2 phase=interpolation-transpose sends=49 bytes=705232 collective_rank_calls=8
AMG setup messages level=2 phase=A*P sends=168 bytes=5232944 collective_rank_calls=8
AMG setup messages level=2 phase=R*(A*P) sends=147 bytes=16522752 collective_rank_calls=8
AMG setup messages level=3 phase=strength sends=0 bytes=0 collective_rank_calls=8
AMG setup messages level=3 phase=strength-transpose sends=50 bytes=631680 collective_rank_calls=8
AMG setup messages level=3 phase=PMIS sends=900 bytes=827696 collective_rank_calls=72
AMG setup messages level=3 phase=numbering sends=0 bytes=0 collective_rank_calls=8
AMG setup messages level=3 phase=interpolation sends=300 bytes=655404 collective_rank_calls=8
AMG setup messages level=3 phase=interpolation-transpose sends=48 bytes=183936 collective_rank_calls=8
AMG setup messages level=3 phase=A*P sends=168 bytes=1750864 collective_rank_calls=8
AMG setup messages level=3 phase=R*(A*P) sends=144 bytes=4753968 collective_rank_calls=8
AMG setup messages level=4 phase=strength sends=0 bytes=0 collective_rank_calls=8
AMG setup messages level=4 phase=strength-transpose sends=48 bytes=113188 collective_rank_calls=8
AMG setup messages level=4 phase=PMIS sends=768 bytes=188732 collective_rank_calls=64
AMG setup messages level=4 phase=numbering sends=0 bytes=0 collective_rank_calls=8
AMG setup messages level=4 phase=interpolation sends=288 bytes=111100 collective_rank_calls=8
AMG setup messages level=4 phase=interpolation-transpose sends=45 bytes=53712 collective_rank_calls=8
AMG setup messages level=4 phase=A*P sends=168 bytes=542848 collective_rank_calls=8
AMG setup messages level=4 phase=R*(A*P) sends=135 bytes=1226688 collective_rank_calls=8
AMG setup messages level=5 phase=strength sends=0 bytes=0 collective_rank_calls=8
AMG setup messages level=5 phase=strength-transpose sends=49 bytes=28388 collective_rank_calls=8
AMG setup messages level=5 phase=PMIS sends=508 bytes=40416 collective_rank_calls=40
AMG setup messages level=5 phase=numbering sends=0 bytes=0 collective_rank_calls=8
AMG setup messages level=5 phase=interpolation sends=279 bytes=21288 collective_rank_calls=8
AMG setup messages level=5 phase=interpolation-transpose sends=41 bytes=20752 collective_rank_calls=8
AMG setup messages level=5 phase=A*P sends=168 bytes=183536 collective_rank_calls=8
AMG setup messages level=5 phase=R*(A*P) sends=123 bytes=482544 collective_rank_calls=8
AMG setup messages level=6 phase=strength sends=0 bytes=0 collective_rank_calls=8
AMG setup messages level=6 phase=strength-transpose sends=37 bytes=15892 collective_rank_calls=8
AMG setup messages level=6 phase=PMIS sends=282 bytes=26808 collective_rank_calls=24
AMG setup messages level=6 phase=numbering sends=0 bytes=0 collective_rank_calls=8
AMG setup messages level=6 phase=interpolation sends=180 bytes=2840 collective_rank_calls=8
AMG setup messages level=6 phase=interpolation-transpose sends=14 bytes=9280 collective_rank_calls=8
AMG setup messages level=6 phase=A*P sends=168 bytes=94864 collective_rank_calls=8
AMG setup messages level=6 phase=R*(A*P) sends=42 bytes=50704 collective_rank_calls=8
AMG setup messages level=7 phase=strength sends=0 bytes=0 collective_rank_calls=8
AMG setup messages level=7 phase=strength-transpose sends=10 bytes=2408 collective_rank_calls=8
AMG setup messages level=7 phase=PMIS sends=64 bytes=3680 collective_rank_calls=16
AMG setup messages level=7 phase=numbering sends=0 bytes=0 collective_rank_calls=8
AMG setup messages level=7 phase=interpolation sends=42 bytes=328 collective_rank_calls=8
AMG setup messages level=7 phase=interpolation-transpose sends=5 bytes=1552 collective_rank_calls=8
AMG setup messages level=7 phase=A*P sends=54 bytes=5824 collective_rank_calls=8
AMG setup messages level=7 phase=R*(A*P) sends=15 bytes=2784 collective_rank_calls=8
GMRES: iter = 0, residual = 0.1852905156, 1 (rel.)
GMRES: iter = 1, residual = 0.07049356812, 0.3804488745 (rel.)
GMRES: iter = 2, residual = 0.0124694333, 0.06729666256 (rel.)
GMRES: iter = 3, residual = 0.002153279518, 0.0116210995 (rel.)
GMRES: iter = 4, residual = 0.00034845828, 0.001880605053 (rel.)
GMRES: iter = 5, residual = 4.979703183e-05, 0.0002687511105 (rel.)
GMRES: iter = 6, residual = 9.391230932e-06, 5.068381887e-05 (rel.)
GMRES: Solve Time = 3.24910171
The cloud-layer FLD system Newton 4: residual=9.430644665e-06, GMRES rtol=0.0001
AMG setup messages level=0 phase=strength sends=0 bytes=0 collective_rank_calls=8
AMG setup messages level=0 phase=strength-transpose sends=24 bytes=5818112 collective_rank_calls=8
AMG setup messages level=0 phase=PMIS sends=432 bytes=16675840 collective_rank_calls=72
AMG setup messages level=0 phase=numbering sends=0 bytes=0 collective_rank_calls=8
AMG setup messages level=0 phase=interpolation sends=144 bytes=7925888 collective_rank_calls=8
AMG setup messages level=0 phase=interpolation-transpose sends=48 bytes=2648192 collective_rank_calls=8
AMG setup messages level=0 phase=A*P sends=72 bytes=13532320 collective_rank_calls=8
AMG setup messages level=0 phase=R*(A*P) sends=144 bytes=18835744 collective_rank_calls=8
AMG setup messages level=1 phase=strength sends=0 bytes=0 collective_rank_calls=8
AMG setup messages level=1 phase=strength-transpose sends=49 bytes=6570216 collective_rank_calls=8
AMG setup messages level=1 phase=PMIS sends=1090 bytes=12221392 collective_rank_calls=88
AMG setup messages level=1 phase=numbering sends=0 bytes=0 collective_rank_calls=8
AMG setup messages level=1 phase=interpolation sends=294 bytes=7878296 collective_rank_calls=8
AMG setup messages level=1 phase=interpolation-transpose sends=48 bytes=2392656 collective_rank_calls=8
AMG setup messages level=1 phase=A*P sends=156 bytes=13122464 collective_rank_calls=8
AMG setup messages level=1 phase=R*(A*P) sends=144 bytes=34945952 collective_rank_calls=8
AMG setup messages level=2 phase=strength sends=0 bytes=0 collective_rank_calls=8
AMG setup messages level=2 phase=strength-transpose sends=54 bytes=2717384 collective_rank_calls=8
AMG setup messages level=2 phase=PMIS sends=1080 bytes=3566056 collective_rank_calls=80
AMG setup messages level=2 phase=numbering sends=0 bytes=0 collective_rank_calls=8
AMG setup messages level=2 phase=interpolation sends=324 bytes=2825704 collective_rank_calls=8
AMG setup messages level=2 phase=interpolation-transpose sends=49 bytes=694112 collective_rank_calls=8
AMG setup messages level=2 phase=A*P sends=168 bytes=5233072 collective_rank_calls=8
AMG setup messages level=2 phase=R*(A*P) sends=147 bytes=16385296 collective_rank_calls=8
AMG setup messages level=3 phase=strength sends=0 bytes=0 collective_rank_calls=8
AMG setup messages level=3 phase=strength-transpose sends=51 bytes=637648 collective_rank_calls=8
AMG setup messages level=3 phase=PMIS sends=948 bytes=832736 collective_rank_calls=72
AMG setup messages level=3 phase=numbering sends=0 bytes=0 collective_rank_calls=8
AMG setup messages level=3 phase=interpolation sends=306 bytes=660680 collective_rank_calls=8
AMG setup messages level=3 phase=interpolation-transpose sends=49 bytes=190800 collective_rank_calls=8
AMG setup messages level=3 phase=A*P sends=168 bytes=1753680 collective_rank_calls=8
AMG setup messages level=3 phase=R*(A*P) sends=147 bytes=4856976 collective_rank_calls=8
AMG setup messages level=4 phase=strength sends=0 bytes=0 collective_rank_calls=8
AMG setup messages level=4 phase=strength-transpose sends=49 bytes=117708 collective_rank_calls=8
AMG setup messages level=4 phase=PMIS sends=793 bytes=194760 collective_rank_calls=64
AMG setup messages level=4 phase=numbering sends=0 bytes=0 collective_rank_calls=8
AMG setup messages level=4 phase=interpolation sends=282 bytes=116800 collective_rank_calls=8
AMG setup messages level=4 phase=interpolation-transpose sends=47 bytes=54848 collective_rank_calls=8
AMG setup messages level=4 phase=A*P sends=168 bytes=541392 collective_rank_calls=8
AMG setup messages level=4 phase=R*(A*P) sends=141 bytes=1209584 collective_rank_calls=8
AMG setup messages level=5 phase=strength sends=0 bytes=0 collective_rank_calls=8
AMG setup messages level=5 phase=strength-transpose sends=45 bytes=25604 collective_rank_calls=8
AMG setup messages level=5 phase=PMIS sends=654 bytes=48360 collective_rank_calls=56
AMG setup messages level=5 phase=numbering sends=0 bytes=0 collective_rank_calls=8
AMG setup messages level=5 phase=interpolation sends=267 bytes=20724 collective_rank_calls=8
AMG setup messages level=5 phase=interpolation-transpose sends=38 bytes=19968 collective_rank_calls=8
AMG setup messages level=5 phase=A*P sends=168 bytes=181408 collective_rank_calls=8
AMG setup messages level=5 phase=R*(A*P) sends=114 bytes=364832 collective_rank_calls=8
AMG setup messages level=6 phase=strength sends=0 bytes=0 collective_rank_calls=8
AMG setup messages level=6 phase=strength-transpose sends=31 bytes=15864 collective_rank_calls=8
AMG setup messages level=6 phase=PMIS sends=230 bytes=20128 collective_rank_calls=24
AMG setup messages level=6 phase=numbering sends=0 bytes=0 collective_rank_calls=8
AMG setup messages level=6 phase=interpolation sends=153 bytes=2864 collective_rank_calls=8
AMG setup messages level=6 phase=interpolation-transpose sends=16 bytes=14864 collective_rank_calls=8
AMG setup messages level=6 phase=A*P sends=168 bytes=103200 collective_rank_calls=8
AMG setup messages level=6 phase=R*(A*P) sends=48 bytes=51232 collective_rank_calls=8
AMG setup messages level=7 phase=strength sends=0 bytes=0 collective_rank_calls=8
AMG setup messages level=7 phase=strength-transpose sends=7 bytes=1216 collective_rank_calls=8
AMG setup messages level=7 phase=PMIS sends=43 bytes=1088 collective_rank_calls=16
AMG setup messages level=7 phase=numbering sends=0 bytes=0 collective_rank_calls=8
AMG setup messages level=7 phase=interpolation sends=42 bytes=464 collective_rank_calls=8
AMG setup messages level=7 phase=interpolation-transpose sends=5 bytes=688 collective_rank_calls=8
AMG setup messages level=7 phase=A*P sends=72 bytes=3552 collective_rank_calls=8
AMG setup messages level=7 phase=R*(A*P) sends=15 bytes=1056 collective_rank_calls=8
GMRES: iter = 0, residual = 9.430663222e-06, 1 (rel.)
GMRES: iter = 1, residual = 3.180567397e-06, 0.3372580827 (rel.)
GMRES: iter = 2, residual = 4.872052936e-07, 0.05166182718 (rel.)
GMRES: iter = 3, residual = 7.74180824e-08, 0.008209187474 (rel.)
GMRES: iter = 4, residual = 1.213549876e-08, 0.001286812865 (rel.)
GMRES: iter = 5, residual = 1.671882668e-09, 0.0001772815579 (rel.)
GMRES: iter = 6, residual = 3.574953741e-10, 3.790776594e-05 (rel.)
GMRES: Solve Time = 3.245026504
FLD cloud AMR Newton-Krylov iterations=5/19, change=1.47639086e-09, residual=3.150142287e-09, transmission=0.9991030241
FLD 3-D Penrose cloud: case=amr, fine_n=256, opacity contrast=100000, cells=4390912, limiter=off, mixed cells=260568, cloudy volume relative error=0, transmission=0.9991030241, balance error=3.333659286e-16, Newton/Krylov iterations=5/19, nonlinear residual=3.150142287e-09, E range=[1.998219418,2.001780582], whole-case wall=13.14813091 s, preconditioner=amg, AMG backend=native, linear iterations=19, max true relative residual=0, aggregate setup=1.981236655 s, aggregate solve=0 s


TinyProfiler total time across processes [min...avg...max]: 13.14 ... 13.14 ... 13.15

-------------------------------------------------------------------------------------------
Name                                        NCalls  Excl. Min  Excl. Avg  Excl. Max   Max %
-------------------------------------------------------------------------------------------
SpMatrix::finishComm_mv::recv_wait            1819      4.018      5.482       6.54  49.74%
SpMV                                          2280      1.523      2.423       3.76  28.60%
SpMatrix::finishComm_mv::send_wait            1819     0.4237     0.7069       1.03   7.84%
FLD::composite_residual_without_assembly        25      1.013      1.016      1.018   7.74%
SpGEMM                                         120     0.5117     0.5171     0.5223   3.97%
SpMatrix::define_split                         280     0.4692     0.4734     0.4775   3.63%
FLD::composite_topology                          1     0.3449     0.3487      0.352   2.68%
FLD::composite_assembly                          5     0.3134     0.3147     0.3159   2.40%
FabArray::setVal()                            1014      0.176      0.184     0.1892   1.44%
FLD::MLABecLapAMG::precondition                 24     0.1729      0.176     0.1783   1.36%
SpMatrix::startComm_tr                          80     0.1436      0.148     0.1519   1.16%
FLD::residual::local_rows                       25     0.1392     0.1399     0.1405   1.07%
FLD::MLABecLapAMG::residualWithoutAssembly      25     0.1391     0.1394     0.1398   1.06%
SpMatrix::finishComm_tr                         80     0.1128     0.1156     0.1179   0.90%
SpMatrix::finishComm_mv::cleanup              1920    0.09039    0.09617     0.1073   0.82%
amrex::Copy()                                  862    0.08664    0.08846       0.09   0.68%
FillBoundary_finish()                          239    0.03382    0.05697    0.08602   0.65%
AMG::build_interp_mm                            40    0.06272    0.06305    0.06426   0.49%
SpMatrix::startComm_mv                        2280    0.05316    0.05706    0.06129   0.47%
FLD::residual::fine_b_start                     25    0.04782    0.05074    0.05373   0.41%
AMG::create_soc                                 40     0.0472    0.04785    0.04859   0.37%
FabArray::ParallelCopy_nowait()                851    0.03821    0.04127    0.04474   0.34%
SpMatrix::prepare_comm_mv                     2414    0.02758    0.03393    0.03829   0.29%
SpMatrix::split_csr                           3010    0.03574    0.03667    0.03754   0.29%
SpMatrix::gatherRemote                         374     0.0341    0.03441    0.03492   0.27%
FabArray::ParallelCopy_finish()                851    0.01575    0.02408    0.03299   0.25%
AMG::setup                                       5    0.01888    0.02529    0.02938   0.22%
FillBoundary_nowait()                          239    0.02606    0.02712    0.02853   0.22%
SpMatrix::preparePairHalo                       40    0.02175    0.02427    0.02666   0.20%
FLD::MLABecLapAMG::assemble                      5    0.02321    0.02379    0.02437   0.19%
SpMatrix::transpose                             80    0.02172    0.02225    0.02311   0.18%
SpMatrix::gather_pair_plan                     294    0.02155    0.02176    0.02195   0.17%
GMRES::GramSchmidt::batched_dots                38    0.01464    0.01717    0.02033   0.15%
ChebyshevSmoother                              408    0.01585    0.01711    0.01844   0.14%
AMG::truncate_interp                            40     0.0168    0.01691    0.01716   0.13%
AMG::pmis                                       40    0.01278    0.01298    0.01328   0.10%
SpMatrix::finishComm_mv::unpack               1920    0.01012    0.01085    0.01186   0.09%
FLD::assembly::fine_b_start                      5    0.01035    0.01075    0.01127   0.09%
DistributionMapping::LeastUsedCPUs()             3  5.472e-05    0.00623    0.01102   0.08%
FLD::run_cloud                                   1   0.007514   0.008601    0.01021   0.08%
FLD::cloud_linearized_residual                  19   0.007202   0.008094   0.009004   0.07%
SpMatrix::trim_remote_rows                     266   0.008412   0.008663   0.008944   0.07%
FabArray::Saxpy()                              348   0.007543    0.00766   0.007823   0.06%
FLD::compute_diffusion                          31   0.006018   0.006516   0.007044   0.05%
amrex::average_down                             57     0.0044   0.004582    0.00489   0.04%
SpMatrix::gatherRemotePair                     294   0.004475    0.00466   0.004852   0.04%
FLD::cloud_field_initialization                  1   0.003572   0.003744   0.003965   0.03%
FLD::NewtonKrylov::line_search                   5   0.001747   0.002608   0.003852   0.03%
GMRES::cycle()                                   5    0.00335   0.003451   0.003547   0.03%
FLD::cloud_newton_prepare                        5   0.002583   0.002808   0.003066   0.02%
FillPatchInterp(Fab)                            63  3.482e-05   0.001438   0.002931   0.02%
FLD::NewtonKrylov::Jacobian_action              19   0.002709   0.002799   0.002906   0.02%
FLD::cloud_residual                              6   0.002262   0.002554   0.002845   0.02%
FLD::residual::fine_b_pack                      25   0.001877   0.002351   0.002829   0.02%
SpMatrix::finishComm_mv                       2280   0.002477   0.002596    0.00272   0.02%
FLD::NewtonKrylov::solve                         1   0.002068   0.002262   0.002623   0.02%
CellConservativeLinear::interp()                31          0  0.0009248   0.001994   0.02%
FLD::cloud_setup                                 1   0.001513   0.001752   0.001932   0.01%
FabArray::mult()                                86   0.001724   0.001745    0.00179   0.01%
AMG::vcycle                                     24  0.0008623  0.0009608   0.001055   0.01%
FillPatchTwoLevels                              63  0.0005548  0.0007959   0.001042   0.01%
GMRES::solve()                                   5  0.0004475  0.0004803  0.0005314   0.00%
FabArray::ParallelCopy()                       801  0.0003591  0.0003784  0.0004071   0.00%
FLD::cloud_postprocessing                        1  0.0003101  0.0003239  0.0003341   0.00%
FabArrayBase::getCPC()                         291    0.00026  0.0002752  0.0002864   0.00%
FabArray::FillBoundary()                       239  0.0001503  0.0001547  0.0001625   0.00%
FLD::cloud_extinction_ghost_fill                 1  0.0001302  0.0001428  0.0001572   0.00%
AMG::vcycle::level=0 residual                   24  0.0001054  0.0001192  0.0001327   0.00%
AMG::vcycle::level=1 residual                   24  9.192e-05  0.0001058  0.0001177   0.00%
FLD::cloud_hierarchy                             1  8.943e-05  9.503e-05  0.0001043   0.00%
AMG::vcycle::level=2 residual                   24  8.007e-05  9.035e-05  0.0001026   0.00%
AMG::vcycle::level=7 residual                   24  4.522e-05  6.599e-05  9.774e-05   0.00%
AMG::vcycle::level=3 residual                   24  7.723e-05  8.595e-05  9.636e-05   0.00%
AMG::vcycle::level=4 residual                   24  7.636e-05  8.504e-05   9.45e-05   0.00%
AMG::vcycle::level=6 residual                   24  7.567e-05  8.459e-05  9.448e-05   0.00%
AMG::vcycle::level=5 residual                   24  7.556e-05   8.54e-05  9.336e-05   0.00%
FillPatchSingleLevel                           126  6.044e-05  6.548e-05  7.123e-05   0.00%
GMRES::GramSchmidt                              19  5.885e-05   6.28e-05  6.594e-05   0.00%
FLD::cloud_precondition                         24  5.369e-05  5.821e-05   6.51e-05   0.00%
FLD::MLABecLapAMG::preconditioner_cycle         24  4.807e-05  5.855e-05  6.486e-05   0.00%
amrex::average_down_w_geom                      57  5.097e-05  5.459e-05  5.879e-05   0.00%
AMG::vcycle::level=0 pre_smooth                 24   3.33e-05  3.937e-05  4.649e-05   0.00%
FLD::residual::stage_state                      50  3.466e-05    3.9e-05   4.64e-05   0.00%
AMG::vcycle::level=1 pre_smooth                 24  2.369e-05  2.958e-05  3.522e-05   0.00%
FLD::residual::fine_state_finish                25  2.299e-05  2.639e-05  2.895e-05   0.00%
AMG::vcycle::level=4 pre_smooth                 24  2.025e-05  2.284e-05  2.771e-05   0.00%
AMG::vcycle::level=2 pre_smooth                 24  2.317e-05  2.536e-05    2.7e-05   0.00%
AMG::bottom_solve                               24  2.059e-05  2.281e-05   2.65e-05   0.00%
AMG::vcycle::level=5 pre_smooth                 24  1.796e-05  2.151e-05  2.626e-05   0.00%
AMG::vcycle::level=7 pre_smooth                 24  1.688e-05  2.115e-05  2.579e-05   0.00%
AMG::vcycle::level=8 bottom_solve               24  1.937e-05  2.261e-05  2.513e-05   0.00%
AMG::vcycle::level=3 pre_smooth                 24   2.06e-05   2.24e-05  2.511e-05   0.00%
AMG::vcycle::level=3 post_smooth                24  1.644e-05  1.835e-05  2.452e-05   0.00%
GMRES:build_solution()                           5  1.935e-05   2.14e-05  2.408e-05   0.00%
FLD::residual::coarse_state_finish              25  1.975e-05  2.192e-05  2.333e-05   0.00%
AMG::vcycle::level=4 post_smooth                24  1.586e-05   1.87e-05   2.27e-05   0.00%
AMG::vcycle::level=6 pre_smooth                 24  1.923e-05  2.015e-05   2.23e-05   0.00%
AMG::vcycle::level=2 post_smooth                24  1.696e-05  1.864e-05  2.215e-05   0.00%
FLD::residual::coarse_state_start               25  1.481e-05  1.948e-05  2.158e-05   0.00%
FLD::residual::fine_state_start                 25  1.437e-05  1.759e-05  2.126e-05   0.00%
AMG::vcycle::level=3 restrict                   24  1.481e-05  1.724e-05  2.049e-05   0.00%
AMG::vcycle::level=2 restrict                   24  1.479e-05  1.701e-05  2.047e-05   0.00%
AMG::vcycle::level=1 restrict                   24  1.635e-05  1.837e-05  2.045e-05   0.00%
AMG::vcycle::level=1 post_smooth                24  1.639e-05  1.847e-05  2.037e-05   0.00%
DistributionMapping::SFCProcessorMapDoIt()       2  1.574e-05  1.685e-05  1.986e-05   0.00%
AMG::vcycle::level=0 prolong                    24  1.494e-05  1.682e-05  1.983e-05   0.00%
AMG::vcycle::level=0 post_smooth                24  1.696e-05  1.857e-05  1.979e-05   0.00%
AMG::vcycle::level=5 prolong                    24  1.541e-05  1.628e-05  1.962e-05   0.00%
AMG::vcycle::level=5 post_smooth                24  1.579e-05  1.741e-05  1.874e-05   0.00%
AMG::vcycle::level=4 prolong                    24  1.381e-05  1.606e-05  1.861e-05   0.00%
AMG::vcycle::level=1 prolong                    24  1.581e-05  1.675e-05  1.857e-05   0.00%
AMG::vcycle::level=6 restrict                   24  1.453e-05  1.658e-05  1.837e-05   0.00%
AMG::vcycle::level=6 post_smooth                24  1.454e-05  1.659e-05  1.823e-05   0.00%
AMG::vcycle::level=3 prolong                    24  1.537e-05  1.662e-05  1.816e-05   0.00%
AMG::vcycle::level=6 prolong                    24  1.194e-05  1.435e-05   1.79e-05   0.00%
AMG::vcycle::level=0 restrict                   24  1.459e-05  1.604e-05  1.771e-05   0.00%
AMG::vcycle::level=2 prolong                    24  1.442e-05  1.583e-05  1.713e-05   0.00%
AMG::vcycle::level=5 restrict                   24  1.425e-05  1.518e-05  1.657e-05   0.00%
AMG::vcycle::level=7 post_smooth                24  1.087e-05  1.332e-05  1.624e-05   0.00%
AMG::vcycle::level=4 restrict                   24  1.439e-05  1.546e-05  1.619e-05   0.00%
AMG::vcycle::level=7 restrict                   24  1.008e-05  1.345e-05  1.588e-05   0.00%
AMG::vcycle::level=7 prolong                    24  8.346e-06   1.01e-05  1.106e-05   0.00%
FLD::NewtonKrylov::prepare                       5   5.54e-06  6.182e-06  7.522e-06   0.00%
FLD::NewtonKrylov::linear_solve                  5  4.398e-06  4.894e-06  5.309e-06   0.00%
Other                                          944   0.004644   0.006259   0.008076   0.06%
-------------------------------------------------------------------------------------------

-------------------------------------------------------------------------------------------
Name                                        NCalls  Incl. Min  Incl. Avg  Incl. Max   Max %
-------------------------------------------------------------------------------------------
FLD::run_cloud                                   1      13.14      13.14      13.15  99.99%
FLD::NewtonKrylov::solve                         1      12.75      12.75      12.75  96.94%
FLD::NewtonKrylov::linear_solve                  5      10.34      10.34      10.34  78.65%
GMRES::solve()                                   5      10.34      10.34      10.34  78.65%
GMRES::cycle()                                   5      10.34      10.34      10.34  78.65%
FLD::cloud_precondition                         24      9.059      9.059      9.059  68.90%
FLD::MLABecLapAMG::precondition                 24      9.058      9.058      9.058  68.89%
FLD::MLABecLapAMG::preconditioner_cycle         24      8.782      8.804      8.823  67.10%
AMG::vcycle                                     24      8.782      8.804      8.823  67.10%
SpMV                                          2280      8.763      8.784      8.803  66.95%
SpMatrix::finishComm_mv                       2280      4.977      6.298      7.202  54.77%
SpMatrix::finishComm_mv::recv_wait            1819      4.018      5.482       6.54  49.74%
ChebyshevSmoother                              408      5.043      5.448      5.751  43.74%
GMRES:build_solution()                           5      2.277      2.277      2.278  17.32%
FLD::NewtonKrylov::prepare                       5      1.994      1.994      1.994  15.17%
FLD::cloud_newton_prepare                        5      1.994      1.994      1.994  15.17%
FLD::MLABecLapAMG::assemble                      5      1.981      1.982      1.982  15.07%
AMG::vcycle::level=6 prolong                    24     0.1235     0.8625      1.647  12.53%
FLD::MLABecLapAMG::residualWithoutAssembly      25      1.601      1.606       1.61  12.25%
AMG::setup                                       5      1.599      1.601      1.602  12.18%
AMG::vcycle::level=7 prolong                    24      0.626      1.018       1.48  11.26%
FLD::composite_residual_without_assembly        25      1.446      1.452      1.456  11.08%
FLD::NewtonKrylov::Jacobian_action              19      1.252      1.255      1.257   9.56%
FLD::cloud_linearized_residual                  19      1.245      1.248      1.251   9.51%
SpMatrix::finishComm_mv::send_wait            1819     0.4237     0.7069       1.03   7.84%
SpGEMM                                         120     0.8731     0.8766     0.8816   6.70%
AMG::vcycle::level=0 post_smooth                24     0.5154     0.5321     0.5569   4.24%
AMG::vcycle::level=8 bottom_solve               24  0.0003535     0.1865      0.522   3.97%
AMG::bottom_solve                               24  0.0003339     0.1865      0.522   3.97%
AMG::vcycle::level=2 post_smooth                24     0.4578     0.4775     0.5163   3.93%
AMG::vcycle::level=1 post_smooth                24     0.4757     0.4901     0.5042   3.83%
SpMatrix::define_split                         280     0.4774     0.4818     0.4862   3.70%
AMG::vcycle::level=4 post_smooth                24     0.4597     0.4713     0.4845   3.68%
AMG::vcycle::level=3 post_smooth                24     0.4372     0.4514      0.474   3.61%
AMG::vcycle::level=5 post_smooth                24     0.4299      0.448     0.4706   3.58%
AMG::vcycle::level=7 post_smooth                24     0.1768      0.308     0.4303   3.27%
AMG::vcycle::level=6 post_smooth                24     0.4252     0.4262     0.4301   3.27%
FLD::cloud_residual                              6     0.4026     0.4039     0.4048   3.08%
FLD::cloud_setup                                 1     0.3785     0.3846     0.3894   2.96%
AMG::vcycle::level=7 pre_smooth                 24      0.167     0.2603     0.3839   2.92%
FLD::composite_topology                          1     0.3638     0.3676     0.3709   2.82%
AMG::build_interp_mm                            40     0.3638     0.3654     0.3675   2.79%
AMG::vcycle::level=6 pre_smooth                 24     0.2981     0.3197      0.351   2.67%
FLD::composite_assembly                          5     0.3389     0.3399     0.3415   2.60%
FLD::NewtonKrylov::line_search                   5     0.3298     0.3299     0.3299   2.51%
AMG::vcycle::level=5 pre_smooth                 24     0.2801     0.2961     0.3111   2.37%
AMG::vcycle::level=0 pre_smooth                 24     0.3054     0.3066      0.308   2.34%
SpMatrix::transpose                             80     0.2823     0.2859     0.2891   2.20%
AMG::vcycle::level=4 pre_smooth                 24     0.2567     0.2777     0.2882   2.19%
FabArray::setVal()                            1014      0.176      0.184     0.1892   1.44%
AMG::vcycle::level=0 prolong                    24     0.1349     0.1528     0.1643   1.25%
SpMatrix::startComm_tr                          80     0.1436      0.148     0.1519   1.16%
FLD::residual::local_rows                       25     0.1392     0.1399     0.1405   1.07%
AMG::vcycle::level=5 prolong                    24    0.08747      0.115     0.1318   1.00%
AMG::vcycle::level=4 prolong                    24    0.08226     0.1026     0.1267   0.96%
AMG::vcycle::level=7 residual                   24    0.04068    0.07842     0.1213   0.92%
AMG::create_soc                                 40     0.1173     0.1187     0.1199   0.91%
FabArray::ParallelCopy_nowait()                851     0.1112     0.1153      0.119   0.90%
AMG::vcycle::level=1 pre_smooth                 24     0.1182     0.1185     0.1188   0.90%
FabArray::ParallelCopy()                       801     0.1094     0.1136     0.1186   0.90%
SpMatrix::finishComm_tr                         80     0.1128     0.1156     0.1179   0.90%
AMG::vcycle::level=1 prolong                    24    0.07234     0.1024     0.1167   0.89%
FabArray::FillBoundary()                       239    0.06286    0.08459     0.1126   0.86%
AMG::vcycle::level=2 prolong                    24    0.07336    0.09765     0.1084   0.82%
SpMatrix::finishComm_mv::cleanup              1920    0.09039    0.09617     0.1073   0.82%
AMG::vcycle::level=3 prolong                    24    0.06631    0.08519     0.1065   0.81%
AMG::vcycle::level=6 residual                   24     0.1008     0.1015     0.1043   0.79%
AMG::vcycle::level=5 residual                   24    0.09403    0.09853    0.09931   0.76%
AMG::vcycle::level=4 residual                   24     0.0776    0.08757    0.09926   0.75%
AMG::vcycle::level=5 restrict                   24    0.04488    0.07663    0.09789   0.74%
AMG::vcycle::level=4 restrict                   24    0.06049    0.07996    0.09709   0.74%
amrex::Copy()                                  862    0.08664    0.08846       0.09   0.68%
AMG::pmis                                       40     0.0845    0.08719    0.08981   0.68%
FillBoundary_finish()                          239    0.03382    0.05697    0.08602   0.65%
AMG::vcycle::level=0 residual                   24     0.0844    0.08448    0.08466   0.64%
AMG::vcycle::level=3 restrict                   24    0.01709    0.04005    0.07209   0.55%
SpMatrix::startComm_mv                        2280    0.05898    0.06217     0.0653   0.50%
AMG::vcycle::level=6 restrict                   24   0.003608    0.03071    0.06079   0.46%
FLD::residual::fine_b_start                     25    0.04971    0.05309    0.05649   0.43%
AMG::vcycle::level=2 pre_smooth                 24    0.04366    0.04417    0.04459   0.34%
AMG::truncate_interp                            40    0.03743    0.03808    0.03893   0.30%
SpMatrix::prepare_comm_mv                     2414     0.0276    0.03395    0.03831   0.29%
AMG::vcycle::level=1 residual                   24    0.03759    0.03798    0.03828   0.29%
SpMatrix::split_csr                           3010    0.03596    0.03689    0.03776   0.29%
AMG::vcycle::level=3 pre_smooth                 24    0.03322    0.03424    0.03574   0.27%
SpMatrix::gatherRemote                         374    0.03417    0.03448    0.03499   0.27%
AMG::vcycle::level=0 restrict                   24    0.03455    0.03464    0.03476   0.26%
AMG::vcycle::level=7 restrict                   24  0.0002582    0.01413    0.03465   0.26%
FabArray::ParallelCopy_finish()                851    0.01575    0.02408    0.03299   0.25%
FLD::residual::stage_state                      50    0.02864    0.02953    0.03039   0.23%
FillBoundary_nowait()                          239    0.02642    0.02747    0.02889   0.22%
FLD::compute_diffusion                          31    0.02669    0.02706     0.0275   0.21%
SpMatrix::gatherRemotePair                     294     0.0261    0.02642    0.02677   0.20%
SpMatrix::preparePairHalo                       40    0.02175    0.02427    0.02666   0.20%
GMRES::GramSchmidt                              19    0.01926    0.02185    0.02508   0.19%
FLD::assembly::fine_b_start                      5    0.02355    0.02419    0.02472   0.19%
FillPatchTwoLevels                              63    0.02374    0.02425    0.02464   0.19%
SpMatrix::gather_pair_plan                     294    0.02155    0.02176    0.02195   0.17%
AMG::vcycle::level=3 residual                   24    0.01143    0.01661    0.02122   0.16%
GMRES::GramSchmidt::batched_dots                38    0.01464    0.01717    0.02033   0.15%
AMG::vcycle::level=2 residual                   24     0.0141    0.01423    0.01438   0.11%
FLD::residual::fine_state_start                 25    0.01321    0.01388    0.01435   0.11%
AMG::vcycle::level=1 restrict                   24     0.0127    0.01292    0.01314   0.10%
FillPatchSingleLevel                           126    0.01102    0.01141    0.01192   0.09%
SpMatrix::finishComm_mv::unpack               1920    0.01012    0.01085    0.01186   0.09%
FLD::cloud_hierarchy                             1  0.0001743   0.006316     0.0111   0.08%
DistributionMapping::LeastUsedCPUs()             3  5.472e-05    0.00623    0.01102   0.08%
DistributionMapping::SFCProcessorMapDoIt()       2  5.891e-05   0.006209    0.01099   0.08%
AMG::vcycle::level=2 restrict                   24   0.009866    0.01017    0.01071   0.08%
FLD::residual::coarse_state_finish              25   0.005166   0.007382    0.01017   0.08%
SpMatrix::trim_remote_rows                     266   0.008412   0.008663   0.008944   0.07%
FLD::cloud_extinction_ghost_fill                 1   0.001357   0.004619   0.008454   0.06%
FabArray::Saxpy()                              348   0.007543    0.00766   0.007823   0.06%
amrex::average_down_w_geom                      57   0.006232   0.006514   0.006975   0.05%
amrex::average_down                             57   0.006176   0.006459   0.006916   0.05%
FillPatchInterp(Fab)                            63  3.482e-05   0.002363   0.004782   0.04%
FLD::cloud_field_initialization                  1   0.003911    0.00408   0.004312   0.03%
FLD::residual::fine_state_finish                25   0.002376   0.002817   0.003624   0.03%
FLD::residual::fine_b_pack                      25   0.001877   0.002351   0.002829   0.02%
FLD::residual::coarse_state_start               25   0.001953   0.002129   0.002435   0.02%
FLD::cloud_postprocessing                        1   0.002107   0.002124   0.002149   0.02%
CellConservativeLinear::interp()                31          0  0.0009248   0.001994   0.02%
FabArrayBase::getCPC()                         291     0.0014   0.001664   0.001969   0.01%
FabArray::mult()                                86   0.001724   0.001745    0.00179   0.01%
Other                                          944   0.007257    0.00946    0.01179   0.09%
-------------------------------------------------------------------------------------------

Device Memory Usage:
------------------------------------------------------------------------------------------------------------------
Name                                Nalloc  AvgMem min  AvgMem avg  AvgMem max  MaxMem min  MaxMem avg  MaxMem max
------------------------------------------------------------------------------------------------------------------
The_Arena::Initialize()                  8      10 KiB      11 KiB      13 KiB      47 GiB      47 GiB      47 GiB
SpMatrix::define_split               20674     106 MiB     106 MiB     106 MiB     195 MiB     195 MiB     195 MiB
SpGEMM                               17633    1958 KiB    1991 KiB    2005 KiB     154 MiB     154 MiB     154 MiB
FLD::cloud_setup                      3016      93 MiB      93 MiB      93 MiB      97 MiB      97 MiB      97 MiB
SpMatrix::split_csr                    400      45 MiB      45 MiB      45 MiB      78 MiB      78 MiB      78 MiB
SpMatrix::transpose                   2891      26 MiB      26 MiB      26 MiB      67 MiB      67 MiB      67 MiB
FLD::MLABecLapAMG::assemble            120      79 KiB      82 KiB      84 KiB      62 MiB      62 MiB      62 MiB
AMG::build_interp_mm                  4061     321 KiB     323 KiB     325 KiB      52 MiB      52 MiB      52 MiB
AMG::create_soc                       1876      56 KiB      56 KiB      57 KiB      35 MiB      35 MiB      35 MiB
ResizeRandomSeed                         8      34 MiB      34 MiB      34 MiB      34 MiB      34 MiB      34 MiB
AMG::truncate_interp                  2494      32 KiB      32 KiB      33 KiB      33 MiB      33 MiB      33 MiB
FLD::NewtonKrylov::solve              2536      20 MiB      20 MiB      20 MiB      28 MiB      28 MiB      28 MiB
SpMatrix::trim_remote_rows           11862      11 MiB      11 MiB      11 MiB      28 MiB      28 MiB      28 MiB
ChebyshevSmoother                     1261      18 MiB      18 MiB      18 MiB      22 MiB      22 MiB      22 MiB
AMG::setup                            2184      19 MiB      19 MiB      19 MiB      22 MiB      22 MiB      22 MiB
GMRES::cycle()                        2096    8501 KiB    8502 KiB    8502 KiB      21 MiB      21 MiB      21 MiB
GMRES::solve()                        2720      13 MiB      13 MiB      13 MiB      17 MiB      17 MiB      17 MiB
AMG::pmis                             3268      60 KiB      62 KiB      64 KiB      12 MiB      12 MiB      12 MiB
FLD::MLABecLapAMG::precondition        384    5743 KiB    5744 KiB    5744 KiB    8611 KiB    8611 KiB    8611 KiB
SpMatrix::startComm_tr                4904    8920   B    9365   B    9613   B    1750 KiB    1760 KiB    1765 KiB
SpMatrix::finishComm_tr               2730     719 KiB     726 KiB     732 KiB    1037 KiB    1041 KiB    1046 KiB
SpMatrix::prepare_comm_mv             1147     707 KiB     711 KiB     714 KiB     818 KiB     823 KiB     826 KiB
SpMatrix::preparePairHalo             1194    5002   B    5053   B    5070   B     621 KiB     621 KiB     622 KiB
SpMatrix::gatherRemotePair            1194     811   B     829   B     853   B     620 KiB     620 KiB     620 KiB
SpMatrix::gatherRemote                1236    9565   B    9623   B    9675   B     515 KiB     516 KiB     518 KiB
FLD::cloud_postprocessing               16       9   B       9   B      10   B     440 KiB     440 KiB     440 KiB
FillPatchTwoLevels                     504       0   B     151   B     309   B       0   B     154 KiB     308 KiB
iMultiFab::sum()                        48     259   B     259   B     259   B     220 KiB     220 KiB     220 KiB
GMRES::GramSchmidt::batched_dots       896     172   B     188   B     207   B     220 KiB     220 KiB     220 KiB
FLD::compute_diffusion                 248      54   B      57   B      61   B     220 KiB     220 KiB     220 KiB
FLD::cloud_newton_prepare               40      10   B      10   B      11   B     220 KiB     220 KiB     220 KiB
FLD::NewtonKrylov::line_search          80      21   B      35   B      56   B     220 KiB     220 KiB     220 KiB
FLD::NewtonKrylov::Jacobian_action     152      42   B      43   B      45   B     220 KiB     220 KiB     220 KiB
SpMatrix::gather_pair_plan            2330      89   B      94   B      99   B     208 KiB     208 KiB     208 KiB
FabArray::ParallelCopy_finish()        804      46 KiB      83 KiB     100 KiB      71 KiB     146 KiB     181 KiB
FillBoundary_nowait()                  264     141 KiB     141 KiB     141 KiB     156 KiB     156 KiB     156 KiB
amrex::average_down                   7784    7295   B    7296   B    7299   B     137 KiB     137 KiB     137 KiB
FabArray::ParallelCopy_nowait()       2676      53 KiB      53 KiB      53 KiB     104 KiB     104 KiB     104 KiB
FillBoundary_finish()                  176      73 KiB      73 KiB      73 KiB      81 KiB      81 KiB      81 KiB
FabArray::setVal()                    1000      49 KiB      49 KiB      49 KiB      57 KiB      57 KiB      57 KiB
CellConservativeLinear::interp()       504       0   B       6   B      12   B       0   B      24 KiB      48 KiB
amrex::Copy()                          352      33 KiB      33 KiB      33 KiB      43 KiB      43 KiB      43 KiB
FLD::composite_topology                  8       0   B       0   B       0   B    5120   B    5120   B    5120   B
FabArray::LinComb()                     40    1628   B    1628   B    1628   B    2048   B    2048   B    2048   B
------------------------------------------------------------------------------------------------------------------

Async Memory Usage:
------------------------------------------------------------------------------------------------------
Name                    Nalloc  AvgMem min  AvgMem avg  AvgMem max  MaxMem min  MaxMem avg  MaxMem max
------------------------------------------------------------------------------------------------------
SpMatrix::transpose        556      16 KiB      16 KiB      16 KiB      36 MiB      36 MiB      36 MiB
SpMatrix::startComm_tr    3065    4641   B    4939   B    5129   B    1058 KiB    1065 KiB    1068 KiB
amrex::average_down       7296      25   B      26   B      28   B      64 KiB      64 KiB      64 KiB
------------------------------------------------------------------------------------------------------

Managed Memory Usage:
---------------------------------------------------------------------------------------------------------------
Name                             Nalloc  AvgMem min  AvgMem avg  AvgMem max  MaxMem min  MaxMem avg  MaxMem max
---------------------------------------------------------------------------------------------------------------
The_Managed_Arena::Initialize()       8       0   B       0   B       0   B    8192 KiB    8192 KiB    8192 KiB
---------------------------------------------------------------------------------------------------------------

Pinned Memory Usage:
--------------------------------------------------------------------------------------------------------------------------
Name                                        Nalloc  AvgMem min  AvgMem avg  AvgMem max  MaxMem min  MaxMem avg  MaxMem max
--------------------------------------------------------------------------------------------------------------------------
FLD::composite_assembly                        184      58 MiB      58 MiB      58 MiB     119 MiB     119 MiB     119 MiB
FLD::composite_residual_without_assembly      1392     103 MiB     103 MiB     103 MiB     109 MiB     109 MiB     109 MiB
FLD::composite_topology                        664      44 MiB      44 MiB      44 MiB      74 MiB      74 MiB      74 MiB
FLD::MLABecLapAMG::assemble                   4760    4526 KiB    4527 KiB    4528 KiB      30 MiB      30 MiB      30 MiB
FLD::MLABecLapAMG::precondition               6912      11 MiB      11 MiB      11 MiB      16 MiB      16 MiB      16 MiB
The_Pinned_Arena::Initialize()                   8       0   B       0   B       0   B    8192 KiB    8192 KiB    8192 KiB
FLD::MLABecLapAMG::residualWithoutAssembly     136    4108 KiB    4109 KiB    4109 KiB    4352 KiB    4352 KiB    4352 KiB
SpGEMM                                        3680      22 KiB      22 KiB      23 KiB    2222 KiB    2254 KiB    2283 KiB
SpMatrix::finishComm_tr                       4914    7348   B    7523   B    7655   B    1487 KiB    1496 KiB    1503 KiB
SpMatrix::define_split                        4222    3643   B    3695   B    3770   B     723 KiB     731 KiB     738 KiB
SpMatrix::startComm_tr                        1839    9014   B    9089   B    9251   B     680 KiB     684 KiB     686 KiB
SpMatrix::preparePairHalo                     1194     235   B     271   B     290   B     621 KiB     621 KiB     622 KiB
FLD::assembly::fine_b_plan                     384     372 KiB     372 KiB     372 KiB     396 KiB     396 KiB     396 KiB
FLD::residual::fine_b_plan                     384     375 KiB     375 KiB     375 KiB     396 KiB     396 KiB     396 KiB
SpMatrix::prepare_comm_mv                     1147      19   B      23   B      30   B     208 KiB     208 KiB     208 KiB
FabArray::ParallelCopy_finish()                804      46 KiB      83 KiB     100 KiB      71 KiB     146 KiB     181 KiB
FillBoundary_nowait()                          264     141 KiB     141 KiB     141 KiB     156 KiB     156 KiB     156 KiB
FabArray::ParallelCopy_nowait()               2676      53 KiB      53 KiB      53 KiB     104 KiB     104 KiB     104 KiB
SpMatrix::split_csr                             80      44   B      45   B      48   B     104 KiB     104 KiB     104 KiB
FillBoundary_finish()                          176      73 KiB      73 KiB      73 KiB      81 KiB      81 KiB      81 KiB
FabArray::setVal()                            1000      49 KiB      49 KiB      49 KiB      57 KiB      57 KiB      57 KiB
amrex::Copy()                                  352      33 KiB      33 KiB      33 KiB      43 KiB      43 KiB      43 KiB
amrex::average_down                            488    7261   B    7261   B    7262   B    9472   B    9472   B    9472   B
FabArray::LinComb()                             40    1628   B    1628   B    1628   B    2048   B    2048   B    2048   B
FLD::cloud_setup                                24       0   B       0   B       0   B    1792   B    1792   B    1792   B
iMultiFab::sum()                                48     255   B     255   B     256   B     768   B     768   B     768   B
FLD::compute_diffusion                         248       0   B       0   B       0   B     256   B     256   B     256   B
GMRES::GramSchmidt::batched_dots               896       0   B       0   B       0   B     256   B     256   B     256   B
GMRES::cycle()                                 192       0   B       0   B       0   B     256   B     256   B     256   B
FLD::cloud_postprocessing                       16       0   B       0   B       0   B     256   B     256   B     256   B
FLD::cloud_newton_prepare                       40       0   B       0   B       0   B     256   B     256   B     256   B
FLD::NewtonKrylov::solve                        88       0   B       0   B       0   B     256   B     256   B     256   B
FLD::NewtonKrylov::line_search                  80       0   B       0   B       0   B     256   B     256   B     256   B
FLD::NewtonKrylov::Jacobian_action             152       0   B       0   B       0   B     256   B     256   B     256   B
CellConservativeLinear::interp()               252       0   B       0   B       0   B       0   B     128   B     256   B
AMG::truncate_interp                           629       0   B       0   B       0   B     256   B     256   B     256   B
SpMatrix::trim_remote_rows                    2134       0   B       0   B       0   B     256   B     256   B     256   B
AMG::setup                                     629       0   B       0   B       0   B     256   B     256   B     256   B
AMG::pmis                                     2032       0   B       0   B       0   B     256   B     256   B     256   B
AMG::create_soc                                320       0   B       0   B       0   B     256   B     256   B     256   B
AMG::build_interp_mm                           949       0   B       0   B       0   B     256   B     256   B     256   B
--------------------------------------------------------------------------------------------------------------------------

Comms Memory Usage:
---------------------------------------------------------------------------------------------------------------
Name                             Nalloc  AvgMem min  AvgMem avg  AvgMem max  MaxMem min  MaxMem avg  MaxMem max
---------------------------------------------------------------------------------------------------------------
The_Comms_Arena::Initialize()         8       0   B       0   B       0   B    8192 KiB    8192 KiB    8192 KiB
SpGEMM                             2646      31 KiB      32 KiB      33 KiB    6122 KiB    6155 KiB    6180 KiB
FillBoundary_nowait()              3824     673   B     795   B     927   B     912 KiB     912 KiB     912 KiB
FabArray::ParallelCopy_nowait()    3144      10 KiB      10 KiB      10 KiB     483 KiB     483 KiB     483 KiB
SpMatrix::gather_pair_plan         4660     196   B     206   B     213   B     408 KiB     408 KiB     408 KiB
SpMatrix::startComm_mv            29104      55 KiB      56 KiB      56 KiB     408 KiB     408 KiB     408 KiB
SpMatrix::gatherRemote             5807     186   B     187   B     188   B     406 KiB     406 KiB     406 KiB
---------------------------------------------------------------------------------------------------------------

Total GPU global memory (MB) spread across MPI: [65520 ... 65520]
Free  GPU global memory (MB) spread across MPI: [15962 ... 15962]
[The         Arena] max space (MB) allocated spread across MPI: [49140 ... 49140]
[The         Arena] max space (MB) used      spread across MPI: [487 ... 488]
[The Managed Arena] max space (MB) allocated spread across MPI: [8 ... 8]
[The Managed Arena] max space (MB) used      spread across MPI: [0 ... 0]
[The  Pinned Arena] max space (MB) allocated spread across MPI: [405 ... 405]
[The  Pinned Arena] max space (MB) used      spread across MPI: [310 ... 310]
[The   Comms Arena] max space (MB) allocated spread across MPI: [8 ... 8]
[The   Comms Arena] max space (MB) used      spread across MPI: [5 ... 6]
AMReX (26.09-216-g49f8465e6225) finalized
