Initializing AMReX (26.09-216-g49f8465e6225)...
MPI initialized with 512 MPI processes
MPI initialized with thread support level 0
Initializing HIP...
HIP initialized with 512 devices.
AMReX (26.09-216-g49f8465e6225) initialized
FLD residual face transfers per evaluation: separate sends=3312, packed sends=2320, payload bytes=6527385600
The cloud-layer FLD system Newton 0: residual=50341.56308, GMRES rtol=0.5
FLD assembly face transfers per assembly: separate sends=3312, packed sends=2320, payload bytes=6527385600
AMG setup messages level=0 phase=strength sends=0 bytes=0 collective_rank_calls=512
AMG setup messages level=0 phase=strength-transpose sends=3648 bytes=578178480 collective_rank_calls=512
AMG setup messages level=0 phase=PMIS sends=75072 bytes=1854389072 collective_rank_calls=5120
AMG setup messages level=0 phase=numbering sends=0 bytes=0 collective_rank_calls=512
AMG setup messages level=0 phase=interpolation sends=21888 bytes=774070240 collective_rank_calls=512
AMG setup messages level=0 phase=interpolation-transpose sends=10162 bytes=253635520 collective_rank_calls=512
AMG setup messages level=0 phase=A*P sends=11520 bytes=1434858384 collective_rank_calls=512
AMG setup messages level=0 phase=R*(A*P) sends=30486 bytes=1881619072 collective_rank_calls=512
AMG setup messages level=1 phase=strength sends=0 bytes=0 collective_rank_calls=512
AMG setup messages level=1 phase=strength-transpose sends=11224 bytes=698600048 collective_rank_calls=512
AMG setup messages level=1 phase=PMIS sends=270416 bytes=1376362508 collective_rank_calls=6144
AMG setup messages level=1 phase=numbering sends=0 bytes=0 collective_rank_calls=512
AMG setup messages level=1 phase=interpolation sends=66834 bytes=799540720 collective_rank_calls=512
AMG setup messages level=1 phase=interpolation-transpose sends=10906 bytes=249779760 collective_rank_calls=512
AMG setup messages level=1 phase=A*P sends=38052 bytes=1343442448 collective_rank_calls=512
AMG setup messages level=1 phase=R*(A*P) sends=32718 bytes=3649867328 collective_rank_calls=512
AMG setup messages level=2 phase=strength sends=0 bytes=0 collective_rank_calls=512
AMG setup messages level=2 phase=strength-transpose sends=12701 bytes=313634116 collective_rank_calls=512
AMG setup messages level=2 phase=PMIS sends=307021 bytes=454733584 collective_rank_calls=6144
AMG setup messages level=2 phase=numbering sends=0 bytes=0 collective_rank_calls=512
AMG setup messages level=2 phase=interpolation sends=75126 bytes=309746504 collective_rank_calls=512
AMG setup messages level=2 phase=interpolation-transpose sends=11034 bytes=72241984 collective_rank_calls=512
AMG setup messages level=2 phase=A*P sends=43260 bytes=530772992 collective_rank_calls=512
AMG setup messages level=2 phase=R*(A*P) sends=33102 bytes=1620301856 collective_rank_calls=512
AMG setup messages level=3 phase=strength sends=0 bytes=0 collective_rank_calls=512
AMG setup messages level=3 phase=strength-transpose sends=12978 bytes=81619064 collective_rank_calls=512
AMG setup messages level=3 phase=PMIS sends=287460 bytes=107366032 collective_rank_calls=5632
AMG setup messages level=3 phase=numbering sends=0 bytes=0 collective_rank_calls=512
AMG setup messages level=3 phase=interpolation sends=76791 bytes=81948408 collective_rank_calls=512
AMG setup messages level=3 phase=interpolation-transpose sends=10399 bytes=17409648 collective_rank_calls=512
AMG setup messages level=3 phase=A*P sends=43536 bytes=156562144 collective_rank_calls=512
AMG setup messages level=3 phase=R*(A*P) sends=31197 bytes=460132448 collective_rank_calls=512
AMG setup messages level=4 phase=strength sends=0 bytes=0 collective_rank_calls=512
AMG setup messages level=4 phase=strength-transpose sends=12958 bytes=17310844 collective_rank_calls=512
AMG setup messages level=4 phase=PMIS sends=287596 bytes=27126240 collective_rank_calls=5632
AMG setup messages level=4 phase=numbering sends=0 bytes=0 collective_rank_calls=512
AMG setup messages level=4 phase=interpolation sends=76539 bytes=20081392 collective_rank_calls=512
AMG setup messages level=4 phase=interpolation-transpose sends=8796 bytes=4045776 collective_rank_calls=512
AMG setup messages level=4 phase=A*P sends=54516 bytes=49217696 collective_rank_calls=512
AMG setup messages level=4 phase=R*(A*P) sends=26388 bytes=112669344 collective_rank_calls=512
AMG setup messages level=5 phase=strength sends=0 bytes=0 collective_rank_calls=512
AMG setup messages level=5 phase=strength-transpose sends=13438 bytes=3385796 collective_rank_calls=512
AMG setup messages level=5 phase=PMIS sends=281498 bytes=6878848 collective_rank_calls=5120
AMG setup messages level=5 phase=numbering sends=0 bytes=0 collective_rank_calls=512
AMG setup messages level=5 phase=interpolation sends=75726 bytes=4619168 collective_rank_calls=512
AMG setup messages level=5 phase=interpolation-transpose sends=6210 bytes=1049904 collective_rank_calls=512
AMG setup messages level=5 phase=A*P sends=96024 bytes=19057968 collective_rank_calls=512
AMG setup messages level=5 phase=R*(A*P) sends=18630 bytes=25981216 collective_rank_calls=512
AMG setup messages level=6 phase=strength sends=0 bytes=0 collective_rank_calls=512
AMG setup messages level=6 phase=strength-transpose sends=8274 bytes=655632 collective_rank_calls=512
AMG setup messages level=6 phase=PMIS sends=170852 bytes=1638912 collective_rank_calls=4608
AMG setup messages level=6 phase=numbering sends=0 bytes=0 collective_rank_calls=512
AMG setup messages level=6 phase=interpolation sends=43776 bytes=808988 collective_rank_calls=512
AMG setup messages level=6 phase=interpolation-transpose sends=2888 bytes=276624 collective_rank_calls=512
AMG setup messages level=6 phase=A*P sends=111078 bytes=6927008 collective_rank_calls=512
AMG setup messages level=6 phase=R*(A*P) sends=8664 bytes=4942336 collective_rank_calls=512
AMG setup messages level=7 phase=strength sends=0 bytes=0 collective_rank_calls=512
AMG setup messages level=7 phase=strength-transpose sends=2058 bytes=131572 collective_rank_calls=512
AMG setup messages level=7 phase=PMIS sends=29940 bytes=252752 collective_rank_calls=2560
AMG setup messages level=7 phase=numbering sends=0 bytes=0 collective_rank_calls=512
AMG setup messages level=7 phase=interpolation sends=9963 bytes=120668 collective_rank_calls=512
AMG setup messages level=7 phase=interpolation-transpose sends=969 bytes=79008 collective_rank_calls=512
AMG setup messages level=7 phase=A*P sends=40320 bytes=1713920 collective_rank_calls=512
AMG setup messages level=7 phase=R*(A*P) sends=2907 bytes=718368 collective_rank_calls=512
AMG setup messages level=8 phase=strength sends=0 bytes=0 collective_rank_calls=512
AMG setup messages level=8 phase=strength-transpose sends=551 bytes=40308 collective_rank_calls=512
AMG setup messages level=8 phase=PMIS sends=3779 bytes=50412 collective_rank_calls=1024
AMG setup messages level=8 phase=numbering sends=0 bytes=0 collective_rank_calls=512
AMG setup messages level=8 phase=interpolation sends=2862 bytes=23988 collective_rank_calls=512
AMG setup messages level=8 phase=interpolation-transpose sends=143 bytes=12464 collective_rank_calls=512
AMG setup messages level=8 phase=A*P sends=5034 bytes=118080 collective_rank_calls=512
AMG setup messages level=8 phase=R*(A*P) sends=429 bytes=15776 collective_rank_calls=512
GMRES: iter = 0, residual = 13448.9331, 1 (rel.)
GMRES: iter = 1, residual = 3662.745542, 0.2723446919 (rel.)
GMRES: Solve Time = 0.698862253
The cloud-layer FLD system Newton 1: residual=3662.745538, GMRES rtol=0.225
AMG setup messages level=0 phase=strength sends=0 bytes=0 collective_rank_calls=512
AMG setup messages level=0 phase=strength-transpose sends=3648 bytes=578178480 collective_rank_calls=512
AMG setup messages level=0 phase=PMIS sends=75072 bytes=1854389072 collective_rank_calls=5120
AMG setup messages level=0 phase=numbering sends=0 bytes=0 collective_rank_calls=512
AMG setup messages level=0 phase=interpolation sends=21888 bytes=773978192 collective_rank_calls=512
AMG setup messages level=0 phase=interpolation-transpose sends=10173 bytes=253719568 collective_rank_calls=512
AMG setup messages level=0 phase=A*P sends=11520 bytes=1434854944 collective_rank_calls=512
AMG setup messages level=0 phase=R*(A*P) sends=30519 bytes=1882184384 collective_rank_calls=512
AMG setup messages level=1 phase=strength sends=0 bytes=0 collective_rank_calls=512
AMG setup messages level=1 phase=strength-transpose sends=11194 bytes=698524780 collective_rank_calls=512
AMG setup messages level=1 phase=PMIS sends=269462 bytes=1376336472 collective_rank_calls=6144
AMG setup messages level=1 phase=numbering sends=0 bytes=0 collective_rank_calls=512
AMG setup messages level=1 phase=interpolation sends=66630 bytes=799446792 collective_rank_calls=512
AMG setup messages level=1 phase=interpolation-transpose sends=10899 bytes=249838976 collective_rank_calls=512
AMG setup messages level=1 phase=A*P sends=37776 bytes=1343524224 collective_rank_calls=512
AMG setup messages level=1 phase=R*(A*P) sends=32697 bytes=3650741504 collective_rank_calls=512
AMG setup messages level=2 phase=strength sends=0 bytes=0 collective_rank_calls=512
AMG setup messages level=2 phase=strength-transpose sends=12750 bytes=313638472 collective_rank_calls=512
AMG setup messages level=2 phase=PMIS sends=282396 bytes=419883976 collective_rank_calls=5632
AMG setup messages level=2 phase=numbering sends=0 bytes=0 collective_rank_calls=512
AMG setup messages level=2 phase=interpolation sends=75447 bytes=309636100 collective_rank_calls=512
AMG setup messages level=2 phase=interpolation-transpose sends=11069 bytes=72265280 collective_rank_calls=512
AMG setup messages level=2 phase=A*P sends=43266 bytes=530905024 collective_rank_calls=512
AMG setup messages level=2 phase=R*(A*P) sends=33207 bytes=1620213792 collective_rank_calls=512
AMG setup messages level=3 phase=strength sends=0 bytes=0 collective_rank_calls=512
AMG setup messages level=3 phase=strength-transpose sends=13041 bytes=81552112 collective_rank_calls=512
AMG setup messages level=3 phase=PMIS sends=262459 bytes=98342472 collective_rank_calls=5120
AMG setup messages level=3 phase=numbering sends=0 bytes=0 collective_rank_calls=512
AMG setup messages level=3 phase=interpolation sends=77130 bytes=81949332 collective_rank_calls=512
AMG setup messages level=3 phase=interpolation-transpose sends=10358 bytes=17322608 collective_rank_calls=512
AMG setup messages level=3 phase=A*P sends=43500 bytes=156348144 collective_rank_calls=512
AMG setup messages level=3 phase=R*(A*P) sends=31074 bytes=457640544 collective_rank_calls=512
AMG setup messages level=4 phase=strength sends=0 bytes=0 collective_rank_calls=512
AMG setup messages level=4 phase=strength-transpose sends=12843 bytes=17292196 collective_rank_calls=512
AMG setup messages level=4 phase=PMIS sends=337152 bytes=31541504 collective_rank_calls=6656
AMG setup messages level=4 phase=numbering sends=0 bytes=0 collective_rank_calls=512
AMG setup messages level=4 phase=interpolation sends=75828 bytes=20074944 collective_rank_calls=512
AMG setup messages level=4 phase=interpolation-transpose sends=8757 bytes=4019856 collective_rank_calls=512
AMG setup messages level=4 phase=A*P sends=54504 bytes=49281824 collective_rank_calls=512
AMG setup messages level=4 phase=R*(A*P) sends=26271 bytes=112707072 collective_rank_calls=512
AMG setup messages level=5 phase=strength sends=0 bytes=0 collective_rank_calls=512
AMG setup messages level=5 phase=strength-transpose sends=13332 bytes=3387768 collective_rank_calls=512
AMG setup messages level=5 phase=PMIS sends=222726 bytes=5670652 collective_rank_calls=4096
AMG setup messages level=5 phase=numbering sends=0 bytes=0 collective_rank_calls=512
AMG setup messages level=5 phase=interpolation sends=76197 bytes=4636204 collective_rank_calls=512
AMG setup messages level=5 phase=interpolation-transpose sends=6254 bytes=1045280 collective_rank_calls=512
AMG setup messages level=5 phase=A*P sends=93840 bytes=18912256 collective_rank_calls=512
AMG setup messages level=5 phase=R*(A*P) sends=18762 bytes=25773392 collective_rank_calls=512
AMG setup messages level=6 phase=strength sends=0 bytes=0 collective_rank_calls=512
AMG setup messages level=6 phase=strength-transpose sends=8292 bytes=647712 collective_rank_calls=512
AMG setup messages level=6 phase=PMIS sends=115254 bytes=1163844 collective_rank_calls=3072
AMG setup messages level=6 phase=numbering sends=0 bytes=0 collective_rank_calls=512
AMG setup messages level=6 phase=interpolation sends=43809 bytes=780064 collective_rank_calls=512
AMG setup messages level=6 phase=interpolation-transpose sends=2802 bytes=258736 collective_rank_calls=512
AMG setup messages level=6 phase=A*P sends=109980 bytes=6710096 collective_rank_calls=512
AMG setup messages level=6 phase=R*(A*P) sends=8406 bytes=4657360 collective_rank_calls=512
AMG setup messages level=7 phase=strength sends=0 bytes=0 collective_rank_calls=512
AMG setup messages level=7 phase=strength-transpose sends=1939 bytes=130800 collective_rank_calls=512
AMG setup messages level=7 phase=PMIS sends=23397 bytes=224532 collective_rank_calls=2048
AMG setup messages level=7 phase=numbering sends=0 bytes=0 collective_rank_calls=512
AMG setup messages level=7 phase=interpolation sends=8961 bytes=102324 collective_rank_calls=512
AMG setup messages level=7 phase=interpolation-transpose sends=916 bytes=76000 collective_rank_calls=512
AMG setup messages level=7 phase=A*P sends=38226 bytes=1622272 collective_rank_calls=512
AMG setup messages level=7 phase=R*(A*P) sends=2748 bytes=723744 collective_rank_calls=512
AMG setup messages level=8 phase=strength sends=0 bytes=0 collective_rank_calls=512
AMG setup messages level=8 phase=strength-transpose sends=520 bytes=38072 collective_rank_calls=512
AMG setup messages level=8 phase=PMIS sends=3598 bytes=47920 collective_rank_calls=1024
AMG setup messages level=8 phase=numbering sends=0 bytes=0 collective_rank_calls=512
AMG setup messages level=8 phase=interpolation sends=2616 bytes=21664 collective_rank_calls=512
AMG setup messages level=8 phase=interpolation-transpose sends=164 bytes=14416 collective_rank_calls=512
AMG setup messages level=8 phase=A*P sends=6522 bytes=150784 collective_rank_calls=512
AMG setup messages level=8 phase=R*(A*P) sends=492 bytes=18336 collective_rank_calls=512
GMRES: iter = 0, residual = 4620.342916, 1 (rel.)
GMRES: iter = 1, residual = 2320.989298, 0.50234135 (rel.)
GMRES: iter = 2, residual = 529.675478, 0.1146398628 (rel.)
GMRES: Solve Time = 1.262474979
The cloud-layer FLD system Newton 2: residual=529.6755038, GMRES rtol=0.01182806948
AMG setup messages level=0 phase=strength sends=0 bytes=0 collective_rank_calls=512
AMG setup messages level=0 phase=strength-transpose sends=3648 bytes=578178480 collective_rank_calls=512
AMG setup messages level=0 phase=PMIS sends=75072 bytes=1854389072 collective_rank_calls=5120
AMG setup messages level=0 phase=numbering sends=0 bytes=0 collective_rank_calls=512
AMG setup messages level=0 phase=interpolation sends=21888 bytes=773910624 collective_rank_calls=512
AMG setup messages level=0 phase=interpolation-transpose sends=10177 bytes=253681696 collective_rank_calls=512
AMG setup messages level=0 phase=A*P sends=11520 bytes=1434829920 collective_rank_calls=512
AMG setup messages level=0 phase=R*(A*P) sends=30531 bytes=1882077584 collective_rank_calls=512
AMG setup messages level=1 phase=strength sends=0 bytes=0 collective_rank_calls=512
AMG setup messages level=1 phase=strength-transpose sends=11246 bytes=698584864 collective_rank_calls=512
AMG setup messages level=1 phase=PMIS sends=270814 bytes=1376450428 collective_rank_calls=6144
AMG setup messages level=1 phase=numbering sends=0 bytes=0 collective_rank_calls=512
AMG setup messages level=1 phase=interpolation sends=66897 bytes=799608940 collective_rank_calls=512
AMG setup messages level=1 phase=interpolation-transpose sends=10922 bytes=249817296 collective_rank_calls=512
AMG setup messages level=1 phase=A*P sends=37890 bytes=1343375600 collective_rank_calls=512
AMG setup messages level=1 phase=R*(A*P) sends=32766 bytes=3649431680 collective_rank_calls=512
AMG setup messages level=2 phase=strength sends=0 bytes=0 collective_rank_calls=512
AMG setup messages level=2 phase=strength-transpose sends=12707 bytes=313648504 collective_rank_calls=512
AMG setup messages level=2 phase=PMIS sends=332160 bytes=489592128 collective_rank_calls=6656
AMG setup messages level=2 phase=numbering sends=0 bytes=0 collective_rank_calls=512
AMG setup messages level=2 phase=interpolation sends=75162 bytes=309744864 collective_rank_calls=512
AMG setup messages level=2 phase=interpolation-transpose sends=11012 bytes=72290176 collective_rank_calls=512
AMG setup messages level=2 phase=A*P sends=43320 bytes=530838736 collective_rank_calls=512
AMG setup messages level=2 phase=R*(A*P) sends=33036 bytes=1620892816 collective_rank_calls=512
AMG setup messages level=3 phase=strength sends=0 bytes=0 collective_rank_calls=512
AMG setup messages level=3 phase=strength-transpose sends=12985 bytes=81624612 collective_rank_calls=512
AMG setup messages level=3 phase=PMIS sends=287434 bytes=107383312 collective_rank_calls=5632
AMG setup messages level=3 phase=numbering sends=0 bytes=0 collective_rank_calls=512
AMG setup messages level=3 phase=interpolation sends=76953 bytes=82096948 collective_rank_calls=512
AMG setup messages level=3 phase=interpolation-transpose sends=10375 bytes=17336816 collective_rank_calls=512
AMG setup messages level=3 phase=A*P sends=43524 bytes=156474736 collective_rank_calls=512
AMG setup messages level=3 phase=R*(A*P) sends=31125 bytes=458942528 collective_rank_calls=512
AMG setup messages level=4 phase=strength sends=0 bytes=0 collective_rank_calls=512
AMG setup messages level=4 phase=strength-transpose sends=13019 bytes=17305132 collective_rank_calls=512
AMG setup messages level=4 phase=PMIS sends=289454 bytes=27144400 collective_rank_calls=5632
AMG setup messages level=4 phase=numbering sends=0 bytes=0 collective_rank_calls=512
AMG setup messages level=4 phase=interpolation sends=76812 bytes=20047180 collective_rank_calls=512
AMG setup messages level=4 phase=interpolation-transpose sends=8847 bytes=4030256 collective_rank_calls=512
AMG setup messages level=4 phase=A*P sends=54768 bytes=49258256 collective_rank_calls=512
AMG setup messages level=4 phase=R*(A*P) sends=26541 bytes=113278672 collective_rank_calls=512
AMG setup messages level=5 phase=strength sends=0 bytes=0 collective_rank_calls=512
AMG setup messages level=5 phase=strength-transpose sends=13591 bytes=3368212 collective_rank_calls=512
AMG setup messages level=5 phase=PMIS sends=227743 bytes=5659888 collective_rank_calls=4096
AMG setup messages level=5 phase=numbering sends=0 bytes=0 collective_rank_calls=512
AMG setup messages level=5 phase=interpolation sends=77004 bytes=4622920 collective_rank_calls=512
AMG setup messages level=5 phase=interpolation-transpose sends=6207 bytes=1036912 collective_rank_calls=512
AMG setup messages level=5 phase=A*P sends=95688 bytes=19002352 collective_rank_calls=512
AMG setup messages level=5 phase=R*(A*P) sends=18621 bytes=25260432 collective_rank_calls=512
AMG setup messages level=6 phase=strength sends=0 bytes=0 collective_rank_calls=512
AMG setup messages level=6 phase=strength-transpose sends=8037 bytes=637712 collective_rank_calls=512
AMG setup messages level=6 phase=PMIS sends=148221 bytes=1438184 collective_rank_calls=4096
AMG setup messages level=6 phase=numbering sends=0 bytes=0 collective_rank_calls=512
AMG setup messages level=6 phase=interpolation sends=42627 bytes=780164 collective_rank_calls=512
AMG setup messages level=6 phase=interpolation-transpose sends=2834 bytes=259680 collective_rank_calls=512
AMG setup messages level=6 phase=A*P sends=107370 bytes=6642272 collective_rank_calls=512
AMG setup messages level=6 phase=R*(A*P) sends=8502 bytes=4512896 collective_rank_calls=512
AMG setup messages level=7 phase=strength sends=0 bytes=0 collective_rank_calls=512
AMG setup messages level=7 phase=strength-transpose sends=1823 bytes=128660 collective_rank_calls=512
AMG setup messages level=7 phase=PMIS sends=22169 bytes=217180 collective_rank_calls=2048
AMG setup messages level=7 phase=numbering sends=0 bytes=0 collective_rank_calls=512
AMG setup messages level=7 phase=interpolation sends=8520 bytes=101472 collective_rank_calls=512
AMG setup messages level=7 phase=interpolation-transpose sends=682 bytes=70240 collective_rank_calls=512
AMG setup messages level=7 phase=A*P sends=36618 bytes=1571360 collective_rank_calls=512
AMG setup messages level=7 phase=R*(A*P) sends=2046 bytes=577216 collective_rank_calls=512
AMG setup messages level=8 phase=strength sends=0 bytes=0 collective_rank_calls=512
AMG setup messages level=8 phase=strength-transpose sends=498 bytes=44372 collective_rank_calls=512
AMG setup messages level=8 phase=PMIS sends=3474 bytes=49692 collective_rank_calls=1024
AMG setup messages level=8 phase=numbering sends=0 bytes=0 collective_rank_calls=512
AMG setup messages level=8 phase=interpolation sends=2487 bytes=27800 collective_rank_calls=512
AMG setup messages level=8 phase=interpolation-transpose sends=166 bytes=14528 collective_rank_calls=512
AMG setup messages level=8 phase=A*P sends=4542 bytes=107104 collective_rank_calls=512
AMG setup messages level=8 phase=R*(A*P) sends=498 bytes=18432 collective_rank_calls=512
GMRES: iter = 0, residual = 761.6499411, 1 (rel.)
GMRES: iter = 1, residual = 351.7285675, 0.4617981944 (rel.)
GMRES: iter = 2, residual = 84.29503285, 0.1106742459 (rel.)
GMRES: iter = 3, residual = 15.76319408, 0.0206961141 (rel.)
GMRES: iter = 4, residual = 3.164162871, 0.004154353202 (rel.)
GMRES: Solve Time = 2.453512536
The cloud-layer FLD system Newton 3: residual=3.1642613, GMRES rtol=0.0001
AMG setup messages level=0 phase=strength sends=0 bytes=0 collective_rank_calls=512
AMG setup messages level=0 phase=strength-transpose sends=3648 bytes=578178480 collective_rank_calls=512
AMG setup messages level=0 phase=PMIS sends=82560 bytes=2021408800 collective_rank_calls=5632
AMG setup messages level=0 phase=numbering sends=0 bytes=0 collective_rank_calls=512
AMG setup messages level=0 phase=interpolation sends=21888 bytes=774063312 collective_rank_calls=512
AMG setup messages level=0 phase=interpolation-transpose sends=10160 bytes=253652512 collective_rank_calls=512
AMG setup messages level=0 phase=A*P sends=11520 bytes=1434857088 collective_rank_calls=512
AMG setup messages level=0 phase=R*(A*P) sends=30480 bytes=1881782256 collective_rank_calls=512
AMG setup messages level=1 phase=strength sends=0 bytes=0 collective_rank_calls=512
AMG setup messages level=1 phase=strength-transpose sends=11178 bytes=698621452 collective_rank_calls=512
AMG setup messages level=1 phase=PMIS sends=269208 bytes=1376346176 collective_rank_calls=6144
AMG setup messages level=1 phase=numbering sends=0 bytes=0 collective_rank_calls=512
AMG setup messages level=1 phase=interpolation sends=66564 bytes=799517676 collective_rank_calls=512
AMG setup messages level=1 phase=interpolation-transpose sends=10897 bytes=249821856 collective_rank_calls=512
AMG setup messages level=1 phase=A*P sends=37758 bytes=1343498176 collective_rank_calls=512
AMG setup messages level=1 phase=R*(A*P) sends=32691 bytes=3650517232 collective_rank_calls=512
AMG setup messages level=2 phase=strength sends=0 bytes=0 collective_rank_calls=512
AMG setup messages level=2 phase=strength-transpose sends=12736 bytes=313663344 collective_rank_calls=512
AMG setup messages level=2 phase=PMIS sends=281944 bytes=419939592 collective_rank_calls=5632
AMG setup messages level=2 phase=numbering sends=0 bytes=0 collective_rank_calls=512
AMG setup messages level=2 phase=interpolation sends=75303 bytes=309815856 collective_rank_calls=512
AMG setup messages level=2 phase=interpolation-transpose sends=11071 bytes=72275424 collective_rank_calls=512
AMG setup messages level=2 phase=A*P sends=43278 bytes=530726928 collective_rank_calls=512
AMG setup messages level=2 phase=R*(A*P) sends=33213 bytes=1620335888 collective_rank_calls=512
AMG setup messages level=3 phase=strength sends=0 bytes=0 collective_rank_calls=512
AMG setup messages level=3 phase=strength-transpose sends=13051 bytes=81648064 collective_rank_calls=512
AMG setup messages level=3 phase=PMIS sends=341188 bytes=125166848 collective_rank_calls=6656
AMG setup messages level=3 phase=numbering sends=0 bytes=0 collective_rank_calls=512
AMG setup messages level=3 phase=interpolation sends=77304 bytes=82066096 collective_rank_calls=512
AMG setup messages level=3 phase=interpolation-transpose sends=10434 bytes=17347072 collective_rank_calls=512
AMG setup messages level=3 phase=A*P sends=43500 bytes=156512144 collective_rank_calls=512
AMG setup messages level=3 phase=R*(A*P) sends=31302 bytes=458968544 collective_rank_calls=512
AMG setup messages level=4 phase=strength sends=0 bytes=0 collective_rank_calls=512
AMG setup messages level=4 phase=strength-transpose sends=12896 bytes=17291804 collective_rank_calls=512
AMG setup messages level=4 phase=PMIS sends=286928 bytes=27104152 collective_rank_calls=5632
AMG setup messages level=4 phase=numbering sends=0 bytes=0 collective_rank_calls=512
AMG setup messages level=4 phase=interpolation sends=76110 bytes=20037552 collective_rank_calls=512
AMG setup messages level=4 phase=interpolation-transpose sends=8760 bytes=4035376 collective_rank_calls=512
AMG setup messages level=4 phase=A*P sends=54930 bytes=49268944 collective_rank_calls=512
AMG setup messages level=4 phase=R*(A*P) sends=26280 bytes=112782128 collective_rank_calls=512
AMG setup messages level=5 phase=strength sends=0 bytes=0 collective_rank_calls=512
AMG setup messages level=5 phase=strength-transpose sends=13270 bytes=3381172 collective_rank_calls=512
AMG setup messages level=5 phase=PMIS sends=276884 bytes=6866620 collective_rank_calls=5120
AMG setup messages level=5 phase=numbering sends=0 bytes=0 collective_rank_calls=512
AMG setup messages level=5 phase=interpolation sends=75162 bytes=4652848 collective_rank_calls=512
AMG setup messages level=5 phase=interpolation-transpose sends=6311 bytes=1040720 collective_rank_calls=512
AMG setup messages level=5 phase=A*P sends=93780 bytes=18876064 collective_rank_calls=512
AMG setup messages level=5 phase=R*(A*P) sends=18933 bytes=25519008 collective_rank_calls=512
AMG setup messages level=6 phase=strength sends=0 bytes=0 collective_rank_calls=512
AMG setup messages level=6 phase=strength-transpose sends=8291 bytes=668516 collective_rank_calls=512
AMG setup messages level=6 phase=PMIS sends=153743 bytes=1515480 collective_rank_calls=4096
AMG setup messages level=6 phase=numbering sends=0 bytes=0 collective_rank_calls=512
AMG setup messages level=6 phase=interpolation sends=44016 bytes=850192 collective_rank_calls=512
AMG setup messages level=6 phase=interpolation-transpose sends=2779 bytes=283008 collective_rank_calls=512
AMG setup messages level=6 phase=A*P sends=110550 bytes=6944304 collective_rank_calls=512
AMG setup messages level=6 phase=R*(A*P) sends=8337 bytes=4630032 collective_rank_calls=512
AMG setup messages level=7 phase=strength sends=0 bytes=0 collective_rank_calls=512
AMG setup messages level=7 phase=strength-transpose sends=1939 bytes=137976 collective_rank_calls=512
AMG setup messages level=7 phase=PMIS sends=22837 bytes=212588 collective_rank_calls=2048
AMG setup messages level=7 phase=numbering sends=0 bytes=0 collective_rank_calls=512
AMG setup messages level=7 phase=interpolation sends=9348 bytes=123236 collective_rank_calls=512
AMG setup messages level=7 phase=interpolation-transpose sends=1055 bytes=88240 collective_rank_calls=512
AMG setup messages level=7 phase=A*P sends=37590 bytes=1656576 collective_rank_calls=512
AMG setup messages level=7 phase=R*(A*P) sends=3165 bytes=670176 collective_rank_calls=512
AMG setup messages level=8 phase=strength sends=0 bytes=0 collective_rank_calls=512
AMG setup messages level=8 phase=strength-transpose sends=469 bytes=31616 collective_rank_calls=512
AMG setup messages level=8 phase=PMIS sends=3223 bytes=38536 collective_rank_calls=1024
AMG setup messages level=8 phase=numbering sends=0 bytes=0 collective_rank_calls=512
AMG setup messages level=8 phase=interpolation sends=2418 bytes=20164 collective_rank_calls=512
AMG setup messages level=8 phase=interpolation-transpose sends=128 bytes=10176 collective_rank_calls=512
AMG setup messages level=8 phase=A*P sends=4428 bytes=91616 collective_rank_calls=512
AMG setup messages level=8 phase=R*(A*P) sends=384 bytes=12160 collective_rank_calls=512
GMRES: iter = 0, residual = 3.262059164, 1 (rel.)
GMRES: iter = 1, residual = 1.328879734, 0.4073745041 (rel.)
GMRES: iter = 2, residual = 0.3074257602, 0.09424285235 (rel.)
GMRES: iter = 3, residual = 0.09417508485, 0.02886982734 (rel.)
GMRES: iter = 4, residual = 0.02913594881, 0.008931765902 (rel.)
GMRES: iter = 5, residual = 0.007237573171, 0.00221871303 (rel.)
GMRES: iter = 6, residual = 0.001948483607, 0.0005973170654 (rel.)
GMRES: iter = 7, residual = 0.000595112279, 0.0001824345449 (rel.)
GMRES: iter = 8, residual = 0.0001650110061, 5.058492129e-05 (rel.)
GMRES: Solve Time = 4.829101751
The cloud-layer FLD system Newton 4: residual=0.0001737282845, GMRES rtol=0.0001
AMG setup messages level=0 phase=strength sends=0 bytes=0 collective_rank_calls=512
AMG setup messages level=0 phase=strength-transpose sends=3648 bytes=578178480 collective_rank_calls=512
AMG setup messages level=0 phase=PMIS sends=75072 bytes=1854389072 collective_rank_calls=5120
AMG setup messages level=0 phase=numbering sends=0 bytes=0 collective_rank_calls=512
AMG setup messages level=0 phase=interpolation sends=21888 bytes=774074400 collective_rank_calls=512
AMG setup messages level=0 phase=interpolation-transpose sends=10166 bytes=253701584 collective_rank_calls=512
AMG setup messages level=0 phase=A*P sends=11520 bytes=1434901664 collective_rank_calls=512
AMG setup messages level=0 phase=R*(A*P) sends=30498 bytes=1882158864 collective_rank_calls=512
AMG setup messages level=1 phase=strength sends=0 bytes=0 collective_rank_calls=512
AMG setup messages level=1 phase=strength-transpose sends=11209 bytes=698626956 collective_rank_calls=512
AMG setup messages level=1 phase=PMIS sends=269965 bytes=1376211892 collective_rank_calls=6144
AMG setup messages level=1 phase=numbering sends=0 bytes=0 collective_rank_calls=512
AMG setup messages level=1 phase=interpolation sends=66717 bytes=799423528 collective_rank_calls=512
AMG setup messages level=1 phase=interpolation-transpose sends=10917 bytes=249862992 collective_rank_calls=512
AMG setup messages level=1 phase=A*P sends=37746 bytes=1343398624 collective_rank_calls=512
AMG setup messages level=1 phase=R*(A*P) sends=32751 bytes=3649981712 collective_rank_calls=512
AMG setup messages level=2 phase=strength sends=0 bytes=0 collective_rank_calls=512
AMG setup messages level=2 phase=strength-transpose sends=12726 bytes=313520172 collective_rank_calls=512
AMG setup messages level=2 phase=PMIS sends=281604 bytes=419828656 collective_rank_calls=5632
AMG setup messages level=2 phase=numbering sends=0 bytes=0 collective_rank_calls=512
AMG setup messages level=2 phase=interpolation sends=75255 bytes=309708312 collective_rank_calls=512
AMG setup messages level=2 phase=interpolation-transpose sends=11072 bytes=72223664 collective_rank_calls=512
AMG setup messages level=2 phase=A*P sends=43332 bytes=530676384 collective_rank_calls=512
AMG setup messages level=2 phase=R*(A*P) sends=33216 bytes=1618944384 collective_rank_calls=512
AMG setup messages level=3 phase=strength sends=0 bytes=0 collective_rank_calls=512
AMG setup messages level=3 phase=strength-transpose sends=13016 bytes=81644400 collective_rank_calls=512
AMG setup messages level=3 phase=PMIS sends=288296 bytes=107365112 collective_rank_calls=5632
AMG setup messages level=3 phase=numbering sends=0 bytes=0 collective_rank_calls=512
AMG setup messages level=3 phase=interpolation sends=77022 bytes=82147080 collective_rank_calls=512
AMG setup messages level=3 phase=interpolation-transpose sends=10445 bytes=17314848 collective_rank_calls=512
AMG setup messages level=3 phase=A*P sends=43494 bytes=156469664 collective_rank_calls=512
AMG setup messages level=3 phase=R*(A*P) sends=31335 bytes=458041536 collective_rank_calls=512
AMG setup messages level=4 phase=strength sends=0 bytes=0 collective_rank_calls=512
AMG setup messages level=4 phase=strength-transpose sends=12872 bytes=17351420 collective_rank_calls=512
AMG setup messages level=4 phase=PMIS sends=260124 bytes=24921208 collective_rank_calls=5120
AMG setup messages level=4 phase=numbering sends=0 bytes=0 collective_rank_calls=512
AMG setup messages level=4 phase=interpolation sends=75921 bytes=20086224 collective_rank_calls=512
AMG setup messages level=4 phase=interpolation-transpose sends=8742 bytes=4030720 collective_rank_calls=512
AMG setup messages level=4 phase=A*P sends=54582 bytes=49291664 collective_rank_calls=512
AMG setup messages level=4 phase=R*(A*P) sends=26226 bytes=111946688 collective_rank_calls=512
AMG setup messages level=5 phase=strength sends=0 bytes=0 collective_rank_calls=512
AMG setup messages level=5 phase=strength-transpose sends=13272 bytes=3366640 collective_rank_calls=512
AMG setup messages level=5 phase=PMIS sends=305040 bytes=7401904 collective_rank_calls=5632
AMG setup messages level=5 phase=numbering sends=0 bytes=0 collective_rank_calls=512
AMG setup messages level=5 phase=interpolation sends=75537 bytes=4619404 collective_rank_calls=512
AMG setup messages level=5 phase=interpolation-transpose sends=6300 bytes=1029360 collective_rank_calls=512
AMG setup messages level=5 phase=A*P sends=92340 bytes=18705888 collective_rank_calls=512
AMG setup messages level=5 phase=R*(A*P) sends=18900 bytes=25310176 collective_rank_calls=512
AMG setup messages level=6 phase=strength sends=0 bytes=0 collective_rank_calls=512
AMG setup messages level=6 phase=strength-transpose sends=8032 bytes=643124 collective_rank_calls=512
AMG setup messages level=6 phase=PMIS sends=130160 bytes=1307536 collective_rank_calls=3584
AMG setup messages level=6 phase=numbering sends=0 bytes=0 collective_rank_calls=512
AMG setup messages level=6 phase=interpolation sends=41826 bytes=815556 collective_rank_calls=512
AMG setup messages level=6 phase=interpolation-transpose sends=2974 bytes=279664 collective_rank_calls=512
AMG setup messages level=6 phase=A*P sends=105312 bytes=6624576 collective_rank_calls=512
AMG setup messages level=6 phase=R*(A*P) sends=8922 bytes=5087568 collective_rank_calls=512
AMG setup messages level=7 phase=strength sends=0 bytes=0 collective_rank_calls=512
AMG setup messages level=7 phase=strength-transpose sends=2435 bytes=148180 collective_rank_calls=512
AMG setup messages level=7 phase=PMIS sends=35084 bytes=277104 collective_rank_calls=2560
AMG setup messages level=7 phase=numbering sends=0 bytes=0 collective_rank_calls=512
AMG setup messages level=7 phase=interpolation sends=11316 bytes=137820 collective_rank_calls=512
AMG setup messages level=7 phase=interpolation-transpose sends=1033 bytes=73872 collective_rank_calls=512
AMG setup messages level=7 phase=A*P sends=47790 bytes=1805920 collective_rank_calls=512
AMG setup messages level=7 phase=R*(A*P) sends=3099 bytes=868320 collective_rank_calls=512
AMG setup messages level=8 phase=strength sends=0 bytes=0 collective_rank_calls=512
AMG setup messages level=8 phase=strength-transpose sends=484 bytes=32924 collective_rank_calls=512
AMG setup messages level=8 phase=PMIS sends=3280 bytes=39956 collective_rank_calls=1024
AMG setup messages level=8 phase=numbering sends=0 bytes=0 collective_rank_calls=512
AMG setup messages level=8 phase=interpolation sends=1881 bytes=16544 collective_rank_calls=512
AMG setup messages level=8 phase=interpolation-transpose sends=324 bytes=28192 collective_rank_calls=512
AMG setup messages level=8 phase=A*P sends=9390 bytes=304960 collective_rank_calls=512
AMG setup messages level=8 phase=R*(A*P) sends=972 bytes=53472 collective_rank_calls=512
GMRES: iter = 0, residual = 0.0001737296657, 1 (rel.)
GMRES: iter = 1, residual = 7.990849909e-05, 0.4599588607 (rel.)
GMRES: iter = 2, residual = 2.304199552e-05, 0.1326313237 (rel.)
GMRES: iter = 3, residual = 6.362303945e-06, 0.0366218626 (rel.)
GMRES: iter = 4, residual = 1.663382308e-06, 0.009574543885 (rel.)
GMRES: iter = 5, residual = 4.153635719e-07, 0.002390861516 (rel.)
GMRES: iter = 6, residual = 1.057274026e-07, 0.0006085742595 (rel.)
GMRES: iter = 7, residual = 2.653996904e-08, 0.0001527659018 (rel.)
GMRES: iter = 8, residual = 7.353875707e-09, 4.23294184e-05 (rel.)
GMRES: Solve Time = 4.834919097
FLD cloud AMR Newton-Krylov iterations=5/23, change=1.761079375e-08, residual=5.244292531e-08, transmission=0.9991413278
FLD 3-D Penrose cloud: case=amr, fine_n=1024, opacity contrast=100000, cells=281018368, limiter=off, mixed cells=4167992, cloudy volume relative error=0, transmission=0.9991413278, balance error=7.478800109e-11, Newton/Krylov iterations=5/23, nonlinear residual=5.244292531e-08, E range=[1.998281825,2.001718175], whole-case wall=19.14704847 s, preconditioner=amg, AMG backend=native, linear iterations=23, max true relative residual=0, aggregate setup=3.577962241 s, aggregate solve=0 s


TinyProfiler total time across processes [min...avg...max]: 18.73 ... 19.06 ... 19.15

-------------------------------------------------------------------------------------------
Name                                        NCalls  Excl. Min  Excl. Avg  Excl. Max   Max %
-------------------------------------------------------------------------------------------
SpMatrix::finishComm_mv::recv_wait            2160      5.958      9.236      9.755  50.94%
SpMV                                          2940      1.651      1.849      5.134  26.81%
FLD::composite_residual_without_assembly        29      1.067      1.173      1.229   6.42%
SpMatrix::finishComm_mv::send_wait            2160   0.007245     0.1374     0.9662   5.05%
SpMatrix::define_split                         315     0.4094      0.725     0.9234   4.82%
SpGEMM                                         135       0.47     0.6659     0.8377   4.37%
FillBoundary_finish()                          271     0.1631      0.362     0.5828   3.04%
AMG::setup                                       5     0.1052     0.3315     0.5569   2.91%
SpMatrix::prepare_comm_mv                     3278     0.1145     0.2896     0.5215   2.72%
SpMatrix::startComm_tr                          90     0.2478     0.3827     0.5015   2.62%
FabArray::ParallelCopy_finish()                971     0.1168     0.3184     0.4697   2.45%
DistributionMapping::LeastUsedCPUs()             3   0.005212     0.3358     0.4302   2.25%
FLD::composite_topology                          1      0.326     0.3516     0.3708   1.94%
FLD::composite_assembly                          5     0.2732     0.3404     0.3684   1.92%
FLD::NewtonKrylov::Jacobian_action              23   0.008706    0.07331     0.3384   1.77%
SpMatrix::finishComm_tr                         90    0.09294     0.1986     0.2975   1.55%
SpMatrix::finishComm_mv::cleanup              2655    0.08273     0.1376      0.265   1.38%
SpMatrix::startComm_mv                        2940    0.08355     0.1538     0.2635   1.38%
FLD::residual::fine_b_unpack                    29  3.739e-06     0.0577     0.2528   1.32%
FLD::MLABecLapAMG::precondition                 28     0.1832     0.1972      0.246   1.28%
FLD::MLABecLapAMG::residualWithoutAssembly      29     0.1342     0.1547     0.2224   1.16%
SpMatrix::preparePairHalo                       45    0.07513     0.1451      0.221   1.15%
FabArray::setVal()                            1154     0.1946      0.208     0.2175   1.14%
GMRES::GramSchmidt::batched_dots                46    0.03059     0.1402     0.1898   0.99%
FLD::residual::local_rows                       29     0.1499     0.1596     0.1729   0.90%
FLD::NewtonKrylov::line_search                   5   0.004816    0.04176     0.1075   0.56%
amrex::Copy()                                  982    0.09872     0.1013     0.1045   0.55%
SpMatrix::split_csr                           3761    0.02943    0.05746    0.08782   0.46%
FLD::assembly::fine_b_plan                       1    0.01208    0.02795    0.07937   0.41%
AMG::build_interp_mm                            45    0.05795    0.06471    0.07518   0.39%
FLD::assembly::fine_b_recv_wait                  5  1.364e-06    0.01326    0.07434   0.39%
FLD::residual::fine_b_plan                       1    0.01004    0.02624    0.07429   0.39%
AMG::pmis                                       45    0.03651    0.05277    0.07129   0.37%
FLD::residual::fine_b_send_wait                 29  1.283e-05   0.006827    0.07049   0.37%
SpMatrix::gather_pair_plan                     398    0.04622    0.05807    0.06969   0.36%
FLD::residual::fine_b_start                     29  0.0003242   0.003729    0.06938   0.36%
SpMatrix::gatherRemote                         488    0.05335    0.06175    0.06818   0.36%
FLD::residual::fine_b_pack                      29   0.001744    0.05047    0.06489   0.34%
FabArray::ParallelCopy_nowait()                971    0.03106    0.03758     0.0536   0.28%
AMG::create_soc                                 45    0.03667    0.04116    0.04829   0.25%
FLD::assembly::fine_b_unpack                     5  1.233e-06    0.01041    0.04749   0.25%
FLD::assembly::fine_b_start                      5  0.0001669   0.001424    0.04061   0.21%
FillBoundary_nowait()                          271    0.01917    0.03165    0.03877   0.20%
FLD::NewtonKrylov::solve                         1    0.00269    0.02089    0.03408   0.18%
FLD::assembly::fine_b_send_wait                  5  1.673e-05    0.01605    0.03133   0.16%
SpMatrix::transpose                             90    0.02092     0.0233    0.02551   0.13%
FLD::MLABecLapAMG::assemble                      5    0.01651    0.02122    0.02442   0.13%
ChebyshevSmoother                              532    0.01475    0.01828    0.02215   0.12%
AMG::truncate_interp                            45    0.01608    0.01752    0.01898   0.10%
SpMatrix::finishComm_mv::unpack               2655    0.01118    0.01407    0.01717   0.09%
FLD::assembly::fine_b_pack                       5  0.0003546   0.009285    0.01661   0.09%
FLD::cloud_setup                                 1   0.003246   0.008745     0.0154   0.08%
FabArray::Saxpy()                              492    0.01034    0.01102    0.01144   0.06%
FLD::run_cloud                                   1   0.006338   0.008456    0.01105   0.06%
FLD::cloud_linearized_residual                  23   0.008595   0.009807    0.01101   0.06%
SpMatrix::trim_remote_rows                     272   0.007651   0.008963    0.01032   0.05%
FLD::compute_diffusion                          35   0.006638    0.00712    0.00787   0.04%
FLD::residual::fine_b_recv_wait                 29  4.818e-06   0.000102   0.007433   0.04%
SpMatrix::gatherRemotePair                     398   0.005401   0.006149   0.006742   0.04%
amrex::average_down                             65   0.004838   0.005455   0.006167   0.03%
SpMatrix::finishComm_mv                       2940   0.002984    0.00404   0.006123   0.03%
GMRES::cycle()                                   5   0.005116   0.005331   0.005554   0.03%
FillPatchInterp(Fab)                            71  3.353e-05  0.0009242    0.00421   0.02%
FLD::cloud_newton_prepare                        5   0.002814     0.0031     0.0034   0.02%
FLD::cloud_field_initialization                  1  0.0008439   0.001872    0.00309   0.02%
FLD::cloud_residual                              6   0.002241   0.002563   0.002906   0.02%
FLD::cloud_hierarchy                             1   0.002282    0.00239   0.002818   0.01%
FillPatchTwoLevels                              71  0.0006397  0.0008805   0.001481   0.01%
AMG::vcycle                                     28  0.0009339   0.001177   0.001418   0.01%
DistributionMapping::SFCProcessorMapDoIt()       2   0.000554  0.0005717  0.0006634   0.00%
GMRES::solve()                                   5  0.0004219  0.0004878  0.0005816   0.00%
FabArray::ParallelCopy()                       913  0.0003803  0.0004258  0.0004786   0.00%
FabArrayBase::getCPC()                         331  0.0002743   0.000318  0.0003654   0.00%
FabArray::FillBoundary()                       271  0.0001768  0.0001963  0.0002185   0.00%
AMG::vcycle::level=0 residual                   28  0.0001156  0.0001398  0.0001752   0.00%
FLD::cloud_extinction_ghost_fill                 1  0.0001261  0.0001437  0.0001733   0.00%
AMG::vcycle::level=1 residual                   28  9.255e-05  0.0001229  0.0001494   0.00%
AMG::vcycle::level=2 residual                   28  8.874e-05  0.0001056  0.0001245   0.00%
AMG::vcycle::level=6 residual                   28  4.166e-05  9.713e-05   0.000121   0.00%
AMG::vcycle::level=5 residual                   28  8.585e-05  0.0001018  0.0001184   0.00%
AMG::vcycle::level=3 residual                   28   8.65e-05  0.0001016  0.0001181   0.00%
AMG::vcycle::level=4 residual                   28  8.504e-05  0.0001007   0.000117   0.00%
AMG::vcycle::level=7 residual                   28  1.016e-05  6.967e-05  0.0001169   0.00%
FLD::MLABecLapAMG::preconditioner_cycle         28  4.943e-05  7.575e-05  0.0001117   0.00%
FillPatchSingleLevel                           142  5.737e-05   7.08e-05   0.000111   0.00%
AMG::vcycle::level=8 residual                   28  7.912e-06  3.877e-05  0.0001103   0.00%
AMG::vcycle::level=0 pre_smooth                 28  3.193e-05  5.296e-05  9.342e-05   0.00%
GMRES::GramSchmidt                              23  7.143e-05  7.955e-05  9.291e-05   0.00%
FLD::cloud_precondition                         28  5.717e-05  6.831e-05    8.6e-05   0.00%
FLD::residual::fine_b_finish                    29  2.548e-05  3.881e-05  7.931e-05   0.00%
amrex::average_down_w_geom                      65  4.738e-05  6.247e-05  7.644e-05   0.00%
FLD::residual::coarse_state_finish              29  1.519e-05  2.306e-05  7.138e-05   0.00%
FLD::residual::stage_state                      58  3.419e-05  4.571e-05  5.638e-05   0.00%
FLD::residual::fine_state_finish                29  2.073e-05   2.85e-05  5.324e-05   0.00%
AMG::vcycle::level=1 pre_smooth                 28  2.282e-05  3.175e-05  4.722e-05   0.00%
FabArrayBase::TheFPinfo()                       71  2.823e-05  3.641e-05   4.68e-05   0.00%
FPinfo::FPinfo()                                 1  2.865e-05  3.215e-05  3.982e-05   0.00%
AMG::vcycle::level=4 pre_smooth                 28  2.183e-05  2.979e-05  3.961e-05   0.00%
AMG::vcycle::level=9 bottom_solve               28  2.023e-05  2.435e-05  3.813e-05   0.00%
AMG::vcycle::level=2 pre_smooth                 28  2.241e-05  2.891e-05  3.811e-05   0.00%
AMG::vcycle::level=5 pre_smooth                 28  2.165e-05  2.598e-05  3.558e-05   0.00%
AMG::vcycle::level=8 pre_smooth                 28  1.037e-05  2.125e-05  3.325e-05   0.00%
AMG::vcycle::level=6 pre_smooth                 28  1.864e-05  2.519e-05  3.222e-05   0.00%
AMG::bottom_solve                               28  1.828e-05  2.505e-05  3.183e-05   0.00%
AMG::vcycle::level=3 pre_smooth                 28   2.18e-05  2.583e-05  3.099e-05   0.00%
AMG::vcycle::level=0 post_smooth                28  1.845e-05  2.218e-05   3.08e-05   0.00%
AMG::vcycle::level=7 pre_smooth                 28  1.288e-05   2.25e-05  3.078e-05   0.00%
AMG::vcycle::level=3 restrict                   28  1.566e-05  1.918e-05  3.033e-05   0.00%
FLD::residual::fine_state_start                 29  1.241e-05  2.071e-05  2.972e-05   0.00%
AMG::vcycle::level=5 post_smooth                28  1.797e-05  2.206e-05  2.972e-05   0.00%
FLD::residual::coarse_state_start               29  1.361e-05  1.936e-05  2.863e-05   0.00%
AMG::vcycle::level=0 restrict                   28  1.659e-05  2.117e-05  2.837e-05   0.00%
AMG::vcycle::level=4 post_smooth                28   1.89e-05  2.207e-05  2.834e-05   0.00%
AMG::vcycle::level=1 post_smooth                28  1.895e-05   2.22e-05  2.819e-05   0.00%
AMG::vcycle::level=2 post_smooth                28  1.878e-05   2.19e-05  2.721e-05   0.00%
AMG::vcycle::level=3 post_smooth                28  1.882e-05  2.176e-05  2.701e-05   0.00%
AMG::vcycle::level=2 restrict                   28  1.609e-05  2.073e-05  2.669e-05   0.00%
AMG::vcycle::level=0 prolong                    28  1.662e-05   2.03e-05   2.61e-05   0.00%
AMG::vcycle::level=6 post_smooth                28  1.053e-05  1.977e-05  2.609e-05   0.00%
GMRES:build_solution()                           5  1.816e-05  2.162e-05   2.56e-05   0.00%
AMG::vcycle::level=4 prolong                    28  1.638e-05  1.995e-05  2.556e-05   0.00%
AMG::vcycle::level=1 prolong                    28  1.591e-05  1.983e-05  2.545e-05   0.00%
AMG::vcycle::level=1 restrict                   28  1.636e-05  2.034e-05  2.543e-05   0.00%
AMG::vcycle::level=2 prolong                    28   1.64e-05  1.968e-05    2.5e-05   0.00%
AMG::vcycle::level=5 prolong                    28  1.312e-05  1.923e-05   2.47e-05   0.00%
AMG::vcycle::level=3 prolong                    28  1.531e-05  1.929e-05  2.467e-05   0.00%
AMG::vcycle::level=7 post_smooth                28  6.761e-06  1.496e-05  2.437e-05   0.00%
AMG::vcycle::level=6 restrict                   28  1.223e-05  1.911e-05  2.428e-05   0.00%
AMG::vcycle::level=4 restrict                   28  1.613e-05  1.888e-05   2.41e-05   0.00%
AMG::vcycle::level=7 restrict                   28  6.853e-06  1.474e-05   2.36e-05   0.00%
AMG::vcycle::level=6 prolong                    28  7.765e-06   1.64e-05  2.351e-05   0.00%
FLD::assembly::fine_b_finish                     5  6.245e-06  9.897e-06  2.292e-05   0.00%
AMG::vcycle::level=5 restrict                   28  1.588e-05   1.83e-05  2.172e-05   0.00%
AMG::vcycle::level=8 post_smooth                28  8.347e-06  1.154e-05  2.077e-05   0.00%
AMG::vcycle::level=7 prolong                    28  6.851e-06  1.163e-05  2.016e-05   0.00%
AMG::vcycle::level=8 restrict                   28  6.434e-06  1.115e-05  2.016e-05   0.00%
AMG::vcycle::level=8 prolong                    28  8.125e-06  9.461e-06   1.48e-05   0.00%
FLD::NewtonKrylov::prepare                       5   4.89e-06  6.634e-06  9.468e-06   0.00%
FLD::NewtonKrylov::linear_solve                  5  3.529e-06  4.935e-06  6.682e-06   0.00%
Other                                        17061   0.006431   0.008939    0.01433   0.07%
-------------------------------------------------------------------------------------------

-------------------------------------------------------------------------------------------
Name                                        NCalls  Incl. Min  Incl. Avg  Incl. Max   Max %
-------------------------------------------------------------------------------------------
FLD::run_cloud                                   1      18.72      19.06      19.15  99.99%
FLD::NewtonKrylov::solve                         1      18.28      18.28      18.28  95.48%
FLD::NewtonKrylov::linear_solve                  5      14.02      14.08       14.1  73.64%
GMRES::solve()                                   5      14.02      14.08       14.1  73.64%
GMRES::cycle()                                   5      14.02      14.08       14.1  73.63%
FLD::cloud_precondition                         28      11.83      12.16      12.24  63.95%
FLD::MLABecLapAMG::precondition                 28      11.83      12.16      12.24  63.94%
FLD::MLABecLapAMG::preconditioner_cycle         28      11.27      11.57      11.83  61.76%
AMG::vcycle                                     28      11.27      11.57      11.83  61.76%
SpMV                                          2940      11.25      11.55       11.8  61.65%
SpMatrix::finishComm_mv                       2940      6.331      9.529      9.933  51.87%
SpMatrix::finishComm_mv::recv_wait            2160      5.958      9.236      9.755  50.94%
ChebyshevSmoother                              532       4.63      6.322      7.816  40.82%
AMG::vcycle::level=6 prolong                    28   0.006353      1.551      4.953  25.87%
AMG::vcycle::level=5 prolong                    28    0.01118     0.3222      4.283  22.37%
AMG::vcycle::level=7 prolong                    28   6.19e-05      1.298      3.673  19.18%
FLD::NewtonKrylov::prepare                       5      3.594      3.594      3.594  18.77%
FLD::cloud_newton_prepare                        5      3.594      3.594      3.594  18.77%
FLD::MLABecLapAMG::assemble                      5      3.578      3.578      3.579  18.69%
AMG::setup                                       5      3.035      3.109      3.138  16.39%
GMRES:build_solution()                           5      2.435      2.498      2.515  13.13%
FLD::MLABecLapAMG::residualWithoutAssembly      29      2.067       2.14      2.291  11.97%
AMG::vcycle::level=8 prolong                    28  7.294e-05     0.6568      2.241  11.70%
FLD::composite_residual_without_assembly        29      1.659      1.773       2.09  10.91%
FLD::NewtonKrylov::Jacobian_action              23      1.661      1.764      2.029  10.60%
FLD::cloud_linearized_residual                  23      1.636      1.686      1.796   9.38%
SpGEMM                                         135      1.245      1.435      1.585   8.28%
SpMatrix::finishComm_mv::send_wait            2160   0.007245     0.1374     0.9662   5.05%
SpMatrix::define_split                         315     0.4174     0.7337     0.9323   4.87%
FLD::cloud_setup                                 1      0.429     0.7601     0.8502   4.44%
AMG::vcycle::level=9 bottom_solve               28   0.001546      0.011     0.6854   3.58%
AMG::bottom_solve                               28   0.001523    0.01098     0.6853   3.58%
SpMatrix::transpose                             90     0.4966     0.6047     0.6725   3.51%
AMG::vcycle::level=2 post_smooth                28     0.4573     0.5613     0.6536   3.41%
AMG::vcycle::level=3 post_smooth                28     0.3857      0.536     0.6492   3.39%
AMG::vcycle::level=5 post_smooth                28      0.429     0.5454     0.6475   3.38%
AMG::vcycle::level=0 post_smooth                28     0.4349     0.5324     0.6464   3.38%
AMG::vcycle::level=6 post_smooth                28     0.1667      0.525     0.6397   3.34%
AMG::vcycle::level=7 post_smooth                28  0.0001881      0.363     0.6324   3.30%
AMG::vcycle::level=4 post_smooth                28     0.4283     0.5316     0.6318   3.30%
AMG::vcycle::level=8 pre_smooth                 28  0.0001694     0.1624     0.6216   3.25%
AMG::vcycle::level=7 pre_smooth                 28  0.0001818      0.365     0.6216   3.25%
FabArray::FillBoundary()                       271      0.197     0.3944     0.6145   3.21%
AMG::vcycle::level=1 post_smooth                28      0.496     0.5669      0.614   3.21%
AMG::build_interp_mm                            45     0.4353     0.5015     0.6132   3.20%
FillBoundary_finish()                          271     0.1631      0.362     0.5828   3.04%
FLD::cloud_residual                              6     0.5099     0.5345      0.578   3.02%
FabArray::ParallelCopy()                       913     0.1987     0.3985     0.5645   2.95%
AMG::vcycle::level=8 post_smooth                28  0.0001909     0.1595     0.5417   2.83%
SpMatrix::prepare_comm_mv                     3278     0.1145     0.2896     0.5215   2.72%
FLD::composite_assembly                          5     0.4023      0.431     0.5087   2.66%
AMG::vcycle::level=6 pre_smooth                 28     0.1048     0.4002      0.507   2.65%
SpMatrix::startComm_tr                          90     0.2478     0.3827     0.5015   2.62%
FLD::NewtonKrylov::line_search                   5     0.3953     0.4117     0.4755   2.48%
FabArray::ParallelCopy_finish()                971     0.1168     0.3184     0.4697   2.45%
AMG::vcycle::level=5 pre_smooth                 28     0.3085     0.3742      0.444   2.32%
DistributionMapping::LeastUsedCPUs()             3   0.005212     0.3358     0.4302   2.25%
amrex::average_down_w_geom                      65    0.07564      0.268     0.4278   2.23%
amrex::average_down                             65    0.07558     0.2679     0.4277   2.23%
FLD::cloud_hierarchy                             1   0.004565     0.3354     0.4257   2.22%
DistributionMapping::SFCProcessorMapDoIt()       2   0.001172     0.3323     0.4227   2.21%
FLD::composite_topology                          1       0.35     0.3749     0.3942   2.06%
AMG::pmis                                       45     0.2337     0.3071     0.3876   2.02%
AMG::vcycle::level=0 pre_smooth                 28     0.3461     0.3608     0.3777   1.97%
SpMatrix::finishComm_tr                         90    0.09294     0.1986     0.2975   1.55%
SpMatrix::startComm_mv                        2940     0.1039      0.174     0.2774   1.45%
SpMatrix::finishComm_mv::cleanup              2655    0.08273     0.1376      0.265   1.38%
AMG::vcycle::level=0 prolong                    28     0.1188     0.1619     0.2644   1.38%
FLD::residual::fine_b_finish                    29  5.423e-05    0.06467     0.2641   1.38%
FLD::residual::fine_b_unpack                    29  3.739e-06     0.0577     0.2528   1.32%
AMG::vcycle::level=1 prolong                    28    0.05831     0.1321     0.2306   1.20%
FLD::residual::fine_state_finish                29  0.0002647    0.03264     0.2231   1.17%
SpMatrix::preparePairHalo                       45    0.07513     0.1451      0.221   1.15%
FabArray::setVal()                            1154     0.1946      0.208     0.2175   1.14%
AMG::vcycle::level=3 prolong                    28    0.01521     0.1152     0.2124   1.11%
AMG::vcycle::level=2 prolong                    28    0.04375     0.1233     0.2118   1.11%
GMRES::GramSchmidt                              23    0.03786     0.1475     0.1973   1.03%
GMRES::GramSchmidt::batched_dots                46    0.03059     0.1402     0.1898   0.99%
AMG::create_soc                                 45    0.09741      0.152     0.1877   0.98%
AMG::vcycle::level=7 residual                   28  5.567e-05    0.09961     0.1853   0.97%
FLD::residual::local_rows                       29     0.1499     0.1596     0.1729   0.90%
AMG::vcycle::level=1 pre_smooth                 28     0.1353     0.1464     0.1643   0.86%
AMG::vcycle::level=4 prolong                    28    0.01142     0.0845     0.1543   0.81%
FabArray::ParallelCopy_nowait()                971     0.1141     0.1233     0.1396   0.73%
AMG::vcycle::level=6 residual                   28    0.02766     0.1063     0.1281   0.67%
AMG::vcycle::level=8 residual                   28  4.997e-05    0.03737     0.1267   0.66%
AMG::vcycle::level=0 residual                   28    0.09668     0.1034     0.1194   0.62%
AMG::vcycle::level=5 residual                   28    0.09907     0.1068      0.119   0.62%
AMG::vcycle::level=4 restrict                   28    0.01108    0.05146     0.1188   0.62%
FLD::assembly::fine_b_finish                     5    0.01146    0.03973     0.1177   0.61%
AMG::vcycle::level=5 restrict                   28   0.004637    0.05377     0.1148   0.60%
FLD::residual::fine_b_start                     29     0.0459     0.0542     0.1127   0.59%
AMG::vcycle::level=4 residual                   28    0.01706    0.03462     0.1103   0.58%
amrex::Copy()                                  982    0.09872     0.1013     0.1045   0.55%
AMG::vcycle::level=4 pre_smooth                 28    0.05267    0.05784     0.1042   0.54%
SpMatrix::split_csr                           3761    0.02964    0.05769    0.08807   0.46%
AMG::vcycle::level=6 restrict                   28  0.0002467    0.01589    0.08426   0.44%
FLD::assembly::fine_b_plan                       1    0.01209    0.02796    0.07938   0.41%
SpMatrix::gatherRemotePair                     398    0.05182    0.06422    0.07622   0.40%
AMG::vcycle::level=2 pre_smooth                 28    0.06052    0.06698    0.07511   0.39%
FLD::residual::fine_b_plan                       1    0.01006     0.0263    0.07443   0.39%
FLD::assembly::fine_b_recv_wait                  5  1.364e-06    0.01326    0.07434   0.39%
FLD::residual::fine_b_send_wait                 29  1.283e-05   0.006827    0.07049   0.37%
SpMatrix::gather_pair_plan                     398    0.04622    0.05807    0.06969   0.36%
SpMatrix::gatherRemote                         488    0.05344    0.06185    0.06828   0.36%
FLD::residual::fine_b_pack                      29   0.001744    0.05047    0.06489   0.34%
AMG::vcycle::level=3 pre_smooth                 28    0.05381     0.0566    0.06169   0.32%
AMG::vcycle::level=8 restrict                   28  5.874e-05  0.0005802    0.05889   0.31%
FillPatchTwoLevels                              71    0.03498    0.04542    0.05837   0.30%
FLD::assembly::fine_b_start                      5    0.01816    0.02293    0.05772   0.30%
AMG::vcycle::level=0 restrict                   28    0.03879    0.04641    0.05771   0.30%
AMG::truncate_interp                            45    0.03557     0.0481     0.0553   0.29%
FLD::compute_diffusion                          35    0.04331    0.04766    0.05276   0.28%
FLD::residual::coarse_state_finish              29  0.0007918   0.002135    0.05033   0.26%
AMG::vcycle::level=1 residual                   28    0.04376    0.04644    0.04935   0.26%
AMG::vcycle::level=7 restrict                   28  5.987e-05    0.00325    0.04752   0.25%
FLD::assembly::fine_b_unpack                     5  1.233e-06    0.01041    0.04749   0.25%
FLD::cloud_extinction_ghost_fill                 1   0.002594    0.02221    0.04688   0.24%
AMG::vcycle::level=1 restrict                   28    0.01812    0.02699    0.04502   0.24%
FillPatchSingleLevel                           142   0.006946    0.02472    0.04446   0.23%
FLD::residual::stage_state                      58    0.02815    0.03721    0.04413   0.23%
FillBoundary_nowait()                          271    0.01959    0.03221    0.03937   0.21%
FLD::assembly::fine_b_send_wait                  5  1.673e-05    0.01605    0.03133   0.16%
FLD::cloud_field_initialization                  1    0.01137    0.01763    0.02354   0.12%
AMG::vcycle::level=2 residual                   28    0.01922    0.02073    0.02257   0.12%
AMG::vcycle::level=2 restrict                   28    0.01536    0.01811     0.0205   0.11%
AMG::vcycle::level=3 residual                   28    0.01689    0.01822    0.01933   0.10%
AMG::vcycle::level=3 restrict                   28    0.01277    0.01514    0.01744   0.09%
SpMatrix::finishComm_mv::unpack               2655    0.01118    0.01407    0.01717   0.09%
FLD::assembly::fine_b_pack                       5  0.0003546   0.009285    0.01661   0.09%
FLD::residual::fine_state_start                 29   0.006373   0.007586    0.01516   0.08%
FabArray::Saxpy()                              492    0.01034    0.01102    0.01144   0.06%
SpMatrix::trim_remote_rows                     272   0.007651   0.008963    0.01032   0.05%
FabArrayBase::TheFPinfo()                       71  0.0002865   0.004188   0.009975   0.05%
FPinfo::FPinfo()                                 1  0.0002487   0.004151   0.009939   0.05%
FLD::residual::fine_b_recv_wait                 29  4.818e-06   0.000102   0.007433   0.04%
FillPatchInterp(Fab)                            71  3.353e-05   0.001453    0.00638   0.03%
FLD::residual::coarse_state_start               29  0.0001686   0.001293    0.00507   0.03%
FabArrayBase::getCPC()                         331    0.00171   0.002997    0.00496   0.03%
Other                                        17061    0.01036    0.01301    0.01848   0.10%
-------------------------------------------------------------------------------------------

Device Memory Usage:
-------------------------------------------------------------------------------------------------------------------
Name                                 Nalloc  AvgMem min  AvgMem avg  AvgMem max  MaxMem min  MaxMem avg  MaxMem max
-------------------------------------------------------------------------------------------------------------------
The_Arena::Initialize()                 512    6736   B    8248   B      10 KiB      47 GiB      47 GiB      47 GiB
SpMatrix::define_split              1348012      96 MiB     103 MiB     107 MiB     184 MiB     195 MiB     201 MiB
SpGEMM                              1196635    1353 KiB    1550 KiB    1827 KiB     145 MiB     155 MiB     159 MiB
FLD::cloud_setup                     192640      92 MiB      92 MiB      92 MiB      97 MiB      97 MiB      97 MiB
SpMatrix::split_csr                   25600      42 MiB      45 MiB      46 MiB      74 MiB      78 MiB      80 MiB
SpMatrix::transpose                  188942      24 MiB      26 MiB      26 MiB      64 MiB      68 MiB      70 MiB
FLD::MLABecLapAMG::assemble            7680      46 KiB      55 KiB      61 KiB      59 MiB      62 MiB      64 MiB
AMG::build_interp_mm                 274302     212 KiB     265 KiB     350 KiB      50 MiB      53 MiB      54 MiB
AMG::create_soc                      127032      32 KiB      47 KiB      55 KiB      33 MiB      35 MiB      36 MiB
AMG::truncate_interp                 167508      20 KiB      26 KiB      29 KiB      32 MiB      34 MiB      34 MiB
ResizeRandomSeed                        512      34 MiB      34 MiB      34 MiB      34 MiB      34 MiB      34 MiB
GMRES::cycle()                       171008      10 MiB      10 MiB      10 MiB      29 MiB      29 MiB      29 MiB
SpMatrix::trim_remote_rows           739566      10 MiB      11 MiB      12 MiB      26 MiB      28 MiB      29 MiB
FLD::NewtonKrylov::solve             162304      19 MiB      19 MiB      19 MiB      28 MiB      28 MiB      28 MiB
AMG::setup                           144480      17 MiB      18 MiB      18 MiB      21 MiB      22 MiB      23 MiB
ChebyshevSmoother                     80982      16 MiB      17 MiB      17 MiB      21 MiB      22 MiB      23 MiB
GMRES::solve()                       174080      12 MiB      12 MiB      12 MiB      17 MiB      17 MiB      17 MiB
AMG::pmis                            261688      67 KiB      96 KiB     119 KiB      12 MiB      12 MiB      13 MiB
FLD::MLABecLapAMG::precondition       28672    5013 KiB    5349 KiB    5464 KiB    8226 KiB    8610 KiB    8739 KiB
SpMatrix::startComm_tr               319912    4467   B    9753   B      16 KiB    1815 KiB    2943 KiB    3428 KiB
SpMatrix::finishComm_tr              169230     537 KiB    1091 KiB    1603 KiB     864 KiB    1657 KiB    2234 KiB
SpMatrix::prepare_comm_mv             73613     698 KiB    1069 KiB    1195 KiB     835 KiB    1281 KiB    1442 KiB
SpMatrix::gatherRemotePair            76704     864   B    1614   B    2199   B     496 KiB     966 KiB    1286 KiB
SpMatrix::preparePairHalo             76704    4825   B    8302   B      11 KiB     557 KiB     968 KiB    1174 KiB
SpMatrix::gatherRemote                80952    5992   B      12 KiB      19 KiB     418 KiB     767 KiB     933 KiB
SpMatrix::gather_pair_plan           195422      62   B     125   B     197   B     167 KiB     339 KiB     494 KiB
FLD::cloud_postprocessing              1024      10   B      11   B      14   B     440 KiB     440 KiB     440 KiB
FabArray::ParallelCopy_finish()       34688      21 KiB     103 KiB     215 KiB      23 KiB     172 KiB     370 KiB
FillBoundary_nowait()                 17152     173 KiB     229 KiB     256 KiB     193 KiB     256 KiB     287 KiB
FabArray::ParallelCopy_nowait()      104170      27 KiB      80 KiB     131 KiB      71 KiB     151 KiB     222 KiB
iMultiFab::sum()                       3072     253   B     253   B     253   B     220 KiB     220 KiB     220 KiB
GMRES::GramSchmidt::batched_dots      88064     175   B     193   B     216   B     220 KiB     220 KiB     220 KiB
FLD::compute_diffusion                17920      40   B      42   B      48   B     220 KiB     220 KiB     220 KiB
FLD::cloud_newton_prepare              2560      10   B      10   B      11   B     220 KiB     220 KiB     220 KiB
FLD::NewtonKrylov::line_search         5120      37   B     402   B     862   B     220 KiB     220 KiB     220 KiB
FLD::NewtonKrylov::Jacobian_action    11776      98   B     848   B    3929   B     220 KiB     220 KiB     220 KiB
FillPatchTwoLevels                    18176       0   B      41   B     268   B       0   B      41 KiB     164 KiB
FillBoundary_finish()                 11520      59 KiB     115 KiB     142 KiB      66 KiB     129 KiB     160 KiB
amrex::average_down                  567808    7421   B    8091   B    8650   B      73 KiB      75 KiB     137 KiB
FabArray::setVal()                    68096      49 KiB      49 KiB      49 KiB      57 KiB      57 KiB      57 KiB
amrex::Copy()                         24576      33 KiB      33 KiB      33 KiB      47 KiB      47 KiB      47 KiB
CellConservativeLinear::interp()      18176       0   B       1   B       6   B       0   B    6208   B      24 KiB
FLD::composite_topology                 256       0   B       0   B       6   B       0   B    5088   B      17 KiB
FabArray::LinComb()                    2560    1530   B    1530   B    1531   B    2048   B    2048   B    2048   B
-------------------------------------------------------------------------------------------------------------------

Async Memory Usage:
------------------------------------------------------------------------------------------------------
Name                    Nalloc  AvgMem min  AvgMem avg  AvgMem max  MaxMem min  MaxMem avg  MaxMem max
------------------------------------------------------------------------------------------------------
SpMatrix::transpose      34980      10 KiB      11 KiB      13 KiB      35 MiB      37 MiB      38 MiB
SpMatrix::startComm_tr  199945    2358   B    5236   B    9617   B    1110 KiB    1786 KiB    2068 KiB
amrex::average_down     532480     250   B     900   B    1441   B      64 KiB      64 KiB      64 KiB
------------------------------------------------------------------------------------------------------

Managed Memory Usage:
---------------------------------------------------------------------------------------------------------------
Name                             Nalloc  AvgMem min  AvgMem avg  AvgMem max  MaxMem min  MaxMem avg  MaxMem max
---------------------------------------------------------------------------------------------------------------
The_Managed_Arena::Initialize()     512       0   B       0   B       0   B    8192 KiB    8192 KiB    8192 KiB
---------------------------------------------------------------------------------------------------------------

Pinned Memory Usage:
--------------------------------------------------------------------------------------------------------------------------
Name                                        Nalloc  AvgMem min  AvgMem avg  AvgMem max  MaxMem min  MaxMem avg  MaxMem max
--------------------------------------------------------------------------------------------------------------------------
FLD::composite_assembly                      11776      59 MiB      60 MiB      60 MiB     116 MiB     119 MiB     120 MiB
FLD::composite_residual_without_assembly     89088     102 MiB     102 MiB     102 MiB     108 MiB     109 MiB     109 MiB
FLD::composite_topology                      42112      31 MiB      41 MiB      44 MiB      51 MiB      68 MiB      74 MiB
FLD::assembly::fine_b_plan                   69888      11 MiB      22 MiB      58 MiB      16 MiB      30 MiB      72 MiB
FLD::residual::fine_b_plan                   69888      11 MiB      22 MiB      59 MiB      16 MiB      29 MiB      69 MiB
FLD::MLABecLapAMG::assemble                 304640    5678 KiB    5683 KiB    5685 KiB      30 MiB      30 MiB      30 MiB
FLD::MLABecLapAMG::precondition             516096      10 MiB      10 MiB      10 MiB      16 MiB      16 MiB      17 MiB
The_Pinned_Arena::Initialize()                 512       0   B       0   B       0   B    8192 KiB    8192 KiB    8192 KiB
SpGEMM                                      252009      10 KiB      38 KiB      77 KiB    1777 KiB    3672 KiB    5584 KiB
FLD::MLABecLapAMG::residualWithoutAssembly    8704    4063 KiB    4070 KiB    4072 KiB    4352 KiB    4352 KiB    4352 KiB
SpMatrix::finishComm_tr                     304614    3511   B      14 KiB      28 KiB    1319 KiB    2481 KiB    3269 KiB
SpMatrix::startComm_tr                      119967      11 KiB      18 KiB      24 KiB     693 KiB    1143 KiB    1344 KiB
SpMatrix::define_split                      276125    2121   B    6199   B    9674   B     709 KiB    1126 KiB    1320 KiB
SpMatrix::preparePairHalo                    76704     953   B    1567   B    1749   B     557 KiB     968 KiB    1174 KiB
SpMatrix::prepare_comm_mv                    73613       9   B      21   B      55   B     228 KiB     339 KiB     373 KiB
FabArray::ParallelCopy_finish()              34688      21 KiB     103 KiB     215 KiB      23 KiB     172 KiB     370 KiB
FillBoundary_nowait()                        17152     173 KiB     229 KiB     256 KiB     193 KiB     256 KiB     287 KiB
SpMatrix::split_csr                           5120      26   B     108   B     226   B     114 KiB     185 KiB     247 KiB
FabArray::ParallelCopy_nowait()             104170      27 KiB      80 KiB     131 KiB      71 KiB     151 KiB     222 KiB
FillBoundary_finish()                        11520      59 KiB     115 KiB     142 KiB      66 KiB     129 KiB     160 KiB
FabArray::setVal()                           68096      49 KiB      49 KiB      49 KiB      57 KiB      57 KiB      57 KiB
amrex::Copy()                                24576      33 KiB      33 KiB      33 KiB      47 KiB      47 KiB      47 KiB
amrex::average_down                          35328    7170   B    7189   B    7207   B    9472   B    9472   B    9472   B
FLD::cloud_setup                              1152       0   B       0   B       0   B     256   B    1856   B    6656   B
FabArray::LinComb()                           2560    1530   B    1530   B    1531   B    2048   B    2048   B    2048   B
iMultiFab::sum()                              3072     250   B     250   B     251   B     768   B     768   B     768   B
FLD::compute_diffusion                       17920       0   B       0   B       0   B     256   B     256   B     256   B
GMRES::GramSchmidt::batched_dots             88064       0   B       0   B       0   B     256   B     256   B     256   B
GMRES::cycle()                               14336       0   B       0   B       0   B     256   B     256   B     256   B
FLD::cloud_postprocessing                     1024       0   B       0   B       0   B     256   B     256   B     256   B
FLD::cloud_newton_prepare                     2560       0   B       0   B       0   B     256   B     256   B     256   B
FLD::NewtonKrylov::solve                      5632       0   B       0   B       0   B     256   B     256   B     256   B
FLD::NewtonKrylov::line_search                5120       0   B       0   B       1   B     256   B     256   B     256   B
FLD::NewtonKrylov::Jacobian_action           11776       0   B       0   B       4   B     256   B     256   B     256   B
CellConservativeLinear::interp()              9088       0   B       0   B       0   B       0   B      64   B     256   B
AMG::truncate_interp                         43278       0   B       0   B       0   B     256   B     256   B     256   B
SpMatrix::trim_remote_rows                  139573       0   B       0   B       0   B     256   B     256   B     256   B
AMG::setup                                   43278       0   B       0   B       0   B     256   B     256   B     256   B
AMG::pmis                                   180736       0   B       0   B       0   B     256   B     256   B     256   B
AMG::create_soc                              23040       0   B       0   B       0   B     256   B     256   B     256   B
AMG::build_interp_mm                         66318       0   B       0   B       0   B     256   B     256   B     256   B
--------------------------------------------------------------------------------------------------------------------------

Comms Memory Usage:
----------------------------------------------------------------------------------------------------------------
Name                              Nalloc  AvgMem min  AvgMem avg  AvgMem max  MaxMem min  MaxMem avg  MaxMem max
----------------------------------------------------------------------------------------------------------------
FabArray::ParallelCopy_nowait()   200560      66 KiB     161 KiB     593 KiB    4382 KiB    8700 KiB      21 MiB
SpGEMM                            171367      17 KiB      57 KiB     103 KiB    6139 KiB       9 MiB      12 MiB
The_Comms_Arena::Initialize()        512       0   B       0   B       0   B    8192 KiB    8192 KiB    8192 KiB
FillBoundary_nowait()             277504    2368   B    7910   B      18 KiB     757 KiB    1307 KiB    1549 KiB
SpMatrix::gather_pair_plan        390844     163   B     314   B     449   B     388 KiB     669 KiB     856 KiB
SpMatrix::startComm_mv           2212404      38 KiB      69 KiB      94 KiB     388 KiB     669 KiB     856 KiB
SpMatrix::gatherRemote            459268     142   B     277   B     352   B     324 KiB     604 KiB     734 KiB
----------------------------------------------------------------------------------------------------------------

Total GPU global memory (MB) spread across MPI: [65520 ... 65520]
Free  GPU global memory (MB) spread across MPI: [15944 ... 15962]
[The         Arena] max space (MB) allocated spread across MPI: [49140 ... 49140]
[The         Arena] max space (MB) used      spread across MPI: [469 ... 497]
[The Managed Arena] max space (MB) allocated spread across MPI: [8 ... 8]
[The Managed Arena] max space (MB) used      spread across MPI: [0 ... 0]
[The  Pinned Arena] max space (MB) allocated spread across MPI: [417 ... 619]
[The  Pinned Arena] max space (MB) used      spread across MPI: [335 ... 424]
[The   Comms Arena] max space (MB) allocated spread across MPI: [8 ... 24]
[The   Comms Arena] max space (MB) used      spread across MPI: [6 ... 21]

MPICH Slingshot Network Summary: 3 network timeouts

MPICH Slingshot CXI Counter Summary:
Counter                                Samples          Min         (/s)         Mean         (/s)          Max         (/s)
rh:sct_timeouts                              1            1          0.1            1          0.1            1          0.1
rh:spt_timeouts                              1            2          0.1            2          0.1            2          0.1
atu_cache_evictions                        256          130          6.5        31279       1564.0       142502       7125.1
atu_cache_hit_base_page_size_0             256       112072       5603.6      1487550      74377.5      2159603     107980.1
atu_cache_hit_derivative1_page_size_0      256       396497      19824.8      1982081      99104.0      2829017     141450.9
lpe_net_match_priority_0                   256        43749       2187.4       122429       6121.4       170036       8501.8
lpe_net_match_overflow_0                   256         9330        466.5        60258       3012.9       216872      10843.6
lpe_net_match_request_0                    256            1          0.1           15          0.8           95          4.8
lpe_rndzv_puts_0                           256         1511         75.5         6348        317.4         9909        495.4
lpe_rndzv_puts_offloaded_0                 256         1511         75.5         6348        317.4         9909        495.4
hni_rx_paused_0                            256          644         32.2       136580       6829.0      1182626      59131.3
hni_rx_paused_1                            256       115716       5785.8     14464295     723214.7    146667453    7333372.7
hni_tx_paused_0                              6         3575        178.8        55966       2798.3       115045       5752.2
hni_tx_paused_1                            156           24          1.2        49555       2477.7       355343      17767.2
parbs_tarb_pi_posted_pkts                  256       588668      29433.4      3516237     175811.8     11153387     557669.3
parbs_tarb_pi_posted_blocked_cnt           256       428985      21449.2     31808354    1590417.7    236380003   11819000.2
parbs_tarb_pi_non_posted_pkts              256       376357      18817.8      3343675     167183.7      4849886     242494.3
parbs_tarb_pi_non_posted_blocked_cnt       256         2041        102.0       758453      37922.6      8669038     433451.9
rh:pkts_cancelled_o                          1            1          0.1            1          0.1            1          0.1

Computed Ratios                              Min   Mean    Max
PCIe posted (write) blocked cycles/pkt       0.4    4.4   21.2
PCIe non-posted (read) blocked cycles/pkt    0.0    0.2    1.9
AMReX (26.09-216-g49f8465e6225) finalized
