Initializing AMReX (26.09-216-g49f8465e6225)...
MPI initialized with 28672 MPI processes
MPI initialized with thread support level 0
AMReX (26.09-216-g49f8465e6225) initialized
The cloud-layer FLD system Newton 0: residual=70894.85046, GMRES rtol=0.5
AMG setup messages level=0 phase=strength sends=0 bytes=0 collective_rank_calls=28672
AMG setup messages level=0 phase=strength-transpose sends=234750 bytes=10071605824 collective_rank_calls=28672
AMG setup messages level=0 phase=PMIS sends=5232060 bytes=34697787904 collective_rank_calls=315392
AMG setup messages level=0 phase=numbering sends=0 bytes=0 collective_rank_calls=28672
AMG setup messages level=0 phase=interpolation sends=1408500 bytes=13901434208 collective_rank_calls=28672
AMG setup messages level=0 phase=interpolation-transpose sends=582655 bytes=4380984416 collective_rank_calls=28672
AMG setup messages level=0 phase=A*P sends=721140 bytes=23859045936 collective_rank_calls=28672
AMG setup messages level=0 phase=R*(A*P) sends=1747965 bytes=31964438336 collective_rank_calls=28672
AMG setup messages level=1 phase=strength sends=0 bytes=0 collective_rank_calls=28672
AMG setup messages level=1 phase=strength-transpose sends=637915 bytes=12072169208 collective_rank_calls=28672
AMG setup messages level=1 phase=PMIS sends=15356825 bytes=23973947108 collective_rank_calls=344064
AMG setup messages level=1 phase=numbering sends=0 bytes=0 collective_rank_calls=28672
AMG setup messages level=1 phase=interpolation sends=3795636 bytes=14366847000 collective_rank_calls=28672
AMG setup messages level=1 phase=interpolation-transpose sends=630899 bytes=4112635104 collective_rank_calls=28672
AMG setup messages level=1 phase=A*P sends=2156400 bytes=23063111328 collective_rank_calls=28672
AMG setup messages level=1 phase=R*(A*P) sends=1892697 bytes=60150766336 collective_rank_calls=28672
AMG setup messages level=2 phase=strength sends=0 bytes=0 collective_rank_calls=28672
AMG setup messages level=2 phase=strength-transpose sends=733055 bytes=5342050352 collective_rank_calls=28672
AMG setup messages level=2 phase=PMIS sends=19160272 bytes=8634226704 collective_rank_calls=372736
AMG setup messages level=2 phase=numbering sends=0 bytes=0 collective_rank_calls=28672
AMG setup messages level=2 phase=interpolation sends=4330392 bytes=5587662172 collective_rank_calls=28672
AMG setup messages level=2 phase=interpolation-transpose sends=618552 bytes=1148701712 collective_rank_calls=28672
AMG setup messages level=2 phase=A*P sends=2551818 bytes=9575366688 collective_rank_calls=28672
AMG setup messages level=2 phase=R*(A*P) sends=1855656 bytes=26015778848 collective_rank_calls=28672
AMG setup messages level=3 phase=strength sends=0 bytes=0 collective_rank_calls=28672
AMG setup messages level=3 phase=strength-transpose sends=751833 bytes=1369422424 collective_rank_calls=28672
AMG setup messages level=3 phase=PMIS sends=16645194 bytes=1970036016 collective_rank_calls=315392
AMG setup messages level=3 phase=numbering sends=0 bytes=0 collective_rank_calls=28672
AMG setup messages level=3 phase=interpolation sends=4440537 bytes=1544208308 collective_rank_calls=28672
AMG setup messages level=3 phase=interpolation-transpose sends=540038 bytes=266319552 collective_rank_calls=28672
AMG setup messages level=3 phase=A*P sends=2592408 bytes=3049422688 collective_rank_calls=28672
AMG setup messages level=3 phase=R*(A*P) sends=1620114 bytes=7029637280 collective_rank_calls=28672
AMG setup messages level=4 phase=strength sends=0 bytes=0 collective_rank_calls=28672
AMG setup messages level=4 phase=strength-transpose sends=736293 bytes=285040124 collective_rank_calls=28672
AMG setup messages level=4 phase=PMIS sends=14956035 bytes=482306484 collective_rank_calls=286720
AMG setup messages level=4 phase=numbering sends=0 bytes=0 collective_rank_calls=28672
AMG setup messages level=4 phase=interpolation sends=4309524 bytes=405516032 collective_rank_calls=28672
AMG setup messages level=4 phase=interpolation-transpose sends=383587 bytes=57830640 collective_rank_calls=28672
AMG setup messages level=4 phase=A*P sends=3858246 bytes=1042505712 collective_rank_calls=28672
AMG setup messages level=4 phase=R*(A*P) sends=1150761 bytes=1527322160 collective_rank_calls=28672
AMG setup messages level=5 phase=strength sends=0 bytes=0 collective_rank_calls=28672
AMG setup messages level=5 phase=strength-transpose sends=707924 bytes=54623936 collective_rank_calls=28672
AMG setup messages level=5 phase=PMIS sends=16699280 bytes=135425648 collective_rank_calls=315392
AMG setup messages level=5 phase=numbering sends=0 bytes=0 collective_rank_calls=28672
AMG setup messages level=5 phase=interpolation sends=3904725 bytes=92567336 collective_rank_calls=28672
AMG setup messages level=5 phase=interpolation-transpose sends=164013 bytes=11887712 collective_rank_calls=28672
AMG setup messages level=5 phase=A*P sends=7070364 bytes=400533728 collective_rank_calls=28672
AMG setup messages level=5 phase=R*(A*P) sends=492039 bytes=237051424 collective_rank_calls=28672
AMG setup messages level=6 phase=strength sends=0 bytes=0 collective_rank_calls=28672
AMG setup messages level=6 phase=strength-transpose sends=147444 bytes=7633992 collective_rank_calls=28672
AMG setup messages level=6 phase=PMIS sends=2930712 bytes=16431040 collective_rank_calls=229376
AMG setup messages level=6 phase=numbering sends=0 bytes=0 collective_rank_calls=28672
AMG setup messages level=6 phase=interpolation sends=753285 bytes=11735652 collective_rank_calls=28672
AMG setup messages level=6 phase=interpolation-transpose sends=40697 bytes=2380704 collective_rank_calls=28672
AMG setup messages level=6 phase=A*P sends=2625576 bytes=80734480 collective_rank_calls=28672
AMG setup messages level=6 phase=R*(A*P) sends=122091 bytes=33102912 collective_rank_calls=28672
AMG setup messages level=7 phase=strength sends=0 bytes=0 collective_rank_calls=28672
AMG setup messages level=7 phase=strength-transpose sends=23053 bytes=1145136 collective_rank_calls=28672
AMG setup messages level=7 phase=PMIS sends=522163 bytes=2832808 collective_rank_calls=229376
AMG setup messages level=7 phase=numbering sends=0 bytes=0 collective_rank_calls=28672
AMG setup messages level=7 phase=interpolation sends=108615 bytes=1437036 collective_rank_calls=28672
AMG setup messages level=7 phase=interpolation-transpose sends=9123 bytes=506944 collective_rank_calls=28672
AMG setup messages level=7 phase=A*P sends=487188 bytes=13116464 collective_rank_calls=28672
AMG setup messages level=7 phase=R*(A*P) sends=27369 bytes=5190528 collective_rank_calls=28672
AMG setup messages level=8 phase=strength sends=0 bytes=0 collective_rank_calls=28672
AMG setup messages level=8 phase=strength-transpose sends=5443 bytes=271996 collective_rank_calls=28672
AMG setup messages level=8 phase=PMIS sends=69169 bytes=432672 collective_rank_calls=114688
AMG setup messages level=8 phase=numbering sends=0 bytes=0 collective_rank_calls=28672
AMG setup messages level=8 phase=interpolation sends=24081 bytes=249160 collective_rank_calls=28672
AMG setup messages level=8 phase=interpolation-transpose sends=2840 bytes=157344 collective_rank_calls=28672
AMG setup messages level=8 phase=A*P sends=105378 bytes=2740128 collective_rank_calls=28672
AMG setup messages level=8 phase=R*(A*P) sends=8520 bytes=884144 collective_rank_calls=28672
AMG setup messages level=9 phase=strength sends=0 bytes=0 collective_rank_calls=28672
AMG setup messages level=9 phase=strength-transpose sends=1495 bytes=75068 collective_rank_calls=28672
AMG setup messages level=9 phase=PMIS sends=10411 bytes=80900 collective_rank_calls=57344
AMG setup messages level=9 phase=numbering sends=0 bytes=0 collective_rank_calls=28672
AMG setup messages level=9 phase=interpolation sends=7623 bytes=63372 collective_rank_calls=28672
AMG setup messages level=9 phase=interpolation-transpose sends=445 bytes=24960 collective_rank_calls=28672
AMG setup messages level=9 phase=A*P sends=15510 bytes=204832 collective_rank_calls=28672
AMG setup messages level=9 phase=R*(A*P) sends=1335 bytes=21440 collective_rank_calls=28672
GMRES: iter = 0, residual = 18922.54056, 1 (rel.)
GMRES: iter = 1, residual = 6012.208389, 0.3177273352 (rel.)
GMRES: Solve Time = 0.692984991
The cloud-layer FLD system Newton 1: residual=6012.208358, GMRES rtol=0.225
AMG setup messages level=0 phase=strength sends=0 bytes=0 collective_rank_calls=28672
AMG setup messages level=0 phase=strength-transpose sends=234750 bytes=10071605824 collective_rank_calls=28672
AMG setup messages level=0 phase=PMIS sends=4756930 bytes=31812485376 collective_rank_calls=286720
AMG setup messages level=0 phase=numbering sends=0 bytes=0 collective_rank_calls=28672
AMG setup messages level=0 phase=interpolation sends=1408500 bytes=13902072768 collective_rank_calls=28672
AMG setup messages level=0 phase=interpolation-transpose sends=582487 bytes=4381086352 collective_rank_calls=28672
AMG setup messages level=0 phase=A*P sends=721140 bytes=23859391216 collective_rank_calls=28672
AMG setup messages level=0 phase=R*(A*P) sends=1747461 bytes=31966889552 collective_rank_calls=28672
AMG setup messages level=1 phase=strength sends=0 bytes=0 collective_rank_calls=28672
AMG setup messages level=1 phase=strength-transpose sends=637459 bytes=12071460800 collective_rank_calls=28672
AMG setup messages level=1 phase=PMIS sends=17900677 bytes=27651214952 collective_rank_calls=401408
AMG setup messages level=1 phase=numbering sends=0 bytes=0 collective_rank_calls=28672
AMG setup messages level=1 phase=interpolation sends=3794517 bytes=14366213660 collective_rank_calls=28672
AMG setup messages level=1 phase=interpolation-transpose sends=630694 bytes=4112141792 collective_rank_calls=28672
AMG setup messages level=1 phase=A*P sends=2154480 bytes=23062598880 collective_rank_calls=28672
AMG setup messages level=1 phase=R*(A*P) sends=1892082 bytes=60151686720 collective_rank_calls=28672
AMG setup messages level=2 phase=strength sends=0 bytes=0 collective_rank_calls=28672
AMG setup messages level=2 phase=strength-transpose sends=733549 bytes=5342138780 collective_rank_calls=28672
AMG setup messages level=2 phase=PMIS sends=17699309 bytes=8019835988 collective_rank_calls=344064
AMG setup messages level=2 phase=numbering sends=0 bytes=0 collective_rank_calls=28672
AMG setup messages level=2 phase=interpolation sends=4332354 bytes=5588123792 collective_rank_calls=28672
AMG setup messages level=2 phase=interpolation-transpose sends=618990 bytes=1148692272 collective_rank_calls=28672
AMG setup messages level=2 phase=A*P sends=2552154 bytes=9575279440 collective_rank_calls=28672
AMG setup messages level=2 phase=R*(A*P) sends=1856970 bytes=26015722688 collective_rank_calls=28672
AMG setup messages level=3 phase=strength sends=0 bytes=0 collective_rank_calls=28672
AMG setup messages level=3 phase=strength-transpose sends=752289 bytes=1369375400 collective_rank_calls=28672
AMG setup messages level=3 phase=PMIS sends=16655298 bytes=1970003760 collective_rank_calls=315392
AMG setup messages level=3 phase=numbering sends=0 bytes=0 collective_rank_calls=28672
AMG setup messages level=3 phase=interpolation sends=4443669 bytes=1544576020 collective_rank_calls=28672
AMG setup messages level=3 phase=interpolation-transpose sends=540129 bytes=266280288 collective_rank_calls=28672
AMG setup messages level=3 phase=A*P sends=2592042 bytes=3049059104 collective_rank_calls=28672
AMG setup messages level=3 phase=R*(A*P) sends=1620387 bytes=7027329776 collective_rank_calls=28672
AMG setup messages level=4 phase=strength sends=0 bytes=0 collective_rank_calls=28672
AMG setup messages level=4 phase=strength-transpose sends=735783 bytes=285022040 collective_rank_calls=28672
AMG setup messages level=4 phase=PMIS sends=16440342 bytes=525688192 collective_rank_calls=315392
AMG setup messages level=4 phase=numbering sends=0 bytes=0 collective_rank_calls=28672
AMG setup messages level=4 phase=interpolation sends=4308204 bytes=405117476 collective_rank_calls=28672
AMG setup messages level=4 phase=interpolation-transpose sends=384260 bytes=57858176 collective_rank_calls=28672
AMG setup messages level=4 phase=A*P sends=3855240 bytes=1042605328 collective_rank_calls=28672
AMG setup messages level=4 phase=R*(A*P) sends=1152780 bytes=1527921296 collective_rank_calls=28672
AMG setup messages level=5 phase=strength sends=0 bytes=0 collective_rank_calls=28672
AMG setup messages level=5 phase=strength-transpose sends=709298 bytes=54578512 collective_rank_calls=28672
AMG setup messages level=5 phase=PMIS sends=18245490 bytes=146465164 collective_rank_calls=344064
AMG setup messages level=5 phase=numbering sends=0 bytes=0 collective_rank_calls=28672
AMG setup messages level=5 phase=interpolation sends=3914328 bytes=93001080 collective_rank_calls=28672
AMG setup messages level=5 phase=interpolation-transpose sends=164038 bytes=11923328 collective_rank_calls=28672
AMG setup messages level=5 phase=A*P sends=7088268 bytes=401130704 collective_rank_calls=28672
AMG setup messages level=5 phase=R*(A*P) sends=492114 bytes=237212688 collective_rank_calls=28672
AMG setup messages level=6 phase=strength sends=0 bytes=0 collective_rank_calls=28672
AMG setup messages level=6 phase=strength-transpose sends=146101 bytes=7593080 collective_rank_calls=28672
AMG setup messages level=6 phase=PMIS sends=3248568 bytes=18000800 collective_rank_calls=258048
AMG setup messages level=6 phase=numbering sends=0 bytes=0 collective_rank_calls=28672
AMG setup messages level=6 phase=interpolation sends=749838 bytes=11561012 collective_rank_calls=28672
AMG setup messages level=6 phase=interpolation-transpose sends=39277 bytes=2308336 collective_rank_calls=28672
AMG setup messages level=6 phase=A*P sends=2609256 bytes=80292560 collective_rank_calls=28672
AMG setup messages level=6 phase=R*(A*P) sends=117831 bytes=32134144 collective_rank_calls=28672
AMG setup messages level=7 phase=strength sends=0 bytes=0 collective_rank_calls=28672
AMG setup messages level=7 phase=strength-transpose sends=21705 bytes=1095812 collective_rank_calls=28672
AMG setup messages level=7 phase=PMIS sends=437286 bytes=2461016 collective_rank_calls=200704
AMG setup messages level=7 phase=numbering sends=0 bytes=0 collective_rank_calls=28672
AMG setup messages level=7 phase=interpolation sends=102414 bytes=1343940 collective_rank_calls=28672
AMG setup messages level=7 phase=interpolation-transpose sends=9159 bytes=516800 collective_rank_calls=28672
AMG setup messages level=7 phase=A*P sends=470208 bytes=12869056 collective_rank_calls=28672
AMG setup messages level=7 phase=R*(A*P) sends=27477 bytes=5237456 collective_rank_calls=28672
AMG setup messages level=8 phase=strength sends=0 bytes=0 collective_rank_calls=28672
AMG setup messages level=8 phase=strength-transpose sends=4911 bytes=245916 collective_rank_calls=28672
AMG setup messages level=8 phase=PMIS sends=62513 bytes=394224 collective_rank_calls=114688
AMG setup messages level=8 phase=numbering sends=0 bytes=0 collective_rank_calls=28672
AMG setup messages level=8 phase=interpolation sends=20772 bytes=231340 collective_rank_calls=28672
AMG setup messages level=8 phase=interpolation-transpose sends=2601 bytes=146944 collective_rank_calls=28672
AMG setup messages level=8 phase=A*P sends=96732 bytes=2577792 collective_rank_calls=28672
AMG setup messages level=8 phase=R*(A*P) sends=7803 bytes=883072 collective_rank_calls=28672
AMG setup messages level=9 phase=strength sends=0 bytes=0 collective_rank_calls=28672
AMG setup messages level=9 phase=strength-transpose sends=1692 bytes=85092 collective_rank_calls=28672
AMG setup messages level=9 phase=PMIS sends=11784 bytes=91788 collective_rank_calls=57344
AMG setup messages level=9 phase=numbering sends=0 bytes=0 collective_rank_calls=28672
AMG setup messages level=9 phase=interpolation sends=7317 bytes=69696 collective_rank_calls=28672
AMG setup messages level=9 phase=interpolation-transpose sends=936 bytes=52992 collective_rank_calls=28672
AMG setup messages level=9 phase=A*P sends=18054 bytes=350368 collective_rank_calls=28672
AMG setup messages level=9 phase=R*(A*P) sends=2808 bytes=69120 collective_rank_calls=28672
GMRES: iter = 0, residual = 7261.824371, 1 (rel.)
GMRES: iter = 1, residual = 3955.953393, 0.5447602684 (rel.)
GMRES: iter = 2, residual = 1155.245005, 0.1590846799 (rel.)
GMRES: Solve Time = 1.056157623
The cloud-layer FLD system Newton 2: residual=1155.245159, GMRES rtol=0.02277714791
AMG setup messages level=0 phase=strength sends=0 bytes=0 collective_rank_calls=28672
AMG setup messages level=0 phase=strength-transpose sends=234750 bytes=10071605824 collective_rank_calls=28672
AMG setup messages level=0 phase=PMIS sends=4756930 bytes=31812485376 collective_rank_calls=286720
AMG setup messages level=0 phase=numbering sends=0 bytes=0 collective_rank_calls=28672
AMG setup messages level=0 phase=interpolation sends=1408500 bytes=13901759536 collective_rank_calls=28672
AMG setup messages level=0 phase=interpolation-transpose sends=582430 bytes=4380874688 collective_rank_calls=28672
AMG setup messages level=0 phase=A*P sends=721140 bytes=23858951600 collective_rank_calls=28672
AMG setup messages level=0 phase=R*(A*P) sends=1747290 bytes=31964109840 collective_rank_calls=28672
AMG setup messages level=1 phase=strength sends=0 bytes=0 collective_rank_calls=28672
AMG setup messages level=1 phase=strength-transpose sends=637973 bytes=12072683712 collective_rank_calls=28672
AMG setup messages level=1 phase=PMIS sends=16635836 bytes=25814201120 collective_rank_calls=372736
AMG setup messages level=1 phase=numbering sends=0 bytes=0 collective_rank_calls=28672
AMG setup messages level=1 phase=interpolation sends=3796875 bytes=14368382168 collective_rank_calls=28672
AMG setup messages level=1 phase=interpolation-transpose sends=630798 bytes=4112741376 collective_rank_calls=28672
AMG setup messages level=1 phase=A*P sends=2153778 bytes=23062935536 collective_rank_calls=28672
AMG setup messages level=1 phase=R*(A*P) sends=1892394 bytes=60156027776 collective_rank_calls=28672
AMG setup messages level=2 phase=strength sends=0 bytes=0 collective_rank_calls=28672
AMG setup messages level=2 phase=strength-transpose sends=733302 bytes=5342499612 collective_rank_calls=28672
AMG setup messages level=2 phase=PMIS sends=17693186 bytes=8019859812 collective_rank_calls=344064
AMG setup messages level=2 phase=numbering sends=0 bytes=0 collective_rank_calls=28672
AMG setup messages level=2 phase=interpolation sends=4330203 bytes=5588277424 collective_rank_calls=28672
AMG setup messages level=2 phase=interpolation-transpose sends=618935 bytes=1148614960 collective_rank_calls=28672
AMG setup messages level=2 phase=A*P sends=2552202 bytes=9576362240 collective_rank_calls=28672
AMG setup messages level=2 phase=R*(A*P) sends=1856805 bytes=26011105072 collective_rank_calls=28672
AMG setup messages level=3 phase=strength sends=0 bytes=0 collective_rank_calls=28672
AMG setup messages level=3 phase=strength-transpose sends=751947 bytes=1369579336 collective_rank_calls=28672
AMG setup messages level=3 phase=PMIS sends=18159113 bytes=2133629540 collective_rank_calls=344064
AMG setup messages level=3 phase=numbering sends=0 bytes=0 collective_rank_calls=28672
AMG setup messages level=3 phase=interpolation sends=4439988 bytes=1543823624 collective_rank_calls=28672
AMG setup messages level=3 phase=interpolation-transpose sends=540361 bytes=266462272 collective_rank_calls=28672
AMG setup messages level=3 phase=A*P sends=2592474 bytes=3049158160 collective_rank_calls=28672
AMG setup messages level=3 phase=R*(A*P) sends=1621083 bytes=7028061872 collective_rank_calls=28672
AMG setup messages level=4 phase=strength sends=0 bytes=0 collective_rank_calls=28672
AMG setup messages level=4 phase=strength-transpose sends=735968 bytes=284894112 collective_rank_calls=28672
AMG setup messages level=4 phase=PMIS sends=17936960 bytes=568733792 collective_rank_calls=344064
AMG setup messages level=4 phase=numbering sends=0 bytes=0 collective_rank_calls=28672
AMG setup messages level=4 phase=interpolation sends=4309005 bytes=405638836 collective_rank_calls=28672
AMG setup messages level=4 phase=interpolation-transpose sends=383109 bytes=57783376 collective_rank_calls=28672
AMG setup messages level=4 phase=A*P sends=3857724 bytes=1041819776 collective_rank_calls=28672
AMG setup messages level=4 phase=R*(A*P) sends=1149327 bytes=1524056880 collective_rank_calls=28672
AMG setup messages level=5 phase=strength sends=0 bytes=0 collective_rank_calls=28672
AMG setup messages level=5 phase=strength-transpose sends=705708 bytes=54640020 collective_rank_calls=28672
AMG setup messages level=5 phase=PMIS sends=16662120 bytes=135497384 collective_rank_calls=315392
AMG setup messages level=5 phase=numbering sends=0 bytes=0 collective_rank_calls=28672
AMG setup messages level=5 phase=interpolation sends=3896505 bytes=92819100 collective_rank_calls=28672
AMG setup messages level=5 phase=interpolation-transpose sends=163878 bytes=11923344 collective_rank_calls=28672
AMG setup messages level=5 phase=A*P sends=7056798 bytes=400843296 collective_rank_calls=28672
AMG setup messages level=5 phase=R*(A*P) sends=491634 bytes=237258544 collective_rank_calls=28672
AMG setup messages level=6 phase=strength sends=0 bytes=0 collective_rank_calls=28672
AMG setup messages level=6 phase=strength-transpose sends=146339 bytes=7611852 collective_rank_calls=28672
AMG setup messages level=6 phase=PMIS sends=2903483 bytes=16341092 collective_rank_calls=229376
AMG setup messages level=6 phase=numbering sends=0 bytes=0 collective_rank_calls=28672
AMG setup messages level=6 phase=interpolation sends=747543 bytes=11679836 collective_rank_calls=28672
AMG setup messages level=6 phase=interpolation-transpose sends=39471 bytes=2330736 collective_rank_calls=28672
AMG setup messages level=6 phase=A*P sends=2625060 bytes=80505280 collective_rank_calls=28672
AMG setup messages level=6 phase=R*(A*P) sends=118413 bytes=32336048 collective_rank_calls=28672
AMG setup messages level=7 phase=strength sends=0 bytes=0 collective_rank_calls=28672
AMG setup messages level=7 phase=strength-transpose sends=22305 bytes=1123348 collective_rank_calls=28672
AMG setup messages level=7 phase=PMIS sends=448150 bytes=2512512 collective_rank_calls=200704
AMG setup messages level=7 phase=numbering sends=0 bytes=0 collective_rank_calls=28672
AMG setup messages level=7 phase=interpolation sends=105543 bytes=1388272 collective_rank_calls=28672
AMG setup messages level=7 phase=interpolation-transpose sends=9545 bytes=529856 collective_rank_calls=28672
AMG setup messages level=7 phase=A*P sends=473094 bytes=12997024 collective_rank_calls=28672
AMG setup messages level=7 phase=R*(A*P) sends=28635 bytes=5353328 collective_rank_calls=28672
AMG setup messages level=8 phase=strength sends=0 bytes=0 collective_rank_calls=28672
AMG setup messages level=8 phase=strength-transpose sends=4850 bytes=238532 collective_rank_calls=28672
AMG setup messages level=8 phase=PMIS sends=61880 bytes=380720 collective_rank_calls=114688
AMG setup messages level=8 phase=numbering sends=0 bytes=0 collective_rank_calls=28672
AMG setup messages level=8 phase=interpolation sends=20724 bytes=247232 collective_rank_calls=28672
AMG setup messages level=8 phase=interpolation-transpose sends=2963 bytes=165808 collective_rank_calls=28672
AMG setup messages level=8 phase=A*P sends=103050 bytes=2735552 collective_rank_calls=28672
AMG setup messages level=8 phase=R*(A*P) sends=8889 bytes=834960 collective_rank_calls=28672
AMG setup messages level=9 phase=strength sends=0 bytes=0 collective_rank_calls=28672
AMG setup messages level=9 phase=strength-transpose sends=1497 bytes=73044 collective_rank_calls=28672
AMG setup messages level=9 phase=PMIS sends=10401 bytes=77308 collective_rank_calls=57344
AMG setup messages level=9 phase=numbering sends=0 bytes=0 collective_rank_calls=28672
AMG setup messages level=9 phase=interpolation sends=7779 bytes=65012 collective_rank_calls=28672
AMG setup messages level=9 phase=interpolation-transpose sends=395 bytes=21456 collective_rank_calls=28672
AMG setup messages level=9 phase=A*P sends=15972 bytes=201984 collective_rank_calls=28672
AMG setup messages level=9 phase=R*(A*P) sends=1185 bytes=17632 collective_rank_calls=28672
GMRES: iter = 0, residual = 1700.372102, 1 (rel.)
GMRES: iter = 1, residual = 894.0431971, 0.5257926757 (rel.)
GMRES: iter = 2, residual = 265.0207599, 0.1558604494 (rel.)
GMRES: iter = 3, residual = 61.70044479, 0.03628643679 (rel.)
GMRES: iter = 4, residual = 16.55129089, 0.009733922867 (rel.)
GMRES: Solve Time = 1.921829663
The cloud-layer FLD system Newton 3: residual=16.55236235, GMRES rtol=0.0001
AMG setup messages level=0 phase=strength sends=0 bytes=0 collective_rank_calls=28672
AMG setup messages level=0 phase=strength-transpose sends=234750 bytes=10071605824 collective_rank_calls=28672
AMG setup messages level=0 phase=PMIS sends=4756930 bytes=31812485376 collective_rank_calls=286720
AMG setup messages level=0 phase=numbering sends=0 bytes=0 collective_rank_calls=28672
AMG setup messages level=0 phase=interpolation sends=1408500 bytes=13901487328 collective_rank_calls=28672
AMG setup messages level=0 phase=interpolation-transpose sends=582489 bytes=4381034752 collective_rank_calls=28672
AMG setup messages level=0 phase=A*P sends=721140 bytes=23859029664 collective_rank_calls=28672
AMG setup messages level=0 phase=R*(A*P) sends=1747467 bytes=31964899248 collective_rank_calls=28672
AMG setup messages level=1 phase=strength sends=0 bytes=0 collective_rank_calls=28672
AMG setup messages level=1 phase=strength-transpose sends=638049 bytes=12072113228 collective_rank_calls=28672
AMG setup messages level=1 phase=PMIS sends=15358845 bytes=23974624024 collective_rank_calls=344064
AMG setup messages level=1 phase=numbering sends=0 bytes=0 collective_rank_calls=28672
AMG setup messages level=1 phase=interpolation sends=3796929 bytes=14367956128 collective_rank_calls=28672
AMG setup messages level=1 phase=interpolation-transpose sends=630929 bytes=4112495264 collective_rank_calls=28672
AMG setup messages level=1 phase=A*P sends=2154912 bytes=23062213312 collective_rank_calls=28672
AMG setup messages level=1 phase=R*(A*P) sends=1892787 bytes=60153262416 collective_rank_calls=28672
AMG setup messages level=2 phase=strength sends=0 bytes=0 collective_rank_calls=28672
AMG setup messages level=2 phase=strength-transpose sends=733380 bytes=5342279372 collective_rank_calls=28672
AMG setup messages level=2 phase=PMIS sends=17695058 bytes=8019906220 collective_rank_calls=344064
AMG setup messages level=2 phase=numbering sends=0 bytes=0 collective_rank_calls=28672
AMG setup messages level=2 phase=interpolation sends=4331916 bytes=5587963828 collective_rank_calls=28672
AMG setup messages level=2 phase=interpolation-transpose sends=619113 bytes=1148549040 collective_rank_calls=28672
AMG setup messages level=2 phase=A*P sends=2551494 bytes=9575800560 collective_rank_calls=28672
AMG setup messages level=2 phase=R*(A*P) sends=1857339 bytes=26014629088 collective_rank_calls=28672
AMG setup messages level=3 phase=strength sends=0 bytes=0 collective_rank_calls=28672
AMG setup messages level=3 phase=strength-transpose sends=752474 bytes=1369476892 collective_rank_calls=28672
AMG setup messages level=3 phase=PMIS sends=18174738 bytes=2133416764 collective_rank_calls=344064
AMG setup messages level=3 phase=numbering sends=0 bytes=0 collective_rank_calls=28672
AMG setup messages level=3 phase=interpolation sends=4444011 bytes=1543927656 collective_rank_calls=28672
AMG setup messages level=3 phase=interpolation-transpose sends=540033 bytes=266282224 collective_rank_calls=28672
AMG setup messages level=3 phase=A*P sends=2592264 bytes=3049407824 collective_rank_calls=28672
AMG setup messages level=3 phase=R*(A*P) sends=1620099 bytes=7027092256 collective_rank_calls=28672
AMG setup messages level=4 phase=strength sends=0 bytes=0 collective_rank_calls=28672
AMG setup messages level=4 phase=strength-transpose sends=736518 bytes=285005224 collective_rank_calls=28672
AMG setup messages level=4 phase=PMIS sends=14961778 bytes=482172276 collective_rank_calls=286720
AMG setup messages level=4 phase=numbering sends=0 bytes=0 collective_rank_calls=28672
AMG setup messages level=4 phase=interpolation sends=4312437 bytes=405081348 collective_rank_calls=28672
AMG setup messages level=4 phase=interpolation-transpose sends=384325 bytes=57863424 collective_rank_calls=28672
AMG setup messages level=4 phase=A*P sends=3856752 bytes=1042116352 collective_rank_calls=28672
AMG setup messages level=4 phase=R*(A*P) sends=1152975 bytes=1529513744 collective_rank_calls=28672
AMG setup messages level=5 phase=strength sends=0 bytes=0 collective_rank_calls=28672
AMG setup messages level=5 phase=strength-transpose sends=709590 bytes=54599036 collective_rank_calls=28672
AMG setup messages level=5 phase=PMIS sends=16741428 bytes=135444320 collective_rank_calls=315392
AMG setup messages level=5 phase=numbering sends=0 bytes=0 collective_rank_calls=28672
AMG setup messages level=5 phase=interpolation sends=3917871 bytes=92917712 collective_rank_calls=28672
AMG setup messages level=5 phase=interpolation-transpose sends=163792 bytes=11893744 collective_rank_calls=28672
AMG setup messages level=5 phase=A*P sends=7086690 bytes=400939456 collective_rank_calls=28672
AMG setup messages level=5 phase=R*(A*P) sends=491376 bytes=236125584 collective_rank_calls=28672
AMG setup messages level=6 phase=strength sends=0 bytes=0 collective_rank_calls=28672
AMG setup messages level=6 phase=strength-transpose sends=145054 bytes=7542588 collective_rank_calls=28672
AMG setup messages level=6 phase=PMIS sends=3235872 bytes=17928016 collective_rank_calls=258048
AMG setup messages level=6 phase=numbering sends=0 bytes=0 collective_rank_calls=28672
AMG setup messages level=6 phase=interpolation sends=740628 bytes=11473380 collective_rank_calls=28672
AMG setup messages level=6 phase=interpolation-transpose sends=39740 bytes=2325232 collective_rank_calls=28672
AMG setup messages level=6 phase=A*P sends=2608368 bytes=79974448 collective_rank_calls=28672
AMG setup messages level=6 phase=R*(A*P) sends=119220 bytes=32387872 collective_rank_calls=28672
AMG setup messages level=7 phase=strength sends=0 bytes=0 collective_rank_calls=28672
AMG setup messages level=7 phase=strength-transpose sends=22415 bytes=1121128 collective_rank_calls=28672
AMG setup messages level=7 phase=PMIS sends=449898 bytes=2502704 collective_rank_calls=200704
AMG setup messages level=7 phase=numbering sends=0 bytes=0 collective_rank_calls=28672
AMG setup messages level=7 phase=interpolation sends=105498 bytes=1342508 collective_rank_calls=28672
AMG setup messages level=7 phase=interpolation-transpose sends=9271 bytes=505136 collective_rank_calls=28672
AMG setup messages level=7 phase=A*P sends=485142 bytes=13046640 collective_rank_calls=28672
AMG setup messages level=7 phase=R*(A*P) sends=27813 bytes=5128912 collective_rank_calls=28672
AMG setup messages level=8 phase=strength sends=0 bytes=0 collective_rank_calls=28672
AMG setup messages level=8 phase=strength-transpose sends=5229 bytes=262772 collective_rank_calls=28672
AMG setup messages level=8 phase=PMIS sends=66817 bytes=424948 collective_rank_calls=114688
AMG setup messages level=8 phase=numbering sends=0 bytes=0 collective_rank_calls=28672
AMG setup messages level=8 phase=interpolation sends=22239 bytes=228288 collective_rank_calls=28672
AMG setup messages level=8 phase=interpolation-transpose sends=2532 bytes=142352 collective_rank_calls=28672
AMG setup messages level=8 phase=A*P sends=101970 bytes=2599680 collective_rank_calls=28672
AMG setup messages level=8 phase=R*(A*P) sends=7596 bytes=888176 collective_rank_calls=28672
AMG setup messages level=9 phase=strength sends=0 bytes=0 collective_rank_calls=28672
AMG setup messages level=9 phase=strength-transpose sends=1619 bytes=82144 collective_rank_calls=28672
AMG setup messages level=9 phase=PMIS sends=11291 bytes=89136 collective_rank_calls=57344
AMG setup messages level=9 phase=numbering sends=0 bytes=0 collective_rank_calls=28672
AMG setup messages level=9 phase=interpolation sends=8169 bytes=67708 collective_rank_calls=28672
AMG setup messages level=9 phase=interpolation-transpose sends=512 bytes=29184 collective_rank_calls=28672
AMG setup messages level=9 phase=A*P sends=18378 bytes=250016 collective_rank_calls=28672
AMG setup messages level=9 phase=R*(A*P) sends=1536 bytes=25600 collective_rank_calls=28672
GMRES: iter = 0, residual = 17.42793378, 1 (rel.)
GMRES: iter = 1, residual = 8.251653498, 0.4734728512 (rel.)
GMRES: iter = 2, residual = 2.180153735, 0.1250953648 (rel.)
GMRES: iter = 3, residual = 0.7379135789, 0.0423408528 (rel.)
GMRES: iter = 4, residual = 0.2861870147, 0.01642116721 (rel.)
GMRES: iter = 5, residual = 0.08267464722, 0.004743800857 (rel.)
GMRES: iter = 6, residual = 0.02409335301, 0.00138245608 (rel.)
GMRES: iter = 7, residual = 0.007181695332, 0.0004120795627 (rel.)
GMRES: iter = 8, residual = 0.002457135789, 0.0001409883593 (rel.)
GMRES: iter = 9, residual = 0.0006756185102, 3.87664148e-05 (rel.)
GMRES: Solve Time = 4.006471038
The cloud-layer FLD system Newton 4: residual=0.001254855375, GMRES rtol=0.0001
AMG setup messages level=0 phase=strength sends=0 bytes=0 collective_rank_calls=28672
AMG setup messages level=0 phase=strength-transpose sends=234750 bytes=10071605824 collective_rank_calls=28672
AMG setup messages level=0 phase=PMIS sends=5232060 bytes=34697787904 collective_rank_calls=315392
AMG setup messages level=0 phase=numbering sends=0 bytes=0 collective_rank_calls=28672
AMG setup messages level=0 phase=interpolation sends=1408500 bytes=13901675264 collective_rank_calls=28672
AMG setup messages level=0 phase=interpolation-transpose sends=582635 bytes=4381094128 collective_rank_calls=28672
AMG setup messages level=0 phase=A*P sends=721140 bytes=23859296208 collective_rank_calls=28672
AMG setup messages level=0 phase=R*(A*P) sends=1747905 bytes=31966693088 collective_rank_calls=28672
AMG setup messages level=1 phase=strength sends=0 bytes=0 collective_rank_calls=28672
AMG setup messages level=1 phase=strength-transpose sends=637987 bytes=12071292360 collective_rank_calls=28672
AMG setup messages level=1 phase=PMIS sends=16636592 bytes=25811781120 collective_rank_calls=372736
AMG setup messages level=1 phase=numbering sends=0 bytes=0 collective_rank_calls=28672
AMG setup messages level=1 phase=interpolation sends=3796638 bytes=14366859056 collective_rank_calls=28672
AMG setup messages level=1 phase=interpolation-transpose sends=630370 bytes=4112398112 collective_rank_calls=28672
AMG setup messages level=1 phase=A*P sends=2157144 bytes=23062059312 collective_rank_calls=28672
AMG setup messages level=1 phase=R*(A*P) sends=1891110 bytes=60151170016 collective_rank_calls=28672
AMG setup messages level=2 phase=strength sends=0 bytes=0 collective_rank_calls=28672
AMG setup messages level=2 phase=strength-transpose sends=733123 bytes=5342362852 collective_rank_calls=28672
AMG setup messages level=2 phase=PMIS sends=17688929 bytes=8019410244 collective_rank_calls=344064
AMG setup messages level=2 phase=numbering sends=0 bytes=0 collective_rank_calls=28672
AMG setup messages level=2 phase=interpolation sends=4331175 bytes=5587105716 collective_rank_calls=28672
AMG setup messages level=2 phase=interpolation-transpose sends=618831 bytes=1148878128 collective_rank_calls=28672
AMG setup messages level=2 phase=A*P sends=2551620 bytes=9576236896 collective_rank_calls=28672
AMG setup messages level=2 phase=R*(A*P) sends=1856493 bytes=26016054384 collective_rank_calls=28672
AMG setup messages level=3 phase=strength sends=0 bytes=0 collective_rank_calls=28672
AMG setup messages level=3 phase=strength-transpose sends=752046 bytes=1369045804 collective_rank_calls=28672
AMG setup messages level=3 phase=PMIS sends=19674072 bytes=2296500960 collective_rank_calls=372736
AMG setup messages level=3 phase=numbering sends=0 bytes=0 collective_rank_calls=28672
AMG setup messages level=3 phase=interpolation sends=4441389 bytes=1543634760 collective_rank_calls=28672
AMG setup messages level=3 phase=interpolation-transpose sends=539783 bytes=266301408 collective_rank_calls=28672
AMG setup messages level=3 phase=A*P sends=2592018 bytes=3049241696 collective_rank_calls=28672
AMG setup messages level=3 phase=R*(A*P) sends=1619349 bytes=7029772592 collective_rank_calls=28672
AMG setup messages level=4 phase=strength sends=0 bytes=0 collective_rank_calls=28672
AMG setup messages level=4 phase=strength-transpose sends=736148 bytes=284969836 collective_rank_calls=28672
AMG setup messages level=4 phase=PMIS sends=16449536 bytes=525658488 collective_rank_calls=315392
AMG setup messages level=4 phase=numbering sends=0 bytes=0 collective_rank_calls=28672
AMG setup messages level=4 phase=interpolation sends=4308435 bytes=405403096 collective_rank_calls=28672
AMG setup messages level=4 phase=interpolation-transpose sends=383379 bytes=57860432 collective_rank_calls=28672
AMG setup messages level=4 phase=A*P sends=3861126 bytes=1042719520 collective_rank_calls=28672
AMG setup messages level=4 phase=R*(A*P) sends=1150137 bytes=1528622064 collective_rank_calls=28672
AMG setup messages level=5 phase=strength sends=0 bytes=0 collective_rank_calls=28672
AMG setup messages level=5 phase=strength-transpose sends=707557 bytes=54620740 collective_rank_calls=28672
AMG setup messages level=5 phase=PMIS sends=15185239 bytes=124401652 collective_rank_calls=286720
AMG setup messages level=5 phase=numbering sends=0 bytes=0 collective_rank_calls=28672
AMG setup messages level=5 phase=interpolation sends=3909285 bytes=92804996 collective_rank_calls=28672
AMG setup messages level=5 phase=interpolation-transpose sends=164247 bytes=11904992 collective_rank_calls=28672
AMG setup messages level=5 phase=A*P sends=7074096 bytes=401196528 collective_rank_calls=28672
AMG setup messages level=5 phase=R*(A*P) sends=492741 bytes=237084416 collective_rank_calls=28672
AMG setup messages level=6 phase=strength sends=0 bytes=0 collective_rank_calls=28672
AMG setup messages level=6 phase=strength-transpose sends=146092 bytes=7570808 collective_rank_calls=28672
AMG setup messages level=6 phase=PMIS sends=3252556 bytes=17947424 collective_rank_calls=258048
AMG setup messages level=6 phase=numbering sends=0 bytes=0 collective_rank_calls=28672
AMG setup messages level=6 phase=interpolation sends=749058 bytes=11425376 collective_rank_calls=28672
AMG setup messages level=6 phase=interpolation-transpose sends=40011 bytes=2315744 collective_rank_calls=28672
AMG setup messages level=6 phase=A*P sends=2611854 bytes=80031280 collective_rank_calls=28672
AMG setup messages level=6 phase=R*(A*P) sends=120033 bytes=32374560 collective_rank_calls=28672
AMG setup messages level=7 phase=strength sends=0 bytes=0 collective_rank_calls=28672
AMG setup messages level=7 phase=strength-transpose sends=21820 bytes=1089064 collective_rank_calls=28672
AMG setup messages level=7 phase=PMIS sends=439832 bytes=2453104 collective_rank_calls=200704
AMG setup messages level=7 phase=numbering sends=0 bytes=0 collective_rank_calls=28672
AMG setup messages level=7 phase=interpolation sends=101874 bytes=1265796 collective_rank_calls=28672
AMG setup messages level=7 phase=interpolation-transpose sends=9249 bytes=513248 collective_rank_calls=28672
AMG setup messages level=7 phase=A*P sends=479814 bytes=12904000 collective_rank_calls=28672
AMG setup messages level=7 phase=R*(A*P) sends=27747 bytes=5289664 collective_rank_calls=28672
AMG setup messages level=8 phase=strength sends=0 bytes=0 collective_rank_calls=28672
AMG setup messages level=8 phase=strength-transpose sends=4817 bytes=239008 collective_rank_calls=28672
AMG setup messages level=8 phase=PMIS sends=76100 bytes=452336 collective_rank_calls=143360
AMG setup messages level=8 phase=numbering sends=0 bytes=0 collective_rank_calls=28672
AMG setup messages level=8 phase=interpolation sends=22434 bytes=239092 collective_rank_calls=28672
AMG setup messages level=8 phase=interpolation-transpose sends=2880 bytes=161712 collective_rank_calls=28672
AMG setup messages level=8 phase=A*P sends=104196 bytes=2647776 collective_rank_calls=28672
AMG setup messages level=8 phase=R*(A*P) sends=8640 bytes=717216 collective_rank_calls=28672
AMG setup messages level=9 phase=strength sends=0 bytes=0 collective_rank_calls=28672
AMG setup messages level=9 phase=strength-transpose sends=914 bytes=43900 collective_rank_calls=28672
AMG setup messages level=9 phase=PMIS sends=6368 bytes=46156 collective_rank_calls=57344
AMG setup messages level=9 phase=numbering sends=0 bytes=0 collective_rank_calls=28672
AMG setup messages level=9 phase=interpolation sends=4566 bytes=37736 collective_rank_calls=28672
AMG setup messages level=9 phase=interpolation-transpose sends=303 bytes=16176 collective_rank_calls=28672
AMG setup messages level=9 phase=A*P sends=10836 bytes=134400 collective_rank_calls=28672
AMG setup messages level=9 phase=R*(A*P) sends=909 bytes=12960 collective_rank_calls=28672
GMRES: iter = 0, residual = 0.001254758758, 1 (rel.)
GMRES: iter = 1, residual = 0.0003204520362, 0.25538936 (rel.)
GMRES: iter = 2, residual = 9.48002323e-05, 0.07555255678 (rel.)
GMRES: iter = 3, residual = 2.876351207e-05, 0.02292353959 (rel.)
GMRES: iter = 4, residual = 8.938053234e-06, 0.007123324048 (rel.)
GMRES: iter = 5, residual = 2.856699371e-06, 0.002276692116 (rel.)
GMRES: iter = 6, residual = 9.237681664e-07, 0.0007362117703 (rel.)
GMRES: iter = 7, residual = 3.036015418e-07, 0.0002419600898 (rel.)
GMRES: iter = 8, residual = 9.466345773e-08, 7.544355211e-05 (rel.)
GMRES: Solve Time = 3.508055489
FLD cloud AMR Newton-Krylov iterations=5/24, change=1.877503267e-08, residual=2.287983218e-07, transmission=0.9991464833
FLD 3-D Penrose cloud: case=amr, fine_n=2048, opacity contrast=100000, cells=2248146944, limiter=off, mixed cells=16675554, cloudy volume relative error=1.4638438e-16, transmission=0.9991464833, balance error=5.444739997e-15, Newton/Krylov iterations=5/24, nonlinear residual=2.287983218e-07, E range=[1.998289639,2.001710361], whole-case wall=21.9784149 s, preconditioner=amg, AMG backend=native, linear iterations=24, max true relative residual=0, aggregate setup=8.413488438 s, aggregate solve=0 s


TinyProfiler total time across processes [min...avg...max]: 21.98 ... 21.98 ... 21.98

-------------------------------------------------------------------------------------------
Name                                        NCalls  Excl. Min  Excl. Avg  Excl. Max   Max %
-------------------------------------------------------------------------------------------
SpMatrix::finishComm_mv::recv_wait            1859      1.493      3.905      4.949  22.52%
FabArray::ParallelCopy_finish()                764     0.1413        2.7      4.093  18.62%
SpGEMM                                         150      1.056      1.574      3.012  13.70%
GMRES::GramSchmidt::batched_dots                48    0.07455      2.282      2.815  12.81%
SpMV                                          3335     0.4147     0.9099      2.691  12.24%
FabArray::setVal()                             837    0.03499     0.3326      2.377  10.81%
SpMatrix::prepare_comm_mv                     3650     0.4434      1.488      1.975   8.99%
AMG::setup                                       5     0.3397      1.465       1.97   8.96%
FillBoundary_finish()                          486    0.03085     0.7311      1.505   6.85%
SpMatrix::define_split                         350     0.3328     0.7134      1.461   6.65%
FabArray::ParallelCopy_nowait()                764    0.02115     0.1159      1.363   6.20%
SpMatrix::startComm_tr                         100      0.235     0.8869      1.268   5.77%
FLD::composite_residual_without_assembly        30     0.1516     0.3047      1.116   5.08%
FLD::NewtonKrylov::Jacobian_action              24    0.03406     0.2828     0.7349   3.34%
ChebyshevSmoother                              609    0.08367     0.1759     0.5929   2.70%
FLD::NewtonKrylov::line_search                   5    0.01055     0.4723     0.5799   2.64%
SpMatrix::startComm_mv                        3335     0.0397     0.1222     0.5601   2.55%
SpMatrix::preparePairHalo                       50     0.1834       0.49     0.5521   2.51%
SpMatrix::finishComm_mv::send_wait            1859   0.001583    0.02433     0.4629   2.11%
FLD::composite_assembly                          5    0.04523     0.1487     0.4061   1.85%
SpMatrix::finishComm_mv::unpack               2945    0.03605     0.1026     0.3899   1.77%
SpMatrix::finishComm_tr                        100    0.03738    0.08504     0.3859   1.76%
DistributionMapping::LeastUsedCPUs()             3   0.009491     0.1145     0.3785   1.72%
AMG::pmis                                       50     0.2218     0.2961     0.3628   1.65%
FLD::composite_topology                          1    0.05252     0.1501     0.3534   1.61%
FLD::NewtonKrylov::solve                         1    0.03677     0.1855     0.3525   1.60%
AMG::build_interp_mm                            50     0.1434      0.191     0.3428   1.56%
FLD::MLABecLapAMG::precondition                 29    0.07291     0.1189     0.3063   1.39%
FillBoundary_nowait()                          486    0.01905    0.07015     0.3045   1.39%
FLD::residual::local_rows                       30    0.02164    0.07515      0.284   1.29%
AMG::create_soc                                 50    0.07968     0.1401     0.2763   1.26%
SpMatrix::gatherRemote                         555    0.04655     0.1401     0.2289   1.04%
SpMatrix::split_csr                           4246    0.02343    0.07855     0.2033   0.93%
GMRES::cycle()                                   5      0.104     0.1706     0.1781   0.81%
FLD::cloud_setup                                 1    0.04852     0.1272     0.1722   0.78%
FLD::MLABecLapAMG::assemble                      5    0.01856    0.08116     0.1689   0.77%
AMG::truncate_interp                            50    0.06283      0.084     0.1587   0.72%
FLD::compute_diffusion                          36    0.03853      0.051     0.1557   0.71%
SpMatrix::transpose                            100    0.06129    0.08276     0.1495   0.68%
amrex::Copy()                                  472    0.02732    0.05963     0.1275   0.58%
FLD::MLABecLapAMG::residualWithoutAssembly      30    0.02021    0.03405     0.1274   0.58%
FabArray::Saxpy()                              534    0.03432    0.05318     0.1114   0.51%
FLD::cloud_linearized_residual                  24    0.04697    0.06009     0.1058   0.48%
SpMatrix::gather_pair_plan                     455    0.02584    0.04673    0.08739   0.40%
FLD::run_cloud                                   1    0.01277     0.0192    0.07876   0.36%
FLD::cloud_postprocessing                        1  0.0007189   0.004045    0.06707   0.31%
FLD::cloud_field_initialization                  1  0.0005997    0.01293    0.04058   0.18%
CellConservativeLinear::interp()                 1          0  0.0003481    0.03986   0.18%
SpMatrix::trim_remote_rows                     226    0.01074    0.01575     0.0326   0.15%
FLD::cloud_hierarchy                             1    0.02251    0.02398     0.0318   0.14%
AMG::vcycle                                     29   0.001991    0.00774    0.02939   0.13%
FLD::cloud_newton_prepare                        5    0.01889    0.02123    0.02909   0.13%
FLD::cloud_residual                              6    0.01177    0.01508    0.02633   0.12%
AMG::vcycle::level=0 residual                   29  0.0009432   0.004577    0.02371   0.11%
amrex::average_down                             67   0.005198    0.00821    0.02162   0.10%
BoxList::complementIn                       131072    0.01029    0.01104    0.01789   0.08%
FabArrayBase::CPC::define()                    293   0.001055   0.001875    0.01377   0.06%
FabArray::LinComb()                             20   0.003832   0.005581    0.01305   0.06%
SpMatrix::finishComm_mv                       3335   0.002297   0.004134    0.01287   0.06%
FabArrayBase::FB::FB()                           4  0.0001164   0.008227    0.01253   0.06%
FabArray::mult()                               106   0.002421   0.003798     0.0125   0.06%
DistributionMapping::SFCProcessorMapDoIt()       2   0.008731   0.009631    0.01114   0.05%
SpMatrix::gatherRemotePair                     455   0.000888   0.002459   0.007549   0.03%
AMG::vcycle::level=1 residual                   29  0.0003054  0.0008196   0.004795   0.02%
FillPatchTwoLevels                             142   0.001008    0.00126   0.004311   0.02%
FPinfo::FPinfo()                                 1   0.001189   0.001358   0.002105   0.01%
FabArrayBase::getCPC()                         578  0.0004732  0.0008027   0.001941   0.01%
GMRES::solve()                                   5   0.000482  0.0007501   0.001318   0.01%
FabArray::ParallelCopy()                       614  0.0004395   0.000613   0.001126   0.01%
GMRES::GramSchmidt                              24  0.0003127  0.0004716  0.0007918   0.00%
FLD::residual::fine_b_finish                    90  2.053e-05   4.46e-05  0.0007655   0.00%
FLD::residual::fine_b_start                     90  2.984e-05  0.0001083  0.0007173   0.00%
FLD::MLABecLapAMG::preconditioner_cycle         29  0.0001338  0.0002469  0.0007037   0.00%
FabArray::FillBoundary()                       486  0.0002543  0.0003298  0.0005862   0.00%
AMG::vcycle::level=0 prolong                    29  3.999e-05  0.0001081  0.0005741   0.00%
AMG::vcycle::level=2 residual                   29  4.488e-05  9.863e-05  0.0004784   0.00%
FLD::residual::stage_state                      60  4.904e-05  0.0001436  0.0004498   0.00%
FabArrayBase::getFB()                          486  0.0001571  0.0002143  0.0003945   0.00%
amrex::average_down_w_geom                      67  5.941e-05  0.0001363  0.0003741   0.00%
FLD::cloud_precondition                         29  0.0001227  0.0001931  0.0003705   0.00%
AMG::vcycle::level=1 pre_smooth                 29  3.641e-05  0.0001004  0.0003697   0.00%
FLD::residual::fine_state_start                 30  1.656e-05  7.582e-05  0.0003493   0.00%
FLD::residual::coarse_state_finish              30  1.016e-05  2.754e-05  0.0003391   0.00%
AMG::vcycle::level=0 post_smooth                29  4.859e-05  0.0001212  0.0003199   0.00%
AMG::vcycle::level=0 pre_smooth                 29  7.272e-05   0.000149  0.0003037   0.00%
AMG::vcycle::level=1 post_smooth                29  3.255e-05  0.0001179  0.0003024   0.00%
AMG::vcycle::level=2 pre_smooth                 29  2.908e-05  6.287e-05  0.0002913   0.00%
AMG::vcycle::level=1 restrict                   29  1.763e-05  5.892e-05  0.0002868   0.00%
FLD::residual::fine_state_finish                30  1.579e-05  4.282e-05  0.0002867   0.00%
AMG::vcycle::level=0 restrict                   29  2.867e-05  7.498e-05  0.0002835   0.00%
FillPatchInterp(Fab)                           142  4.512e-05  6.372e-05  0.0002532   0.00%
AMG::vcycle::level=1 prolong                    29  1.621e-05  5.726e-05  0.0002459   0.00%
FillPatchSingleLevel                           284  8.321e-05  0.0001226  0.0002203   0.00%
FabArrayBase::TheFPinfo()                      142  5.562e-05  9.628e-05  0.0002019   0.00%
AMG::vcycle::level=10 bottom_solve              29  1.603e-05  2.473e-05  0.0001473   0.00%
FLD::residual::coarse_state_start               30  1.622e-05  4.736e-05  0.0001464   0.00%
GMRES:build_solution()                           5  4.935e-05  7.128e-05   0.000142   0.00%
AMG::vcycle::level=2 post_smooth                29  1.673e-05  4.222e-05  0.0001152   0.00%
AMG::vcycle::level=2 restrict                   29  1.213e-05   2.84e-05  0.0001032   0.00%
AMG::vcycle::level=3 pre_smooth                 29  1.514e-05  2.529e-05  7.305e-05   0.00%
AMG::vcycle::level=3 residual                   29   1.66e-05    2.8e-05  6.347e-05   0.00%
AMG::vcycle::level=8 pre_smooth                 29  8.907e-06  1.544e-05  5.894e-05   0.00%
AMG::vcycle::level=4 pre_smooth                 29  1.407e-05  3.092e-05  5.422e-05   0.00%
AMG::vcycle::level=2 prolong                    29   1.16e-05  2.073e-05  5.344e-05   0.00%
AMG::bottom_solve                               29  1.281e-05  2.371e-05  3.853e-05   0.00%
AMG::vcycle::level=9 prolong                    29  6.865e-06  8.867e-06  3.783e-05   0.00%
FLD::NewtonKrylov::prepare                       5  6.913e-06   1.44e-05  3.465e-05   0.00%
AMG::vcycle::level=3 post_smooth                29  1.216e-05  1.772e-05  3.401e-05   0.00%
AMG::vcycle::level=3 restrict                   29  8.389e-06  1.158e-05  3.261e-05   0.00%
AMG::vcycle::level=5 residual                   29  1.082e-05  2.037e-05  3.241e-05   0.00%
AMG::vcycle::level=4 residual                   29  1.115e-05  1.661e-05  3.104e-05   0.00%
AMG::vcycle::level=3 prolong                    29  9.699e-06  1.384e-05  2.955e-05   0.00%
FLD::NewtonKrylov::linear_solve                  5  7.473e-06  1.495e-05  2.795e-05   0.00%
AMG::vcycle::level=6 residual                   29  6.777e-06  1.096e-05  2.785e-05   0.00%
AMG::vcycle::level=6 pre_smooth                 29   1.01e-05  1.678e-05  2.724e-05   0.00%
AMG::vcycle::level=6 restrict                   29  6.356e-06  1.274e-05  2.594e-05   0.00%
AMG::vcycle::level=5 pre_smooth                 29  1.032e-05  1.459e-05  2.528e-05   0.00%
AMG::vcycle::level=4 prolong                    29  9.008e-06  1.442e-05  2.284e-05   0.00%
AMG::vcycle::level=9 pre_smooth                 29  7.273e-06  1.102e-05  2.247e-05   0.00%
AMG::vcycle::level=7 residual                   29  6.476e-06  1.123e-05  2.203e-05   0.00%
AMG::vcycle::level=9 post_smooth                29  8.851e-06  1.178e-05  2.038e-05   0.00%
AMG::vcycle::level=7 restrict                   29  5.186e-06  6.553e-06  2.017e-05   0.00%
AMG::vcycle::level=4 post_smooth                29  1.096e-05  1.365e-05  1.964e-05   0.00%
AMG::vcycle::level=9 residual                   29  6.536e-06  1.029e-05  1.926e-05   0.00%
AMG::vcycle::level=4 restrict                   29  7.197e-06  9.933e-06  1.903e-05   0.00%
AMG::vcycle::level=8 post_smooth                29  7.041e-06   9.76e-06   1.82e-05   0.00%
AMG::vcycle::level=5 prolong                    29   6.48e-06  9.573e-06  1.807e-05   0.00%
AMG::vcycle::level=5 post_smooth                29  8.879e-06    1.3e-05  1.759e-05   0.00%
AMG::vcycle::level=7 pre_smooth                 29  7.838e-06   1.13e-05   1.74e-05   0.00%
AMG::vcycle::level=5 restrict                   29  6.342e-06  8.987e-06  1.691e-05   0.00%
AMG::vcycle::level=7 post_smooth                29  7.225e-06  1.001e-05  1.646e-05   0.00%
AMG::vcycle::level=6 post_smooth                29  7.374e-06  1.064e-05  1.643e-05   0.00%
AMG::vcycle::level=6 prolong                    29  6.834e-06  9.455e-06  1.617e-05   0.00%
AMG::vcycle::level=8 residual                   29  6.239e-06  8.603e-06   1.57e-05   0.00%
AMG::vcycle::level=8 prolong                    29  6.322e-06  8.343e-06  1.366e-05   0.00%
AMG::vcycle::level=7 prolong                    29  5.818e-06  7.958e-06  1.345e-05   0.00%
AMG::vcycle::level=8 restrict                   29   6.13e-06   7.84e-06  1.335e-05   0.00%
Other                                         3147   0.003898   0.005339    0.01013   0.05%
-------------------------------------------------------------------------------------------

-------------------------------------------------------------------------------------------
Name                                        NCalls  Incl. Min  Incl. Avg  Incl. Max   Max %
-------------------------------------------------------------------------------------------
FLD::run_cloud                                   1      21.91      21.92      21.98  99.99%
FLD::NewtonKrylov::solve                         1      21.04       21.3      21.47  97.69%
FLD::NewtonKrylov::linear_solve                  5      11.05      11.15      11.21  51.00%
GMRES::solve()                                   5      11.05      11.15      11.21  51.00%
GMRES::cycle()                                   5      11.04      11.15      11.21  50.99%
FLD::NewtonKrylov::prepare                       5      8.498      8.503      8.566  38.97%
FLD::cloud_newton_prepare                        5      8.498      8.502      8.566  38.97%
FLD::MLABecLapAMG::assemble                      5      8.408      8.428      8.492  38.63%
AMG::setup                                       5      7.455      7.735      7.976  36.29%
FLD::cloud_precondition                         29      5.205      5.752      6.055  27.55%
FLD::MLABecLapAMG::precondition                 29      5.199      5.744       6.05  27.52%
FLD::MLABecLapAMG::preconditioner_cycle         29       4.79      5.306      5.682  25.85%
AMG::vcycle                                     29       4.79      5.306      5.681  25.85%
SpMV                                          3335      4.528      5.115      5.561  25.30%
FLD::MLABecLapAMG::residualWithoutAssembly      30      2.214      2.873      5.529  25.16%
FLD::composite_residual_without_assembly        30      2.167      2.827      5.419  24.65%
SpMatrix::finishComm_mv                       3335      1.923      4.039      5.017  22.83%
SpMatrix::finishComm_mv::recv_wait            1859      1.493      3.905      4.949  22.52%
FLD::NewtonKrylov::Jacobian_action              24      2.137      2.897      4.935  22.45%
FLD::cloud_linearized_residual                  24      2.064       2.59      4.769  21.70%
SpGEMM                                         150      3.129      3.469      4.362  19.85%
ChebyshevSmoother                              609      2.461      3.164      4.247  19.32%
FabArray::ParallelCopy_finish()                764     0.1413        2.7      4.093  18.62%
GMRES::GramSchmidt                              24     0.1362      2.321      2.851  12.97%
FabArray::ParallelCopy()                       614     0.2013     0.7644      2.844  12.94%
GMRES::GramSchmidt::batched_dots                48    0.07455      2.282      2.815  12.81%
FabArray::setVal()                             837    0.03499     0.3326      2.377  10.81%
FLD::residual::fine_b_finish                    90   0.001117      1.448       2.26  10.28%
SpMatrix::prepare_comm_mv                     3650     0.4435      1.488      1.975   8.99%
amrex::average_down_w_geom                      67   0.006662    0.01971      1.966   8.94%
amrex::average_down                             67   0.006592    0.01957      1.965   8.94%
FLD::cloud_residual                              6     0.6352     0.9701      1.589   7.23%
FabArray::FillBoundary()                       486     0.1095       0.81       1.57   7.14%
FillBoundary_finish()                          486    0.03085     0.7311      1.505   6.85%
SpMatrix::define_split                         350     0.3425     0.7275      1.488   6.77%
AMG::build_interp_mm                            50     0.9627      1.103       1.43   6.51%
FabArray::ParallelCopy_nowait()                764    0.03206     0.1419      1.409   6.41%
SpMatrix::transpose                            100     0.5317      1.055      1.398   6.36%
FLD::residual::fine_state_finish                30  0.0004676     0.4689      1.358   6.18%
SpMatrix::startComm_tr                         100     0.2351      0.887      1.268   5.77%
AMG::vcycle::level=5 prolong                    29   0.001604     0.7127      1.267   5.77%
AMG::vcycle::level=6 prolong                    29   0.000253      0.311      1.092   4.97%
FLD::residual::fine_b_start                     90   0.007219    0.07141      1.077   4.90%
AMG::vcycle::level=4 prolong                    29   0.002296    0.04601      1.029   4.68%
FLD::NewtonKrylov::line_search                   5      1.006      1.011      1.029   4.68%
GMRES:build_solution()                           5     0.8387     0.9354     0.9934   4.52%
AMG::pmis                                       50      0.593     0.9049     0.9691   4.41%
AMG::vcycle::level=0 post_smooth                29     0.3718     0.6869     0.9405   4.28%
AMG::vcycle::level=0 pre_smooth                 29     0.3121      0.639     0.8307   3.78%
FLD::composite_assembly                          5     0.4064     0.5879     0.8244   3.75%
FLD::cloud_setup                                 1     0.3574     0.5304     0.7937   3.61%
AMG::vcycle::level=1 post_smooth                29     0.3773     0.5392     0.7743   3.52%
AMG::vcycle::level=7 prolong                    29  0.0002465    0.06677     0.7661   3.49%
AMG::vcycle::level=1 pre_smooth                 29     0.2725     0.5052     0.7387   3.36%
FLD::compute_diffusion                          36      0.255     0.5315     0.7333   3.34%
FillPatchTwoLevels                             142    0.03335     0.2831     0.7239   3.29%
FLD::composite_topology                          1     0.1301     0.3328      0.626   2.85%
SpMatrix::startComm_mv                        3335    0.06871     0.1652      0.617   2.81%
AMG::vcycle::level=2 pre_smooth                 29     0.1301     0.2874     0.5986   2.72%
SpMatrix::preparePairHalo                       50     0.1834       0.49     0.5521   2.51%
AMG::create_soc                                 50     0.1771     0.2651     0.5034   2.29%
SpMatrix::finishComm_mv::send_wait            1859   0.001583    0.02433     0.4629   2.11%
AMG::vcycle::level=0 restrict                   29    0.01215     0.1589     0.4151   1.89%
SpMatrix::finishComm_mv::unpack               2945    0.03605     0.1026     0.3899   1.77%
SpMatrix::finishComm_tr                        100    0.03738    0.08504     0.3859   1.76%
DistributionMapping::LeastUsedCPUs()             3   0.009491     0.1145     0.3785   1.72%
FabArrayBase::TheFPinfo()                      142   0.003248     0.1072     0.3722   1.69%
FPinfo::FPinfo()                                 1   0.003166     0.1071     0.3721   1.69%
AMG::vcycle::level=8 prolong                    29   0.000252    0.01132     0.3609   1.64%
FillPatchSingleLevel                           284    0.01037     0.1265     0.3494   1.59%
FillBoundary_nowait()                          486    0.02852    0.07859     0.3051   1.39%
AMG::vcycle::level=1 residual                   29    0.07562     0.1618     0.2859   1.30%
FLD::residual::local_rows                       30    0.02164    0.07515      0.284   1.29%
FLD::residual::stage_state                      60    0.01551     0.1427     0.2724   1.24%
FLD::residual::coarse_state_finish              30  0.0002717    0.07037     0.2549   1.16%
AMG::vcycle::level=1 restrict                   29    0.01077     0.1406      0.254   1.16%
AMG::vcycle::level=2 residual                   29    0.02012    0.05883     0.2449   1.11%
AMG::vcycle::level=0 residual                   29    0.05736     0.1721     0.2438   1.11%
SpMatrix::gatherRemote                         555    0.04668     0.1402      0.229   1.04%
AMG::truncate_interp                            50    0.08264     0.1154     0.2268   1.03%
SpMatrix::split_csr                           4246    0.02424    0.08013     0.2062   0.94%
AMG::vcycle::level=0 prolong                    29    0.05249     0.1312     0.1949   0.89%
AMG::vcycle::level=8 post_smooth                29  0.0001348   0.008327     0.1947   0.89%
AMG::vcycle::level=8 pre_smooth                 29  0.0001239   0.008305      0.193   0.88%
AMG::vcycle::level=3 pre_smooth                 29    0.02124    0.08063      0.186   0.85%
AMG::vcycle::level=2 restrict                   29   0.004136     0.0407     0.1827   0.83%
AMG::vcycle::level=2 post_smooth                29    0.06695     0.1173     0.1678   0.76%
FLD::residual::fine_state_start                 30   0.001932    0.01682      0.157   0.71%
AMG::vcycle::level=7 post_smooth                29  0.0001351    0.01546     0.1479   0.67%
amrex::Copy()                                  472    0.02732    0.05963     0.1275   0.58%
AMG::vcycle::level=9 pre_smooth                 29  0.0001204   0.002326      0.123   0.56%
FabArray::Saxpy()                              534    0.03432    0.05318     0.1114   0.51%
AMG::vcycle::level=6 post_smooth                29  0.0001357    0.03302     0.1043   0.47%
AMG::vcycle::level=7 pre_smooth                 29  0.0001252    0.01111     0.1029   0.47%
SpMatrix::gatherRemotePair                     455    0.02704    0.04919    0.09428   0.43%
SpMatrix::gather_pair_plan                     455    0.02584    0.04673    0.08739   0.40%
AMG::vcycle::level=6 pre_smooth                 29  0.0001405    0.02627    0.07361   0.33%
AMG::vcycle::level=9 post_smooth                29  0.0001409   0.001678    0.07291   0.33%
AMG::vcycle::level=5 post_smooth                29    0.01253    0.05515    0.07046   0.32%
FLD::cloud_postprocessing                        1    0.06831    0.06937    0.06957   0.32%
FLD::residual::coarse_state_start               30  0.0001879   0.002604    0.06266   0.29%
FLD::cloud_hierarchy                             1    0.04755    0.05021      0.062   0.28%
AMG::vcycle::level=4 pre_smooth                 29    0.01968    0.02949    0.06107   0.28%
AMG::vcycle::level=5 pre_smooth                 29   0.009158    0.04235    0.05368   0.24%
AMG::vcycle::level=1 prolong                    29     0.0132    0.03346     0.0526   0.24%
AMG::vcycle::level=3 residual                   29   0.005916    0.01511    0.04745   0.22%
AMG::vcycle::level=8 residual                   29  3.613e-05   0.002065    0.04693   0.21%
AMG::vcycle::level=9 prolong                    29  0.0003868   0.001556    0.04578   0.21%
FLD::cloud_field_initialization                  1   0.001017    0.01429    0.04305   0.20%
AMG::vcycle::level=4 post_smooth                29    0.02333    0.03093    0.04069   0.19%
FillPatchInterp(Fab)                           142  4.512e-05  0.0004118    0.04004   0.18%
CellConservativeLinear::interp()                 1          0  0.0003481    0.03986   0.18%
AMG::vcycle::level=3 restrict                   29    0.00162   0.009859    0.03751   0.17%
AMG::vcycle::level=3 post_smooth                29    0.02384    0.02961    0.03648   0.17%
SpMatrix::trim_remote_rows                     226    0.01074    0.01575     0.0326   0.15%
AMG::vcycle::level=7 residual                   29  3.774e-05   0.003439    0.02948   0.13%
AMG::vcycle::level=7 restrict                   29  3.931e-05  8.701e-05    0.02406   0.11%
AMG::vcycle::level=6 residual                   29  3.764e-05   0.009012     0.0233   0.11%
DistributionMapping::SFCProcessorMapDoIt()       2    0.01938    0.02081    0.02279   0.10%
AMG::vcycle::level=10 bottom_solve              29   0.001322    0.01561    0.02028   0.09%
AMG::bottom_solve                               29   0.001293    0.01558    0.02026   0.09%
AMG::vcycle::level=9 residual                   29  3.698e-05  0.0004355    0.02025   0.09%
AMG::vcycle::level=8 restrict                   29  4.186e-05  6.422e-05    0.01932   0.09%
AMG::vcycle::level=5 residual                   29   0.003372    0.01509    0.01928   0.09%
BoxList::complementIn                       131072    0.01029    0.01104    0.01789   0.08%
AMG::vcycle::level=2 prolong                    29   0.004485   0.009368    0.01515   0.07%
FabArrayBase::getCPC()                         578   0.001624   0.002678    0.01469   0.07%
FabArrayBase::CPC::define()                    293   0.001055   0.001875    0.01377   0.06%
AMG::vcycle::level=4 residual                   29   0.005669   0.008459    0.01315   0.06%
FabArray::LinComb()                             20   0.003832   0.005581    0.01305   0.06%
FabArrayBase::getFB()                          486  0.0003434   0.008441    0.01274   0.06%
AMG::vcycle::level=5 restrict                   29  7.732e-05   0.001704    0.01255   0.06%
FabArrayBase::FB::FB()                           4  0.0001164   0.008227    0.01253   0.06%
FabArray::mult()                               106   0.002421   0.003798     0.0125   0.06%
AMG::vcycle::level=3 prolong                    29    0.00237   0.006421    0.01165   0.05%
AMG::vcycle::level=4 restrict                   29  0.0003328    0.00452    0.01118   0.05%
AMG::vcycle::level=6 restrict                   29  4.834e-05  0.0003055    0.01105   0.05%
Other                                         3147   0.003937    0.00539    0.01703   0.08%
-------------------------------------------------------------------------------------------

Async Memory Usage:
----------------------------------------------------------------------------------------------------
Name                  Nalloc  AvgMem min  AvgMem avg  AvgMem max  MaxMem min  MaxMem avg  MaxMem max
----------------------------------------------------------------------------------------------------
amrex::average_down  4390912       2   B       8   B    1096   B    8192   B    9362   B      12 KiB
----------------------------------------------------------------------------------------------------

Pinned Memory Usage:
-------------------------------------------------------------------------------------------------------------------------
Name                                       Nalloc  AvgMem min  AvgMem avg  AvgMem max  MaxMem min  MaxMem avg  MaxMem max
-------------------------------------------------------------------------------------------------------------------------
FLD::composite_residual_without_assembly   151552     614 KiB    9868 KiB      63 MiB     641 KiB      10 MiB      66 MiB
FLD::composite_assembly                     61440       0   B     147 KiB    1298 KiB       0   B    7076 KiB      48 MiB
FLD::composite_topology                    208896    5435   B      42 KiB     351 KiB    1120 KiB    3810 KiB      18 MiB
The_Pinned_Arena::Initialize()              28672       0   B       1   B      27   B    8192 KiB    8192 KiB    8192 KiB
FLD::MLABecLapAMG::assemble               2437120    1387 KiB    1686 KiB    2783 KiB    3632 KiB    4410 KiB    7264 KiB
SpGEMM                                    2607409    3568   B      16 KiB      91 KiB     397 KiB    1000 KiB    3255 KiB
FLD::MLABecLapAMG::precondition           4038656     241 KiB     324 KiB     560 KiB    1024 KiB    1243 KiB    2048 KiB
SpMatrix::finishComm_tr                   6554144     164   B    1136   B      11 KiB     177 KiB     413 KiB     959 KiB
SpMatrix::startComm_tr                    5578446    4528   B    7769   B      13 KiB     172 KiB     351 KiB     663 KiB
-------------------------------------------------------------------------------------------------------------------------

Cpu Memory Usage:
---------------------------------------------------------------------------------------------------------------------
Name                                   Nalloc  AvgMem min  AvgMem avg  AvgMem max  MaxMem min  MaxMem avg  MaxMem max
---------------------------------------------------------------------------------------------------------------------
FabArray::ParallelCopy_nowait()       9982362     114 KiB     442 KiB       9 MiB    2116 KiB    4957 KiB      71 MiB
FLD::cloud_setup                      1462272      10 MiB      12 MiB      21 MiB      10 MiB      13 MiB      21 MiB
GMRES::cycle()                        1323008     746 KiB     917 KiB    1520 KiB    4096 KiB    4973 KiB    8192 KiB
SpGEMM                                8089543    6997   B      24 KiB     110 KiB    1515 KiB    2969 KiB    6694 KiB
FLD::NewtonKrylov::solve              1183744    1641 KiB    2000 KiB    3308 KiB    2765 KiB    3357 KiB    5530 KiB
GMRES::solve()                        1392640    1080 KiB    1323 KiB    2190 KiB    2150 KiB    2611 KiB    4301 KiB
FLD::NewtonKrylov::Jacobian_action    1671168      58 KiB      90 KiB     268 KiB     614 KiB     746 KiB    1229 KiB
FLD::cloud_linearized_residual        1671168    7091   B      11 KiB      22 KiB     614 KiB     746 KiB    1229 KiB
FLD::cloud_newton_prepare              348160    1329   B    2334   B    4884   B     614 KiB     746 KiB    1229 KiB
FLD::cloud_residual                    417792    5414   B      11 KiB      27 KiB     614 KiB     746 KiB    1229 KiB
FillBoundary_nowait()                19415040     807   B    7202   B      18 KiB     176 KiB     422 KiB     587 KiB
SpMatrix::gather_pair_plan           21013392      41   B     126   B     478   B      97 KiB     199 KiB     471 KiB
SpMatrix::startComm_mv              106604166      10 KiB      24 KiB      61 KiB      97 KiB     199 KiB     471 KiB
SpMatrix::gatherRemote               24294385      89   B     428   B    1004   B      81 KiB     194 KiB     351 KiB
FillPatchTwoLevels                      72704       0   B      12   B    1941   B       0   B    3003   B     328 KiB
CellConservativeLinear::interp()        36352       0   B       0   B      88   B       0   B     438   B      48 KiB
amrex::average_down                   4390912       2   B       8   B    1096   B    8192   B    9362   B      12 KiB
---------------------------------------------------------------------------------------------------------------------


MPICH Slingshot Network Summary: 60 network timeouts

MPICH Slingshot CXI Counter Summary:
Counter                                Samples          Min         (/s)         Mean         (/s)          Max         (/s)
rh:sct_timeouts                             11            1          0.0            1          0.0            1          0.0
rh:spt_timeouts                             23            1          0.0            2          0.1            4          0.2
atu_cache_evictions                       2048        49473       2151.0       130143       5658.4       974988      42390.8
atu_cache_hit_base_page_size_0            2048      5182845     225341.1      7779963     338259.3     14072434     611845.0
atu_cache_hit_derivative1_page_size_0     2048      1534878      66733.8      2956368     128537.8      8717232     379010.1
lpe_net_match_priority_0                  2048       445689      19377.8       694045      30175.9      1072512      46631.0
lpe_net_match_overflow_0                  2048       122855       5341.5       433091      18830.0      2177684      94681.9
lpe_net_match_request_0                   2048            1          0.0           17          0.8          162          7.0
lpe_rndzv_puts_0                          2048         8660        376.5        14220        618.2        58401       2539.2
lpe_rndzv_puts_offloaded_0                2048         8660        376.5        14220        618.2        58401       2539.2
hni_rx_paused_0                           2048        18158        789.5      1100297      47839.0     21934666     953681.1
hni_rx_paused_1                           2048         1260         54.8     40503081    1761003.5    867969371   37737798.7
hni_tx_paused_0                              1          431         18.7          431         18.7          431         18.7
hni_tx_paused_1                           1380            3          0.1        47366       2059.4       961517      41805.1
parbs_tarb_pi_posted_pkts                 2048      5218255     226880.7     11850478     515238.2     71666068    3115916.0
parbs_tarb_pi_posted_blocked_cnt          2048       686609      29852.6     70069183    3046486.2   1392576571   60546807.4
parbs_tarb_pi_non_posted_pkts             2048      6345800     275904.3      9920412     431322.3     22180142     964354.0
parbs_tarb_pi_non_posted_blocked_cnt      2048       103037       4479.9      2501105     108743.7     17804136     774092.9
pct_mst_hit_on_som                           9            1          0.0            1          0.0            1          0.0
rh:nack_resource_busy                        9            1          0.0            1          0.0            1          0.0
rh:nacks                                    14            1          0.0           15          0.6           49          2.1
rh:nack_sequence_error                       9            8          0.3           21          0.9           48          2.1
rh:pkts_cancelled_o                         13            1          0.0            1          0.0            1          0.0
rh:sct_in_use                                8            1          0.0           49          2.1          381         16.6
AMReX (26.09-216-g49f8465e6225) finalized
