Initializing AMReX (26.09-216-g49f8465e6225)...
MPI initialized with 448 MPI processes
MPI initialized with thread support level 0
AMReX (26.09-216-g49f8465e6225) initialized
FLD residual face transfers per evaluation: separate sends=2242, packed sends=1348, payload bytes=838467584
The cloud-layer FLD system Newton 0: residual=35883.80163, GMRES rtol=0.5
FLD assembly face transfers per assembly: separate sends=2242, packed sends=1348, payload bytes=838467584
AMG setup messages level=0 phase=strength sends=0 bytes=0 collective_rank_calls=448
AMG setup messages level=0 phase=strength-transpose sends=3519 bytes=144013264 collective_rank_calls=448
AMG setup messages level=0 phase=PMIS sends=74065 bytes=462446240 collective_rank_calls=4480
AMG setup messages level=0 phase=numbering sends=0 bytes=0 collective_rank_calls=448
AMG setup messages level=0 phase=interpolation sends=21114 bytes=192208736 collective_rank_calls=448
AMG setup messages level=0 phase=interpolation-transpose sends=7559 bytes=64132000 collective_rank_calls=448
AMG setup messages level=0 phase=A*P sends=11562 bytes=357862480 collective_rank_calls=448
AMG setup messages level=0 phase=R*(A*P) sends=22677 bytes=471109616 collective_rank_calls=448
AMG setup messages level=1 phase=strength sends=0 bytes=0 collective_rank_calls=448
AMG setup messages level=1 phase=strength-transpose sends=8675 bytes=172453076 collective_rank_calls=448
AMG setup messages level=1 phase=PMIS sends=209071 bytes=346872492 collective_rank_calls=5376
AMG setup messages level=1 phase=numbering sends=0 bytes=0 collective_rank_calls=448
AMG setup messages level=1 phase=interpolation sends=51522 bytes=200341468 collective_rank_calls=448
AMG setup messages level=1 phase=interpolation-transpose sends=8379 bytes=62050224 collective_rank_calls=448
AMG setup messages level=1 phase=A*P sends=28692 bytes=343163104 collective_rank_calls=448
AMG setup messages level=1 phase=R*(A*P) sends=25137 bytes=908106976 collective_rank_calls=448
AMG setup messages level=2 phase=strength sends=0 bytes=0 collective_rank_calls=448
AMG setup messages level=2 phase=strength-transpose sends=9690 bytes=75702704 collective_rank_calls=448
AMG setup messages level=2 phase=PMIS sends=214380 bytes=108313888 collective_rank_calls=4928
AMG setup messages level=2 phase=numbering sends=0 bytes=0 collective_rank_calls=448
AMG setup messages level=2 phase=interpolation sends=57339 bytes=78870804 collective_rank_calls=448
AMG setup messages level=2 phase=interpolation-transpose sends=8274 bytes=17922448 collective_rank_calls=448
AMG setup messages level=2 phase=A*P sends=32748 bytes=141994048 collective_rank_calls=448
AMG setup messages level=2 phase=R*(A*P) sends=24822 bytes=404235664 collective_rank_calls=448
AMG setup messages level=3 phase=strength sends=0 bytes=0 collective_rank_calls=448
AMG setup messages level=3 phase=strength-transpose sends=9778 bytes=18897228 collective_rank_calls=448
AMG setup messages level=3 phase=PMIS sends=217180 bytes=28698968 collective_rank_calls=4928
AMG setup messages level=3 phase=numbering sends=0 bytes=0 collective_rank_calls=448
AMG setup messages level=3 phase=interpolation sends=57900 bytes=21215732 collective_rank_calls=448
AMG setup messages level=3 phase=interpolation-transpose sends=7436 bytes=4385264 collective_rank_calls=448
AMG setup messages level=3 phase=A*P sends=33918 bytes=46321120 collective_rank_calls=448
AMG setup messages level=3 phase=R*(A*P) sends=22308 bytes=116280864 collective_rank_calls=448
AMG setup messages level=4 phase=strength sends=0 bytes=0 collective_rank_calls=448
AMG setup messages level=4 phase=strength-transpose sends=9826 bytes=3874980 collective_rank_calls=448
AMG setup messages level=4 phase=PMIS sends=204528 bytes=7188128 collective_rank_calls=4480
AMG setup messages level=4 phase=numbering sends=0 bytes=0 collective_rank_calls=448
AMG setup messages level=4 phase=interpolation sends=57234 bytes=5219304 collective_rank_calls=448
AMG setup messages level=4 phase=interpolation-transpose sends=5748 bytes=1086304 collective_rank_calls=448
AMG setup messages level=4 phase=A*P sends=55680 bytes=17538176 collective_rank_calls=448
AMG setup messages level=4 phase=R*(A*P) sends=17244 bytes=27346752 collective_rank_calls=448
AMG setup messages level=5 phase=strength sends=0 bytes=0 collective_rank_calls=448
AMG setup messages level=5 phase=strength-transpose sends=8074 bytes=730356 collective_rank_calls=448
AMG setup messages level=5 phase=PMIS sends=145042 bytes=1551984 collective_rank_calls=3584
AMG setup messages level=5 phase=numbering sends=0 bytes=0 collective_rank_calls=448
AMG setup messages level=5 phase=interpolation sends=43626 bytes=962228 collective_rank_calls=448
AMG setup messages level=5 phase=interpolation-transpose sends=2900 bytes=272672 collective_rank_calls=448
AMG setup messages level=5 phase=A*P sends=91752 bytes=6850352 collective_rank_calls=448
AMG setup messages level=5 phase=R*(A*P) sends=8700 bytes=5054736 collective_rank_calls=448
AMG setup messages level=6 phase=strength sends=0 bytes=0 collective_rank_calls=448
AMG setup messages level=6 phase=strength-transpose sends=2187 bytes=139120 collective_rank_calls=448
AMG setup messages level=6 phase=PMIS sends=31020 bytes=251712 collective_rank_calls=2240
AMG setup messages level=6 phase=numbering sends=0 bytes=0 collective_rank_calls=448
AMG setup messages level=6 phase=interpolation sends=10557 bytes=164352 collective_rank_calls=448
AMG setup messages level=6 phase=interpolation-transpose sends=956 bytes=80656 collective_rank_calls=448
AMG setup messages level=6 phase=A*P sends=40488 bytes=1715120 collective_rank_calls=448
AMG setup messages level=6 phase=R*(A*P) sends=2868 bytes=699200 collective_rank_calls=448
AMG setup messages level=7 phase=strength sends=0 bytes=0 collective_rank_calls=448
AMG setup messages level=7 phase=strength-transpose sends=547 bytes=41684 collective_rank_calls=448
AMG setup messages level=7 phase=PMIS sends=5342 bytes=57776 collective_rank_calls=1344
AMG setup messages level=7 phase=numbering sends=0 bytes=0 collective_rank_calls=448
AMG setup messages level=7 phase=interpolation sends=2532 bytes=31868 collective_rank_calls=448
AMG setup messages level=7 phase=interpolation-transpose sends=248 bytes=19968 collective_rank_calls=448
AMG setup messages level=7 phase=A*P sends=6306 bytes=196832 collective_rank_calls=448
AMG setup messages level=7 phase=R*(A*P) sends=744 bytes=43616 collective_rank_calls=448
AMG setup messages level=8 phase=strength sends=0 bytes=0 collective_rank_calls=448
AMG setup messages level=8 phase=strength-transpose sends=40 bytes=2264 collective_rank_calls=448
AMG setup messages level=8 phase=PMIS sends=274 bytes=2560 collective_rank_calls=896
AMG setup messages level=8 phase=numbering sends=0 bytes=0 collective_rank_calls=448
AMG setup messages level=8 phase=interpolation sends=177 bytes=1408 collective_rank_calls=448
AMG setup messages level=8 phase=interpolation-transpose sends=20 bytes=1296 collective_rank_calls=448
AMG setup messages level=8 phase=A*P sends=264 bytes=4384 collective_rank_calls=448
AMG setup messages level=8 phase=R*(A*P) sends=60 bytes=1312 collective_rank_calls=448
GMRES: iter = 0, residual = 9604.028454, 1 (rel.)
GMRES: iter = 1, residual = 2238.276471, 0.2330560016 (rel.)
GMRES: Solve Time = 0.460955816
The cloud-layer FLD system Newton 1: residual=2238.276474, GMRES rtol=0.225
AMG setup messages level=0 phase=strength sends=0 bytes=0 collective_rank_calls=448
AMG setup messages level=0 phase=strength-transpose sends=3519 bytes=144013264 collective_rank_calls=448
AMG setup messages level=0 phase=PMIS sends=74065 bytes=462446240 collective_rank_calls=4480
AMG setup messages level=0 phase=numbering sends=0 bytes=0 collective_rank_calls=448
AMG setup messages level=0 phase=interpolation sends=21114 bytes=192118016 collective_rank_calls=448
AMG setup messages level=0 phase=interpolation-transpose sends=7573 bytes=64103424 collective_rank_calls=448
AMG setup messages level=0 phase=A*P sends=11562 bytes=357834144 collective_rank_calls=448
AMG setup messages level=0 phase=R*(A*P) sends=22719 bytes=470713616 collective_rank_calls=448
AMG setup messages level=1 phase=strength sends=0 bytes=0 collective_rank_calls=448
AMG setup messages level=1 phase=strength-transpose sends=8663 bytes=172539872 collective_rank_calls=448
AMG setup messages level=1 phase=PMIS sends=191318 bytes=320359952 collective_rank_calls=4928
AMG setup messages level=1 phase=numbering sends=0 bytes=0 collective_rank_calls=448
AMG setup messages level=1 phase=interpolation sends=51471 bytes=200456372 collective_rank_calls=448
AMG setup messages level=1 phase=interpolation-transpose sends=8391 bytes=62019824 collective_rank_calls=448
AMG setup messages level=1 phase=A*P sends=28506 bytes=343041392 collective_rank_calls=448
AMG setup messages level=1 phase=R*(A*P) sends=25173 bytes=908256224 collective_rank_calls=448
AMG setup messages level=2 phase=strength sends=0 bytes=0 collective_rank_calls=448
AMG setup messages level=2 phase=strength-transpose sends=9590 bytes=75666544 collective_rank_calls=448
AMG setup messages level=2 phase=PMIS sends=212252 bytes=108324512 collective_rank_calls=4928
AMG setup messages level=2 phase=numbering sends=0 bytes=0 collective_rank_calls=448
AMG setup messages level=2 phase=interpolation sends=56745 bytes=78897148 collective_rank_calls=448
AMG setup messages level=2 phase=interpolation-transpose sends=8332 bytes=17930800 collective_rank_calls=448
AMG setup messages level=2 phase=A*P sends=32706 bytes=142042688 collective_rank_calls=448
AMG setup messages level=2 phase=R*(A*P) sends=24996 bytes=404389136 collective_rank_calls=448
AMG setup messages level=3 phase=strength sends=0 bytes=0 collective_rank_calls=448
AMG setup messages level=3 phase=strength-transpose sends=9822 bytes=18921888 collective_rank_calls=448
AMG setup messages level=3 phase=PMIS sends=237990 bytes=31049484 collective_rank_calls=5376
AMG setup messages level=3 phase=numbering sends=0 bytes=0 collective_rank_calls=448
AMG setup messages level=3 phase=interpolation sends=57972 bytes=21177272 collective_rank_calls=448
AMG setup messages level=3 phase=interpolation-transpose sends=7476 bytes=4387424 collective_rank_calls=448
AMG setup messages level=3 phase=A*P sends=33828 bytes=46360560 collective_rank_calls=448
AMG setup messages level=3 phase=R*(A*P) sends=22428 bytes=115897248 collective_rank_calls=448
AMG setup messages level=4 phase=strength sends=0 bytes=0 collective_rank_calls=448
AMG setup messages level=4 phase=strength-transpose sends=9729 bytes=3854624 collective_rank_calls=448
AMG setup messages level=4 phase=PMIS sends=182132 bytes=6511696 collective_rank_calls=4032
AMG setup messages level=4 phase=numbering sends=0 bytes=0 collective_rank_calls=448
AMG setup messages level=4 phase=interpolation sends=56730 bytes=5277260 collective_rank_calls=448
AMG setup messages level=4 phase=interpolation-transpose sends=5553 bytes=1072432 collective_rank_calls=448
AMG setup messages level=4 phase=A*P sends=55548 bytes=17271728 collective_rank_calls=448
AMG setup messages level=4 phase=R*(A*P) sends=16659 bytes=26754848 collective_rank_calls=448
AMG setup messages level=5 phase=strength sends=0 bytes=0 collective_rank_calls=448
AMG setup messages level=5 phase=strength-transpose sends=7965 bytes=739664 collective_rank_calls=448
AMG setup messages level=5 phase=PMIS sends=124622 bytes=1389464 collective_rank_calls=3136
AMG setup messages level=5 phase=numbering sends=0 bytes=0 collective_rank_calls=448
AMG setup messages level=5 phase=interpolation sends=43278 bytes=1018536 collective_rank_calls=448
AMG setup messages level=5 phase=interpolation-transpose sends=3034 bytes=278080 collective_rank_calls=448
AMG setup messages level=5 phase=A*P sends=90174 bytes=6847136 collective_rank_calls=448
AMG setup messages level=5 phase=R*(A*P) sends=9102 bytes=5154768 collective_rank_calls=448
AMG setup messages level=6 phase=strength sends=0 bytes=0 collective_rank_calls=448
AMG setup messages level=6 phase=strength-transpose sends=2302 bytes=141676 collective_rank_calls=448
AMG setup messages level=6 phase=PMIS sends=38502 bytes=292812 collective_rank_calls=2688
AMG setup messages level=6 phase=numbering sends=0 bytes=0 collective_rank_calls=448
AMG setup messages level=6 phase=interpolation sends=11400 bytes=155500 collective_rank_calls=448
AMG setup messages level=6 phase=interpolation-transpose sends=953 bytes=75616 collective_rank_calls=448
AMG setup messages level=6 phase=A*P sends=43926 bytes=1759968 collective_rank_calls=448
AMG setup messages level=6 phase=R*(A*P) sends=2859 bytes=644544 collective_rank_calls=448
AMG setup messages level=7 phase=strength sends=0 bytes=0 collective_rank_calls=448
AMG setup messages level=7 phase=strength-transpose sends=473 bytes=36488 collective_rank_calls=448
AMG setup messages level=7 phase=PMIS sends=3257 bytes=41272 collective_rank_calls=896
AMG setup messages level=7 phase=numbering sends=0 bytes=0 collective_rank_calls=448
AMG setup messages level=7 phase=interpolation sends=2433 bytes=24664 collective_rank_calls=448
AMG setup messages level=7 phase=interpolation-transpose sends=132 bytes=10928 collective_rank_calls=448
AMG setup messages level=7 phase=A*P sends=5832 bytes=127680 collective_rank_calls=448
AMG setup messages level=7 phase=R*(A*P) sends=396 bytes=13408 collective_rank_calls=448
GMRES: iter = 0, residual = 2982.197391, 1 (rel.)
GMRES: iter = 1, residual = 1296.962469, 0.4349016176 (rel.)
GMRES: iter = 2, residual = 236.595055, 0.07933581316 (rel.)
GMRES: Solve Time = 0.754245005
The cloud-layer FLD system Newton 2: residual=236.5950645, GMRES rtol=0.005664754581
AMG setup messages level=0 phase=strength sends=0 bytes=0 collective_rank_calls=448
AMG setup messages level=0 phase=strength-transpose sends=3519 bytes=144013264 collective_rank_calls=448
AMG setup messages level=0 phase=PMIS sends=74065 bytes=462446240 collective_rank_calls=4480
AMG setup messages level=0 phase=numbering sends=0 bytes=0 collective_rank_calls=448
AMG setup messages level=0 phase=interpolation sends=21114 bytes=192113264 collective_rank_calls=448
AMG setup messages level=0 phase=interpolation-transpose sends=7516 bytes=64114272 collective_rank_calls=448
AMG setup messages level=0 phase=A*P sends=11562 bytes=357852224 collective_rank_calls=448
AMG setup messages level=0 phase=R*(A*P) sends=22548 bytes=470893712 collective_rank_calls=448
AMG setup messages level=1 phase=strength sends=0 bytes=0 collective_rank_calls=448
AMG setup messages level=1 phase=strength-transpose sends=8623 bytes=172495788 collective_rank_calls=448
AMG setup messages level=1 phase=PMIS sends=190294 bytes=320345552 collective_rank_calls=4928
AMG setup messages level=1 phase=numbering sends=0 bytes=0 collective_rank_calls=448
AMG setup messages level=1 phase=interpolation sends=51258 bytes=200455416 collective_rank_calls=448
AMG setup messages level=1 phase=interpolation-transpose sends=8339 bytes=61986320 collective_rank_calls=448
AMG setup messages level=1 phase=A*P sends=28434 bytes=343012688 collective_rank_calls=448
AMG setup messages level=1 phase=R*(A*P) sends=25017 bytes=907545136 collective_rank_calls=448
AMG setup messages level=2 phase=strength sends=0 bytes=0 collective_rank_calls=448
AMG setup messages level=2 phase=strength-transpose sends=9644 bytes=75678928 collective_rank_calls=448
AMG setup messages level=2 phase=PMIS sends=213368 bytes=108244592 collective_rank_calls=4928
AMG setup messages level=2 phase=numbering sends=0 bytes=0 collective_rank_calls=448
AMG setup messages level=2 phase=interpolation sends=57117 bytes=78830192 collective_rank_calls=448
AMG setup messages level=2 phase=interpolation-transpose sends=8277 bytes=17972240 collective_rank_calls=448
AMG setup messages level=2 phase=A*P sends=32796 bytes=141948480 collective_rank_calls=448
AMG setup messages level=2 phase=R*(A*P) sends=24831 bytes=404340624 collective_rank_calls=448
AMG setup messages level=3 phase=strength sends=0 bytes=0 collective_rank_calls=448
AMG setup messages level=3 phase=strength-transpose sends=9774 bytes=18949132 collective_rank_calls=448
AMG setup messages level=3 phase=PMIS sends=197460 bytes=26361424 collective_rank_calls=4480
AMG setup messages level=3 phase=numbering sends=0 bytes=0 collective_rank_calls=448
AMG setup messages level=3 phase=interpolation sends=57639 bytes=21171648 collective_rank_calls=448
AMG setup messages level=3 phase=interpolation-transpose sends=7507 bytes=4406960 collective_rank_calls=448
AMG setup messages level=3 phase=A*P sends=33876 bytes=46287200 collective_rank_calls=448
AMG setup messages level=3 phase=R*(A*P) sends=22521 bytes=116190224 collective_rank_calls=448
AMG setup messages level=4 phase=strength sends=0 bytes=0 collective_rank_calls=448
AMG setup messages level=4 phase=strength-transpose sends=9798 bytes=3830728 collective_rank_calls=448
AMG setup messages level=4 phase=PMIS sends=183104 bytes=6488096 collective_rank_calls=4032
AMG setup messages level=4 phase=numbering sends=0 bytes=0 collective_rank_calls=448
AMG setup messages level=4 phase=interpolation sends=57216 bytes=5231796 collective_rank_calls=448
AMG setup messages level=4 phase=interpolation-transpose sends=5576 bytes=1060368 collective_rank_calls=448
AMG setup messages level=4 phase=A*P sends=55452 bytes=17253568 collective_rank_calls=448
AMG setup messages level=4 phase=R*(A*P) sends=16728 bytes=26662464 collective_rank_calls=448
AMG setup messages level=5 phase=strength sends=0 bytes=0 collective_rank_calls=448
AMG setup messages level=5 phase=strength-transpose sends=7947 bytes=734456 collective_rank_calls=448
AMG setup messages level=5 phase=PMIS sends=142569 bytes=1557040 collective_rank_calls=3584
AMG setup messages level=5 phase=numbering sends=0 bytes=0 collective_rank_calls=448
AMG setup messages level=5 phase=interpolation sends=43557 bytes=980620 collective_rank_calls=448
AMG setup messages level=5 phase=interpolation-transpose sends=2880 bytes=273392 collective_rank_calls=448
AMG setup messages level=5 phase=A*P sends=92070 bytes=6914976 collective_rank_calls=448
AMG setup messages level=5 phase=R*(A*P) sends=8640 bytes=5063536 collective_rank_calls=448
AMG setup messages level=6 phase=strength sends=0 bytes=0 collective_rank_calls=448
AMG setup messages level=6 phase=strength-transpose sends=2374 bytes=146148 collective_rank_calls=448
AMG setup messages level=6 phase=PMIS sends=39856 bytes=298336 collective_rank_calls=2688
AMG setup messages level=6 phase=numbering sends=0 bytes=0 collective_rank_calls=448
AMG setup messages level=6 phase=interpolation sends=11211 bytes=163936 collective_rank_calls=448
AMG setup messages level=6 phase=interpolation-transpose sends=1075 bytes=74880 collective_rank_calls=448
AMG setup messages level=6 phase=A*P sends=44556 bytes=1724128 collective_rank_calls=448
AMG setup messages level=6 phase=R*(A*P) sends=3225 bytes=772496 collective_rank_calls=448
AMG setup messages level=7 phase=strength sends=0 bytes=0 collective_rank_calls=448
AMG setup messages level=7 phase=strength-transpose sends=717 bytes=45732 collective_rank_calls=448
AMG setup messages level=7 phase=PMIS sends=7034 bytes=67632 collective_rank_calls=1344
AMG setup messages level=7 phase=numbering sends=0 bytes=0 collective_rank_calls=448
AMG setup messages level=7 phase=interpolation sends=3258 bytes=34000 collective_rank_calls=448
AMG setup messages level=7 phase=interpolation-transpose sends=429 bytes=32864 collective_rank_calls=448
AMG setup messages level=7 phase=A*P sends=9000 bytes=313760 collective_rank_calls=448
AMG setup messages level=7 phase=R*(A*P) sends=1287 bytes=78992 collective_rank_calls=448
AMG setup messages level=8 phase=strength sends=0 bytes=0 collective_rank_calls=448
AMG setup messages level=8 phase=strength-transpose sends=12 bytes=624 collective_rank_calls=448
AMG setup messages level=8 phase=PMIS sends=78 bytes=648 collective_rank_calls=896
AMG setup messages level=8 phase=numbering sends=0 bytes=0 collective_rank_calls=448
AMG setup messages level=8 phase=interpolation sends=51 bytes=400 collective_rank_calls=448
AMG setup messages level=8 phase=interpolation-transpose sends=6 bytes=352 collective_rank_calls=448
AMG setup messages level=8 phase=A*P sends=96 bytes=1408 collective_rank_calls=448
AMG setup messages level=8 phase=R*(A*P) sends=18 bytes=320 collective_rank_calls=448
GMRES: iter = 0, residual = 326.3778804, 1 (rel.)
GMRES: iter = 1, residual = 128.159557, 0.3926723125 (rel.)
GMRES: iter = 2, residual = 25.04747798, 0.07674379756 (rel.)
GMRES: iter = 3, residual = 3.77553072, 0.01156797365 (rel.)
GMRES: iter = 4, residual = 0.6869312171, 0.002104711313 (rel.)
GMRES: Solve Time = 1.348719652
The cloud-layer FLD system Newton 3: residual=0.686939924, GMRES rtol=0.0001
AMG setup messages level=0 phase=strength sends=0 bytes=0 collective_rank_calls=448
AMG setup messages level=0 phase=strength-transpose sends=3519 bytes=144013264 collective_rank_calls=448
AMG setup messages level=0 phase=PMIS sends=66692 bytes=420807680 collective_rank_calls=4032
AMG setup messages level=0 phase=numbering sends=0 bytes=0 collective_rank_calls=448
AMG setup messages level=0 phase=interpolation sends=21114 bytes=192252960 collective_rank_calls=448
AMG setup messages level=0 phase=interpolation-transpose sends=7523 bytes=64171408 collective_rank_calls=448
AMG setup messages level=0 phase=A*P sends=11562 bytes=357895488 collective_rank_calls=448
AMG setup messages level=0 phase=R*(A*P) sends=22569 bytes=471315568 collective_rank_calls=448
AMG setup messages level=1 phase=strength sends=0 bytes=0 collective_rank_calls=448
AMG setup messages level=1 phase=strength-transpose sends=8651 bytes=172486348 collective_rank_calls=448
AMG setup messages level=1 phase=PMIS sends=191102 bytes=320298056 collective_rank_calls=4928
AMG setup messages level=1 phase=numbering sends=0 bytes=0 collective_rank_calls=448
AMG setup messages level=1 phase=interpolation sends=51444 bytes=200340776 collective_rank_calls=448
AMG setup messages level=1 phase=interpolation-transpose sends=8378 bytes=61993616 collective_rank_calls=448
AMG setup messages level=1 phase=A*P sends=28740 bytes=343057264 collective_rank_calls=448
AMG setup messages level=1 phase=R*(A*P) sends=25134 bytes=907873328 collective_rank_calls=448
AMG setup messages level=2 phase=strength sends=0 bytes=0 collective_rank_calls=448
AMG setup messages level=2 phase=strength-transpose sends=9592 bytes=75688220 collective_rank_calls=448
AMG setup messages level=2 phase=PMIS sends=193094 bytes=99286664 collective_rank_calls=4480
AMG setup messages level=2 phase=numbering sends=0 bytes=0 collective_rank_calls=448
AMG setup messages level=2 phase=interpolation sends=56832 bytes=78838624 collective_rank_calls=448
AMG setup messages level=2 phase=interpolation-transpose sends=8277 bytes=17928112 collective_rank_calls=448
AMG setup messages level=2 phase=A*P sends=32832 bytes=141880128 collective_rank_calls=448
AMG setup messages level=2 phase=R*(A*P) sends=24831 bytes=404372048 collective_rank_calls=448
AMG setup messages level=3 phase=strength sends=0 bytes=0 collective_rank_calls=448
AMG setup messages level=3 phase=strength-transpose sends=9776 bytes=18937564 collective_rank_calls=448
AMG setup messages level=3 phase=PMIS sends=197148 bytes=26375904 collective_rank_calls=4480
AMG setup messages level=3 phase=numbering sends=0 bytes=0 collective_rank_calls=448
AMG setup messages level=3 phase=interpolation sends=57864 bytes=21213592 collective_rank_calls=448
AMG setup messages level=3 phase=interpolation-transpose sends=7521 bytes=4394176 collective_rank_calls=448
AMG setup messages level=3 phase=A*P sends=34002 bytes=46353840 collective_rank_calls=448
AMG setup messages level=3 phase=R*(A*P) sends=22563 bytes=117080304 collective_rank_calls=448
AMG setup messages level=4 phase=strength sends=0 bytes=0 collective_rank_calls=448
AMG setup messages level=4 phase=strength-transpose sends=9777 bytes=3835872 collective_rank_calls=448
AMG setup messages level=4 phase=PMIS sends=222954 bytes=7803776 collective_rank_calls=4928
AMG setup messages level=4 phase=numbering sends=0 bytes=0 collective_rank_calls=448
AMG setup messages level=4 phase=interpolation sends=57093 bytes=5197920 collective_rank_calls=448
AMG setup messages level=4 phase=interpolation-transpose sends=5504 bytes=1081248 collective_rank_calls=448
AMG setup messages level=4 phase=A*P sends=56082 bytes=17462208 collective_rank_calls=448
AMG setup messages level=4 phase=R*(A*P) sends=16512 bytes=26781600 collective_rank_calls=448
AMG setup messages level=5 phase=strength sends=0 bytes=0 collective_rank_calls=448
AMG setup messages level=5 phase=strength-transpose sends=7718 bytes=711676 collective_rank_calls=448
AMG setup messages level=5 phase=PMIS sends=155004 bytes=1663024 collective_rank_calls=4032
AMG setup messages level=5 phase=numbering sends=0 bytes=0 collective_rank_calls=448
AMG setup messages level=5 phase=interpolation sends=41754 bytes=954436 collective_rank_calls=448
AMG setup messages level=5 phase=interpolation-transpose sends=2938 bytes=277520 collective_rank_calls=448
AMG setup messages level=5 phase=A*P sends=88218 bytes=6745744 collective_rank_calls=448
AMG setup messages level=5 phase=R*(A*P) sends=8814 bytes=4922784 collective_rank_calls=448
AMG setup messages level=6 phase=strength sends=0 bytes=0 collective_rank_calls=448
AMG setup messages level=6 phase=strength-transpose sends=2192 bytes=136448 collective_rank_calls=448
AMG setup messages level=6 phase=PMIS sends=42272 bytes=308184 collective_rank_calls=3136
AMG setup messages level=6 phase=numbering sends=0 bytes=0 collective_rank_calls=448
AMG setup messages level=6 phase=interpolation sends=10509 bytes=140056 collective_rank_calls=448
AMG setup messages level=6 phase=interpolation-transpose sends=964 bytes=67088 collective_rank_calls=448
AMG setup messages level=6 phase=A*P sends=39774 bytes=1567056 collective_rank_calls=448
AMG setup messages level=6 phase=R*(A*P) sends=2892 bytes=673072 collective_rank_calls=448
AMG setup messages level=7 phase=strength sends=0 bytes=0 collective_rank_calls=448
AMG setup messages level=7 phase=strength-transpose sends=531 bytes=34476 collective_rank_calls=448
AMG setup messages level=7 phase=PMIS sends=3669 bytes=41584 collective_rank_calls=896
AMG setup messages level=7 phase=numbering sends=0 bytes=0 collective_rank_calls=448
AMG setup messages level=7 phase=interpolation sends=2736 bytes=22812 collective_rank_calls=448
AMG setup messages level=7 phase=interpolation-transpose sends=147 bytes=11360 collective_rank_calls=448
AMG setup messages level=7 phase=A*P sends=6942 bytes=136704 collective_rank_calls=448
AMG setup messages level=7 phase=R*(A*P) sends=441 bytes=13312 collective_rank_calls=448
GMRES: iter = 0, residual = 0.6976001246, 1 (rel.)
GMRES: iter = 1, residual = 0.3143947461, 0.4506804615 (rel.)
GMRES: iter = 2, residual = 0.06779429751, 0.09718217518 (rel.)
GMRES: iter = 3, residual = 0.01602139704, 0.02296644808 (rel.)
GMRES: iter = 4, residual = 0.003159994642, 0.004529808025 (rel.)
GMRES: iter = 5, residual = 0.0006336021386, 0.0009082597842 (rel.)
GMRES: iter = 6, residual = 0.000145767865, 0.0002089561913 (rel.)
GMRES: iter = 7, residual = 3.216861473e-05, 4.61132583e-05 (rel.)
GMRES: Solve Time = 2.25446752
The cloud-layer FLD system Newton 4: residual=3.35994494e-05, GMRES rtol=0.0001
AMG setup messages level=0 phase=strength sends=0 bytes=0 collective_rank_calls=448
AMG setup messages level=0 phase=strength-transpose sends=3519 bytes=144013264 collective_rank_calls=448
AMG setup messages level=0 phase=PMIS sends=66692 bytes=420807680 collective_rank_calls=4032
AMG setup messages level=0 phase=numbering sends=0 bytes=0 collective_rank_calls=448
AMG setup messages level=0 phase=interpolation sends=21114 bytes=192210512 collective_rank_calls=448
AMG setup messages level=0 phase=interpolation-transpose sends=7555 bytes=64148976 collective_rank_calls=448
AMG setup messages level=0 phase=A*P sends=11562 bytes=357878016 collective_rank_calls=448
AMG setup messages level=0 phase=R*(A*P) sends=22665 bytes=471167440 collective_rank_calls=448
AMG setup messages level=1 phase=strength sends=0 bytes=0 collective_rank_calls=448
AMG setup messages level=1 phase=strength-transpose sends=8666 bytes=172431780 collective_rank_calls=448
AMG setup messages level=1 phase=PMIS sends=191420 bytes=320124600 collective_rank_calls=4928
AMG setup messages level=1 phase=numbering sends=0 bytes=0 collective_rank_calls=448
AMG setup messages level=1 phase=interpolation sends=51519 bytes=200190632 collective_rank_calls=448
AMG setup messages level=1 phase=interpolation-transpose sends=8386 bytes=62067744 collective_rank_calls=448
AMG setup messages level=1 phase=A*P sends=28614 bytes=342931072 collective_rank_calls=448
AMG setup messages level=1 phase=R*(A*P) sends=25158 bytes=908125216 collective_rank_calls=448
AMG setup messages level=2 phase=strength sends=0 bytes=0 collective_rank_calls=448
AMG setup messages level=2 phase=strength-transpose sends=9644 bytes=75657280 collective_rank_calls=448
AMG setup messages level=2 phase=PMIS sends=213200 bytes=108248416 collective_rank_calls=4928
AMG setup messages level=2 phase=numbering sends=0 bytes=0 collective_rank_calls=448
AMG setup messages level=2 phase=interpolation sends=57177 bytes=78864616 collective_rank_calls=448
AMG setup messages level=2 phase=interpolation-transpose sends=8298 bytes=17922384 collective_rank_calls=448
AMG setup messages level=2 phase=A*P sends=32742 bytes=141870304 collective_rank_calls=448
AMG setup messages level=2 phase=R*(A*P) sends=24894 bytes=404479248 collective_rank_calls=448
AMG setup messages level=3 phase=strength sends=0 bytes=0 collective_rank_calls=448
AMG setup messages level=3 phase=strength-transpose sends=9810 bytes=18914252 collective_rank_calls=448
AMG setup messages level=3 phase=PMIS sends=217644 bytes=28690704 collective_rank_calls=4928
AMG setup messages level=3 phase=numbering sends=0 bytes=0 collective_rank_calls=448
AMG setup messages level=3 phase=interpolation sends=58053 bytes=21162096 collective_rank_calls=448
AMG setup messages level=3 phase=interpolation-transpose sends=7431 bytes=4381120 collective_rank_calls=448
AMG setup messages level=3 phase=A*P sends=33948 bytes=46327552 collective_rank_calls=448
AMG setup messages level=3 phase=R*(A*P) sends=22293 bytes=115888976 collective_rank_calls=448
AMG setup messages level=4 phase=strength sends=0 bytes=0 collective_rank_calls=448
AMG setup messages level=4 phase=strength-transpose sends=9680 bytes=3831988 collective_rank_calls=448
AMG setup messages level=4 phase=PMIS sends=181580 bytes=6487120 collective_rank_calls=4032
AMG setup messages level=4 phase=numbering sends=0 bytes=0 collective_rank_calls=448
AMG setup messages level=4 phase=interpolation sends=56430 bytes=5137100 collective_rank_calls=448
AMG setup messages level=4 phase=interpolation-transpose sends=5721 bytes=1083008 collective_rank_calls=448
AMG setup messages level=4 phase=A*P sends=56022 bytes=17342048 collective_rank_calls=448
AMG setup messages level=4 phase=R*(A*P) sends=17163 bytes=27525376 collective_rank_calls=448
AMG setup messages level=5 phase=strength sends=0 bytes=0 collective_rank_calls=448
AMG setup messages level=5 phase=strength-transpose sends=8333 bytes=726920 collective_rank_calls=448
AMG setup messages level=5 phase=PMIS sends=149141 bytes=1547096 collective_rank_calls=3584
AMG setup messages level=5 phase=numbering sends=0 bytes=0 collective_rank_calls=448
AMG setup messages level=5 phase=interpolation sends=45456 bytes=967312 collective_rank_calls=448
AMG setup messages level=5 phase=interpolation-transpose sends=2949 bytes=266048 collective_rank_calls=448
AMG setup messages level=5 phase=A*P sends=95946 bytes=6948736 collective_rank_calls=448
AMG setup messages level=5 phase=R*(A*P) sends=8847 bytes=4855696 collective_rank_calls=448
AMG setup messages level=6 phase=strength sends=0 bytes=0 collective_rank_calls=448
AMG setup messages level=6 phase=strength-transpose sends=2135 bytes=138036 collective_rank_calls=448
AMG setup messages level=6 phase=PMIS sends=30560 bytes=251920 collective_rank_calls=2240
AMG setup messages level=6 phase=numbering sends=0 bytes=0 collective_rank_calls=448
AMG setup messages level=6 phase=interpolation sends=10308 bytes=139628 collective_rank_calls=448
AMG setup messages level=6 phase=interpolation-transpose sends=923 bytes=70384 collective_rank_calls=448
AMG setup messages level=6 phase=A*P sends=39150 bytes=1569360 collective_rank_calls=448
AMG setup messages level=6 phase=R*(A*P) sends=2769 bytes=716976 collective_rank_calls=448
AMG setup messages level=7 phase=strength sends=0 bytes=0 collective_rank_calls=448
AMG setup messages level=7 phase=strength-transpose sends=681 bytes=46592 collective_rank_calls=448
AMG setup messages level=7 phase=PMIS sends=6690 bytes=70552 collective_rank_calls=1344
AMG setup messages level=7 phase=numbering sends=0 bytes=0 collective_rank_calls=448
AMG setup messages level=7 phase=interpolation sends=3252 bytes=32472 collective_rank_calls=448
AMG setup messages level=7 phase=interpolation-transpose sends=332 bytes=27472 collective_rank_calls=448
AMG setup messages level=7 phase=A*P sends=7380 bytes=235232 collective_rank_calls=448
AMG setup messages level=7 phase=R*(A*P) sends=996 bytes=51344 collective_rank_calls=448
GMRES: iter = 0, residual = 3.36004392e-05, 1 (rel.)
GMRES: iter = 1, residual = 1.312282959e-05, 0.3905552993 (rel.)
GMRES: iter = 2, residual = 2.69821056e-06, 0.08030283604 (rel.)
GMRES: iter = 3, residual = 6.140737155e-07, 0.01827576455 (rel.)
GMRES: iter = 4, residual = 1.257800377e-07, 0.003743404573 (rel.)
GMRES: iter = 5, residual = 2.835199127e-08, 0.0008437982345 (rel.)
GMRES: iter = 6, residual = 6.816909704e-09, 0.0002028815655 (rel.)
GMRES: iter = 7, residual = 1.85996421e-09, 5.535535411e-05 (rel.)
GMRES: Solve Time = 2.249272258
FLD cloud AMR Newton-Krylov iterations=5/21, change=3.638637215e-09, residual=1.290273509e-08, transmission=0.9991301186
FLD 3-D Penrose cloud: case=amr, fine_n=512, opacity contrast=100000, cells=35127296, limiter=off, mixed cells=1042988, cloudy volume relative error=0, transmission=0.9991301186, balance error=1.125648427e-10, Newton/Krylov iterations=5/21, nonlinear residual=1.290273509e-08, E range=[1.998264317,2.001735683], whole-case wall=14.91435748 s, preconditioner=amg, AMG backend=native, linear iterations=21, max true relative residual=0, aggregate setup=6.402236213 s, aggregate solve=0 s


TinyProfiler total time across processes [min...avg...max]: 14.91 ... 14.91 ... 14.91

-------------------------------------------------------------------------------------------
Name                                        NCalls  Excl. Min  Excl. Avg  Excl. Max   Max %
-------------------------------------------------------------------------------------------
SpMatrix::finishComm_mv::recv_wait            1785     0.3292      2.334      2.911  19.52%
SpGEMM                                         126      1.098       1.55      2.585  17.33%
SpMV                                          2540     0.4347     0.8213      2.273  15.24%
GMRES::GramSchmidt::batched_dots                42    0.03772      1.214      2.223  14.90%
FabArray::setVal()                             652    0.05163     0.2694      1.709  11.46%
AMG::setup                                       5    0.05709      1.152      1.636  10.97%
FLD::residual::fine_b_send_wait                 27  1.187e-05     0.9032      1.437   9.63%
SpMatrix::prepare_comm_mv                     2826     0.1238     0.9188       1.31   8.79%
SpMatrix::define_split                         294     0.2886     0.6055       1.21   8.11%
FLD::composite_residual_without_assembly        27     0.1725     0.2928     0.8849   5.93%
FabArray::ParallelCopy_finish()                479     0.2152     0.5499     0.8603   5.77%
SpMatrix::startComm_tr                          84     0.0747     0.5993     0.8131   5.45%
FillBoundary_finish()                          255    0.01957     0.3738      0.718   4.81%
FLD::residual::fine_b_unpack                    27  4.731e-06    0.04114      0.709   4.75%
FLD::NewtonKrylov::line_search                   5   0.003071     0.3078     0.6108   4.10%
ChebyshevSmoother                              456    0.08514     0.1595     0.5125   3.44%
FLD::composite_assembly                          5     0.1434     0.2108      0.374   2.51%
FLD::NewtonKrylov::Jacobian_action              21   0.007404     0.0936      0.364   2.44%
SpMatrix::startComm_mv                        2540    0.03566     0.1001     0.3371   2.26%
FLD::assembly::fine_b_send_wait                  5  4.631e-05     0.2046     0.3202   2.15%
AMG::build_interp_mm                            42     0.1451     0.1836     0.3167   2.12%
SpMatrix::finishComm_mv::unpack               2270     0.0333    0.09165     0.3103   2.08%
AMG::create_soc                                 42    0.07743     0.1388     0.2606   1.75%
FLD::composite_topology                          1    0.04796     0.1192     0.2599   1.74%
FLD::MLABecLapAMG::precondition                 26    0.06878     0.1079     0.2554   1.71%
SpMatrix::finishComm_mv::send_wait            1785   0.001629    0.02119     0.2397   1.61%
SpMatrix::preparePairHalo                       42    0.06149     0.1662     0.2221   1.49%
FLD::residual::local_rows                       27    0.02037    0.07441     0.2195   1.47%
SpMatrix::finishComm_tr                         84    0.02547    0.07016     0.1904   1.28%
FabArray::ParallelCopy_nowait()                479    0.01236    0.03979     0.1779   1.19%
AMG::pmis                                       42    0.09827     0.1284      0.168   1.13%
SpMatrix::split_csr                           3307     0.0176    0.06718      0.166   1.11%
SpMatrix::gatherRemote                         430    0.04899     0.1195     0.1577   1.06%
FLD::assembly::fine_b_unpack                     5  1.353e-06   0.008954      0.151   1.01%
AMG::truncate_interp                            42    0.06271    0.08367     0.1487   1.00%
amrex::Copy()                                  436    0.05334    0.07333     0.1485   1.00%
FLD::residual::fine_b_start                     27  0.0001807   0.001312      0.143   0.96%
FLD::residual::fine_b_pack                      27   0.002572    0.05284     0.1395   0.94%
FillBoundary_nowait()                          255    0.03321    0.05532     0.1221   0.82%
SpMatrix::transpose                             84    0.04318      0.063     0.1218   0.82%
FLD::NewtonKrylov::solve                         1    0.01549     0.0695     0.1206   0.81%
DistributionMapping::LeastUsedCPUs()             3  0.0005723     0.0319     0.1164   0.78%
FLD::MLABecLapAMG::residualWithoutAssembly      27    0.01933    0.02855    0.08975   0.60%
FLD::MLABecLapAMG::assemble                      5   0.007954    0.03722    0.08494   0.57%
FLD::cloud_linearized_residual                  21    0.03865    0.04774    0.08345   0.56%
FabArray::Saxpy()                              416     0.0281    0.04038    0.07836   0.53%
FLD::compute_diffusion                          33    0.03138    0.03869    0.06534   0.44%
FLD::assembly::fine_b_recv_wait                  5  1.554e-06    0.00261    0.06226   0.42%
SpMatrix::gather_pair_plan                     346    0.02971    0.04274     0.0558   0.37%
FLD::cloud_setup                                 1   0.002401    0.04352     0.0507   0.34%
amrex::average_down                             61   0.005269   0.007596    0.04007   0.27%
FLD::cloud_field_initialization                  1   0.009414    0.01623    0.03486   0.23%
FLD::assembly::fine_b_plan                       1   0.001871   0.004693    0.03486   0.23%
SpMatrix::trim_remote_rows                     242    0.01154    0.01628    0.03023   0.20%
FLD::residual::fine_b_plan                       1  0.0005711   0.003755    0.03006   0.20%
FLD::assembly::fine_b_start                      5  0.0001344  0.0006169    0.02979   0.20%
FLD::assembly::fine_b_pack                       5  0.0004285    0.01132    0.02588   0.17%
GMRES::cycle()                                   5    0.01013    0.02142    0.02568   0.17%
AMG::vcycle                                     26    0.00232    0.00747    0.02528   0.17%
FLD::cloud_newton_prepare                        5    0.01453    0.01685    0.02371   0.16%
FLD::cloud_residual                              6     0.0111    0.01372    0.02318   0.16%
FLD::residual::fine_b_recv_wait                 27   5.98e-06  0.0001909    0.02088   0.14%
AMG::vcycle::level=0 residual                   26   0.001047   0.003969    0.01788   0.12%
FLD::run_cloud                                   1   0.003458   0.004928    0.01311   0.09%
SpMatrix::finishComm_mv                       2540   0.002117   0.003544     0.0106   0.07%
FabArray::mult()                                94    0.00238   0.003213   0.009988   0.07%
FabArray::LinComb()                             20     0.0027   0.004331   0.009598   0.06%
SpMatrix::gatherRemotePair                     346  0.0006612   0.001883   0.005432   0.04%
CellConservativeLinear::interp()                 9          0  0.0007182   0.005073   0.03%
SpMatrix::finishComm_mv::cleanup              2270    0.00149   0.002275   0.005008   0.03%
AMG::vcycle::level=1 residual                   26  0.0002756  0.0007456   0.003466   0.02%
FLD::cloud_extinction_ghost_fill                 1  0.0001616  0.0004152   0.001707   0.01%
FLD::cloud_postprocessing                        1  0.0006613   0.001398   0.001691   0.01%
FabArrayBase::getCPC()                         311  0.0003542  0.0005684   0.001211   0.01%
FillPatchTwoLevels                              67  0.0004287  0.0006105   0.001144   0.01%
GMRES::solve()                                   5   0.000253  0.0004442  0.0009865   0.01%
FabArray::ParallelCopy()                       425  0.0003943  0.0004986  0.0007231   0.00%
FLD::MLABecLapAMG::preconditioner_cycle         26  0.0001363  0.0002276  0.0005534   0.00%
GMRES::GramSchmidt                              21  0.0002251  0.0003119  0.0004736   0.00%
AMG::vcycle::level=2 residual                   26  4.984e-05  9.618e-05  0.0003928   0.00%
FLD::residual::fine_state_start                 27  1.648e-05  7.496e-05  0.0003212   0.00%
AMG::vcycle::level=0 pre_smooth                 26  7.259e-05   0.000123  0.0003206   0.00%
FLD::cloud_precondition                         26  0.0001174  0.0001837  0.0003087   0.00%
amrex::average_down_w_geom                      61  5.596e-05  0.0001043   0.000307   0.00%
FabArray::FillBoundary()                       255  0.0001629  0.0002039  0.0002828   0.00%
FLD::residual::coarse_state_finish              27  1.455e-05  3.815e-05   0.000272   0.00%
AMG::vcycle::level=1 post_smooth                26  3.341e-05   0.000101   0.000239   0.00%
AMG::vcycle::level=0 prolong                    26  4.147e-05  8.493e-05  0.0002366   0.00%
AMG::vcycle::level=0 post_smooth                26  5.554e-05  0.0001149  0.0002265   0.00%
FLD::residual::fine_b_finish                    27  1.832e-05  3.565e-05  0.0002005   0.00%
AMG::vcycle::level=1 pre_smooth                 26  4.153e-05  9.511e-05  0.0001911   0.00%
AMG::vcycle::level=1 restrict                   26  2.493e-05  5.114e-05  0.0001899   0.00%
FLD::residual::fine_state_finish                27  1.716e-05   4.54e-05  0.0001816   0.00%
AMG::vcycle::level=0 restrict                   26  3.278e-05  6.702e-05   0.000174   0.00%
FLD::residual::stage_state                      54  5.185e-05  0.0001037  0.0001715   0.00%
AMG::vcycle::level=2 pre_smooth                 26  2.368e-05  4.806e-05  0.0001678   0.00%
AMG::vcycle::level=1 prolong                    26  1.489e-05  4.471e-05  0.0001592   0.00%
FLD::residual::coarse_state_start               27  1.915e-05  6.573e-05  0.0001505   0.00%
FillPatchSingleLevel                           134  4.992e-05  8.095e-05  0.0001393   0.00%
FabArrayBase::TheFPinfo()                       67  4.089e-05   6.31e-05  0.0001341   0.00%
FillPatchInterp(Fab)                            67  2.718e-05  4.396e-05  0.0001166   0.00%
GMRES:build_solution()                           5  4.795e-05  6.133e-05  9.812e-05   0.00%
AMG::vcycle::level=2 restrict                   26  1.111e-05  2.465e-05  7.277e-05   0.00%
FPinfo::FPinfo()                                 1  3.009e-05  3.421e-05  7.186e-05   0.00%
AMG::vcycle::level=2 post_smooth                26  1.365e-05  3.251e-05  6.642e-05   0.00%
AMG::vcycle::level=3 residual                   26  1.793e-05  2.776e-05  5.452e-05   0.00%
FLD::assembly::fine_b_finish                     5  3.828e-06  1.006e-05  5.331e-05   0.00%
AMG::vcycle::level=3 pre_smooth                 26   1.61e-05  2.387e-05  4.852e-05   0.00%
AMG::vcycle::level=4 pre_smooth                 26  1.335e-05  2.753e-05  4.729e-05   0.00%
AMG::vcycle::level=2 prolong                    26  1.122e-05  1.821e-05  4.218e-05   0.00%
FLD::NewtonKrylov::prepare                       5  7.376e-06  1.402e-05  3.442e-05   0.00%
AMG::vcycle::level=3 post_smooth                26  1.056e-05  1.487e-05  3.069e-05   0.00%
AMG::bottom_solve                               26  1.346e-05  1.933e-05  2.736e-05   0.00%
AMG::vcycle::level=5 residual                   26  9.876e-06  1.807e-05  2.638e-05   0.00%
AMG::vcycle::level=4 residual                   26  1.189e-05  1.622e-05  2.506e-05   0.00%
AMG::vcycle::level=6 residual                   26   6.95e-06  1.111e-05  2.228e-05   0.00%
AMG::vcycle::level=3 restrict                   26  7.889e-06  1.175e-05   2.19e-05   0.00%
AMG::vcycle::level=5 pre_smooth                 26  1.111e-05  1.511e-05  2.185e-05   0.00%
MultiFab::Copy()                                10  5.279e-06  1.044e-05  2.171e-05   0.00%
FLD::NewtonKrylov::linear_solve                  5  4.509e-06  1.164e-05  2.077e-05   0.00%
AMG::vcycle::level=6 pre_smooth                 26  9.425e-06  1.298e-05  1.947e-05   0.00%
AMG::vcycle::level=3 prolong                    26  8.307e-06  1.187e-05  1.947e-05   0.00%
AMG::vcycle::level=4 prolong                    26  8.197e-06  1.153e-05  1.847e-05   0.00%
AMG::vcycle::level=8 bottom_solve               19  9.098e-06  1.292e-05  1.839e-05   0.00%
AMG::vcycle::level=7 residual                   26   6.37e-06  1.092e-05  1.726e-05   0.00%
AMG::vcycle::level=4 post_smooth                26    9.2e-06  1.147e-05  1.488e-05   0.00%
AMG::vcycle::level=5 post_smooth                26  8.269e-06   1.09e-05   1.41e-05   0.00%
AMG::vcycle::level=5 prolong                    26   6.15e-06  8.665e-06  1.371e-05   0.00%
AMG::vcycle::level=7 pre_smooth                 26  8.091e-06  1.075e-05   1.37e-05   0.00%
AMG::vcycle::level=4 restrict                   26  6.673e-06  8.534e-06  1.276e-05   0.00%
AMG::vcycle::level=6 post_smooth                26   6.29e-06   8.43e-06  1.187e-05   0.00%
AMG::vcycle::level=5 restrict                   26  6.179e-06   7.94e-06   1.15e-05   0.00%
AMG::vcycle::level=7 post_smooth                26  6.283e-06  7.917e-06  9.841e-06   0.00%
AMG::vcycle::level=6 prolong                    26  5.307e-06  6.752e-06  8.609e-06   0.00%
AMG::vcycle::level=7 prolong                    26    5.6e-06  6.862e-06  8.556e-06   0.00%
Other                                         2642   0.001439    0.00231   0.004421   0.03%
-------------------------------------------------------------------------------------------

-------------------------------------------------------------------------------------------
Name                                        NCalls  Incl. Min  Incl. Avg  Incl. Max   Max %
-------------------------------------------------------------------------------------------
FLD::run_cloud                                   1       14.9      14.91      14.91 100.00%
FLD::NewtonKrylov::solve                         1      14.47      14.47      14.47  97.00%
FLD::NewtonKrylov::linear_solve                  5      6.982      7.049      7.072  47.42%
GMRES::solve()                                   5      6.982      7.049      7.072  47.42%
GMRES::cycle()                                   5       6.98      7.046      7.069  47.40%
FLD::NewtonKrylov::prepare                       5      6.457       6.46      6.461  43.32%
FLD::cloud_newton_prepare                        5      6.457       6.46      6.461  43.32%
FLD::MLABecLapAMG::assemble                      5      6.401      6.414      6.419  43.04%
AMG::setup                                       5      5.542      5.885      6.149  41.22%
FLD::cloud_precondition                         26      3.577      3.913       4.02  26.95%
FLD::MLABecLapAMG::precondition                 26      3.572      3.907      4.015  26.92%
FLD::MLABecLapAMG::preconditioner_cycle         26      3.294      3.569       3.68  24.67%
AMG::vcycle                                     26      3.294      3.569      3.679  24.67%
SpMV                                          2540      3.103      3.396      3.554  23.83%
SpGEMM                                         126      2.517      2.837      3.524  23.63%
FLD::MLABecLapAMG::residualWithoutAssembly      27     0.8064      2.086      3.521  23.61%
FLD::composite_residual_without_assembly        27     0.7721      2.019      3.474  23.29%
ChebyshevSmoother                              456      2.257      2.696       3.02  20.25%
SpMatrix::finishComm_mv                       2540     0.6272      2.453      2.982  19.99%
FLD::NewtonKrylov::Jacobian_action              21     0.8437      1.861      2.947  19.76%
SpMatrix::finishComm_mv::recv_wait            1785     0.3292      2.334      2.911  19.52%
FLD::cloud_linearized_residual                  21     0.7385      1.745      2.899  19.44%
GMRES::GramSchmidt                              21    0.07318      1.241      2.249  15.08%
GMRES::GramSchmidt::batched_dots                42    0.03772      1.214      2.223  14.90%
FabArray::setVal()                             652    0.05163     0.2694      1.709  11.46%
FLD::residual::fine_b_finish                    27  4.909e-05     0.9445      1.437   9.63%
FLD::residual::fine_b_send_wait                 27  1.187e-05     0.9032      1.437   9.63%
SpMatrix::prepare_comm_mv                     2826     0.1239     0.9188       1.31   8.79%
SpMatrix::define_split                         294     0.2991     0.6202      1.234   8.27%
AMG::build_interp_mm                            42     0.7475     0.8615      1.114   7.47%
SpMatrix::transpose                             84     0.2831     0.7325     0.9041   6.06%
FLD::cloud_residual                              6     0.2806      0.569     0.8958   6.01%
FabArray::ParallelCopy_finish()                479     0.2152     0.5499     0.8603   5.77%
SpMatrix::startComm_tr                          84    0.07472     0.5994     0.8131   5.45%
FLD::NewtonKrylov::line_search                   5     0.6919      0.721     0.7903   5.30%
AMG::vcycle::level=0 post_smooth                26     0.4723     0.6579     0.7878   5.28%
FabArray::ParallelCopy()                       425    0.08613     0.2445      0.784   5.26%
FabArray::FillBoundary()                       255    0.06597     0.4297     0.7812   5.24%
GMRES:build_solution()                           5     0.6834     0.7513     0.7756   5.20%
FLD::composite_assembly                          5     0.2171     0.4675     0.7479   5.01%
FillBoundary_finish()                          255    0.01957     0.3738      0.718   4.81%
FLD::residual::fine_b_unpack                    27  4.731e-06    0.04114      0.709   4.75%
AMG::vcycle::level=0 pre_smooth                 26     0.4049     0.5994     0.6799   4.56%
amrex::average_down_w_geom                      61    0.00666    0.04705     0.6348   4.26%
amrex::average_down                             61   0.006601    0.04695     0.6345   4.25%
FLD::residual::fine_state_finish                27    0.05713     0.2823     0.6302   4.23%
AMG::vcycle::level=1 pre_smooth                 26     0.4319     0.4877     0.6237   4.18%
AMG::vcycle::level=1 post_smooth                26     0.3905     0.4992      0.612   4.10%
AMG::pmis                                       42     0.2969     0.4059     0.4628   3.10%
AMG::create_soc                                 42       0.16     0.2493     0.4468   3.00%
FLD::cloud_setup                                 1     0.4278     0.4284     0.4291   2.88%
FLD::composite_topology                          1     0.1071     0.2209     0.3619   2.43%
SpMatrix::startComm_mv                        2540    0.04742     0.1211     0.3545   2.38%
AMG::vcycle::level=0 restrict                   26    0.01207     0.1274     0.3293   2.21%
FLD::assembly::fine_b_finish                     5    0.01588     0.2162     0.3202   2.15%
FLD::assembly::fine_b_send_wait                  5  4.631e-05     0.2046     0.3202   2.15%
SpMatrix::finishComm_mv::unpack               2270     0.0333    0.09165     0.3103   2.08%
AMG::vcycle::level=2 pre_smooth                 26     0.1222     0.1618     0.2975   1.99%
FLD::residual::coarse_state_finish              27  0.0005153    0.06887     0.2937   1.97%
FLD::cloud_extinction_ghost_fill                 1    0.00178     0.1428     0.2565   1.72%
SpMatrix::finishComm_mv::send_wait            1785   0.001629    0.02119     0.2397   1.61%
SpMatrix::preparePairHalo                       42    0.06149     0.1662     0.2221   1.49%
FLD::assembly::fine_b_start                      5   0.004139    0.03581     0.2207   1.48%
FLD::residual::local_rows                       27    0.02037    0.07441     0.2195   1.47%
FabArray::ParallelCopy_nowait()                479    0.03687    0.06388     0.2175   1.46%
FillPatchTwoLevels                              67    0.02605    0.08071     0.2045   1.37%
AMG::vcycle::level=0 residual                   26    0.09428     0.1668     0.1954   1.31%
SpMatrix::finishComm_tr                         84    0.02547    0.07016     0.1904   1.28%
AMG::truncate_interp                            42    0.07863     0.1057     0.1829   1.23%
FLD::residual::stage_state                      54     0.0263     0.1079     0.1693   1.14%
SpMatrix::split_csr                           3307    0.01845    0.06885     0.1689   1.13%
SpMatrix::gatherRemote                         430    0.04912     0.1197     0.1578   1.06%
AMG::vcycle::level=0 prolong                    26    0.06874     0.1233     0.1576   1.06%
AMG::vcycle::level=1 residual                   26     0.1123     0.1388     0.1525   1.02%
FLD::assembly::fine_b_unpack                     5  1.353e-06   0.008954      0.151   1.01%
amrex::Copy()                                  436    0.05334    0.07333     0.1485   1.00%
FLD::residual::fine_b_start                     27   0.004993    0.05415     0.1455   0.98%
FLD::residual::fine_b_pack                      27   0.002572    0.05284     0.1395   0.94%
AMG::vcycle::level=1 restrict                   26    0.02562     0.1077     0.1383   0.93%
AMG::vcycle::level=2 post_smooth                26     0.0916     0.1089     0.1293   0.87%
AMG::vcycle::level=5 prolong                    26   0.002021    0.03575      0.124   0.83%
FillBoundary_nowait()                          255    0.03352    0.05569     0.1225   0.82%
DistributionMapping::LeastUsedCPUs()             3  0.0005723     0.0319     0.1164   0.78%
FLD::compute_diffusion                          33    0.09451     0.1041      0.116   0.78%
FabArrayBase::TheFPinfo()                       67   0.000216    0.03119     0.1155   0.77%
FPinfo::FPinfo()                                 1  0.0001306    0.03113     0.1155   0.77%
AMG::vcycle::level=4 prolong                    26   0.001604   0.007008    0.09063   0.61%
FLD::residual::fine_state_start                 27   0.002592    0.01582    0.08299   0.56%
FabArray::Saxpy()                              416     0.0281    0.04038    0.07836   0.53%
FillPatchSingleLevel                           134   0.006301     0.0203    0.07636   0.51%
AMG::vcycle::level=3 pre_smooth                 26    0.01959     0.0325    0.06339   0.43%
FLD::assembly::fine_b_recv_wait                  5  1.554e-06    0.00261    0.06226   0.42%
AMG::vcycle::level=6 prolong                    26  5.151e-05    0.02407    0.06133   0.41%
SpMatrix::gatherRemotePair                     346    0.03092    0.04462    0.06006   0.40%
FLD::cloud_field_initialization                  1    0.01184    0.01899    0.05997   0.40%
SpMatrix::gather_pair_plan                     346    0.02971    0.04274     0.0558   0.37%
FLD::residual::coarse_state_start               27  0.0002528   0.003013    0.04908   0.33%
AMG::vcycle::level=2 residual                   26      0.026    0.03852    0.04682   0.31%
AMG::vcycle::level=2 restrict                   26   0.008753     0.0253     0.0403   0.27%
FLD::assembly::fine_b_plan                       1   0.001879   0.004703    0.03488   0.23%
AMG::vcycle::level=1 prolong                    26    0.01377    0.02665    0.03186   0.21%
AMG::vcycle::level=6 post_smooth                26   0.000141    0.02025    0.03185   0.21%
SpMatrix::trim_remote_rows                     242    0.01154    0.01628    0.03023   0.20%
FLD::residual::fine_b_plan                       1  0.0005867   0.003782    0.03022   0.20%
AMG::vcycle::level=5 post_smooth                26    0.01278    0.02565    0.02951   0.20%
FLD::assembly::fine_b_pack                       5  0.0004285    0.01132    0.02588   0.17%
AMG::vcycle::level=6 pre_smooth                 26  0.0001412    0.01627    0.02549   0.17%
AMG::vcycle::level=3 post_smooth                26    0.01752    0.02062    0.02374   0.16%
AMG::vcycle::level=7 pre_smooth                 26  0.0001251   0.007441    0.02189   0.15%
AMG::vcycle::level=5 pre_smooth                 26   0.009949    0.01978     0.0218   0.15%
FLD::residual::fine_b_recv_wait                 27   5.98e-06  0.0001909    0.02088   0.14%
AMG::vcycle::level=7 post_smooth                26  0.0001244   0.007009    0.01981   0.13%
AMG::vcycle::level=4 post_smooth                26    0.01472    0.01689    0.01973   0.13%
AMG::vcycle::level=4 pre_smooth                 26    0.01243    0.01395    0.01599   0.11%
AMG::vcycle::level=7 prolong                    26  5.522e-05   0.003674    0.01081   0.07%
FabArray::mult()                                94    0.00238   0.003213   0.009988   0.07%
FabArray::LinComb()                             20     0.0027   0.004331   0.009598   0.06%
AMG::vcycle::level=2 prolong                    26   0.002495   0.005708   0.007628   0.05%
AMG::vcycle::level=6 residual                   26  3.952e-05   0.005143     0.0074   0.05%
AMG::vcycle::level=5 residual                   26   0.003418   0.006633   0.006912   0.05%
AMG::vcycle::level=3 residual                   26   0.004913   0.005581   0.006771   0.05%
FLD::cloud_postprocessing                        1   0.005231   0.006102   0.006296   0.04%
MultiFab::Copy()                                10  0.0003881   0.001613   0.006187   0.04%
AMG::vcycle::level=3 restrict                   26   0.001878   0.003867   0.005307   0.04%
FillPatchInterp(Fab)                            67  2.718e-05  0.0007622   0.005167   0.03%
AMG::vcycle::level=7 residual                   26  3.893e-05   0.001804    0.00509   0.03%
CellConservativeLinear::interp()                 9          0  0.0007182   0.005073   0.03%
SpMatrix::finishComm_mv::cleanup              2270    0.00149   0.002275   0.005008   0.03%
AMG::vcycle::level=3 prolong                    26   0.001492   0.003546   0.004576   0.03%
AMG::vcycle::level=4 residual                   26   0.004004   0.004268   0.004497   0.03%
AMG::bottom_solve                               26  0.0005702   0.001635   0.004002   0.03%
AMG::vcycle::level=5 restrict                   26  0.0001059  0.0008282   0.003955   0.03%
AMG::vcycle::level=8 bottom_solve               19  0.0005076   0.001563   0.003926   0.03%
AMG::vcycle::level=4 restrict                   26  0.0005413   0.002091   0.003714   0.02%
FabArrayBase::getCPC()                         311  0.0007516   0.001465   0.002997   0.02%
Other                                         2642   0.002852   0.004953    0.01345   0.09%
-------------------------------------------------------------------------------------------

Async Memory Usage:
---------------------------------------------------------------------------------------------------
Name                 Nalloc  AvgMem min  AvgMem avg  AvgMem max  MaxMem min  MaxMem avg  MaxMem max
---------------------------------------------------------------------------------------------------
amrex::average_down   62464       3   B      35   B     521   B    8192   B    9362   B      12 KiB
---------------------------------------------------------------------------------------------------

Pinned Memory Usage:
------------------------------------------------------------------------------------------------------------------------
Name                                      Nalloc  AvgMem min  AvgMem avg  AvgMem max  MaxMem min  MaxMem avg  MaxMem max
------------------------------------------------------------------------------------------------------------------------
FLD::composite_residual_without_assembly    2368     621 KiB    9971 KiB      64 MiB     641 KiB      10 MiB      66 MiB
FLD::composite_assembly                      192       0   B    6734 KiB      46 MiB       0   B    7076 KiB      48 MiB
FLD::composite_topology                     3264    6528   B      46 KiB     282 KiB    1120 KiB    3810 KiB      18 MiB
The_Pinned_Arena::Initialize()               448       1   B       2   B      12   B    8192 KiB    8192 KiB    8192 KiB
FLD::MLABecLapAMG::assemble                38080    1558 KiB    1890 KiB    3107 KiB    3632 KiB    4410 KiB    7264 KiB
SpGEMM                                     43007    4894   B      23 KiB     113 KiB     400 KiB     966 KiB    2948 KiB
FLD::MLABecLapAMG::precondition            56576     244 KiB     325 KiB     547 KiB    1024 KiB    1243 KiB    2048 KiB
SpMatrix::finishComm_tr                   103456     195   B    1475   B    7671   B     178 KiB     378 KiB     847 KiB
SpMatrix::startComm_tr                     93528    5330   B    8454   B      11 KiB     172 KiB     322 KiB     577 KiB
------------------------------------------------------------------------------------------------------------------------

Cpu Memory Usage:
-----------------------------------------------------------------------------------------------------------------
Name                               Nalloc  AvgMem min  AvgMem avg  AvgMem max  MaxMem min  MaxMem avg  MaxMem max
-----------------------------------------------------------------------------------------------------------------
FLD::cloud_setup                    23936      11 MiB      13 MiB      22 MiB      11 MiB      13 MiB      22 MiB
FabArray::ParallelCopy_nowait()    118051    9659   B      94 KiB    1363 KiB     532 KiB    1271 KiB    9872 KiB
FLD::NewtonKrylov::solve            19584    2194 KiB    2667 KiB    4392 KiB    3379 KiB    4103 KiB    6759 KiB
GMRES::cycle()                      17408     577 KiB     710 KiB    1175 KiB    3072 KiB    3730 KiB    6144 KiB
SpGEMM                             132999      10 KiB      35 KiB     138 KiB    1517 KiB    2868 KiB    6058 KiB
GMRES::solve()                      21760    1005 KiB    1233 KiB    2036 KiB    2150 KiB    2611 KiB    4301 KiB
FillBoundary_nowait()              156288     856   B    5146   B      11 KiB     176 KiB     371 KiB     546 KiB
SpMatrix::gather_pair_plan         290902      76   B     173   B     479   B      97 KiB     191 KiB     432 KiB
SpMatrix::startComm_mv            1599370      16 KiB      31 KiB      69 KiB      97 KiB     191 KiB     432 KiB
SpMatrix::gatherRemote             342090     260   B     550   B     805   B      81 KiB     172 KiB     319 KiB
FillPatchTwoLevels                   8576       0   B      12   B     108   B       0   B      11 KiB      82 KiB
CellConservativeLinear::interp()     4288       0   B       0   B       4   B       0   B    1755   B      12 KiB
amrex::average_down                 62464       3   B      35   B     521   B    8192   B    9362   B      12 KiB
-----------------------------------------------------------------------------------------------------------------


MPICH Slingshot Network Summary: 0 network timeouts

MPICH Slingshot CXI Counter Summary:
Counter                                Samples          Min         (/s)         Mean         (/s)          Max         (/s)
atu_cache_evictions                         32        38445       2563.0        90328       6021.9       351353      23423.5
atu_cache_hit_base_page_size_0              32      4559358     303957.2      5651955     376797.0      8476243     565082.9
atu_cache_hit_derivative1_page_size_0       32      1382282      92152.1      2037806     135853.7      4507188     300479.2
lpe_net_match_priority_0                    32       411064      27404.3       499412      33294.1       595119      39674.6
lpe_net_match_overflow_0                    32        81738       5449.2       286355      19090.3      1078532      71902.1
lpe_net_match_request_0                     23            1          0.1           13          0.8           55          3.7
lpe_rndzv_puts_0                            32         3894        259.6         7572        504.8        20377       1358.5
lpe_rndzv_puts_offloaded_0                  32         3894        259.6         7572        504.8        20377       1358.5
hni_rx_paused_0                             32        28894       1926.3       851976      56798.4      6226891     415126.1
hni_rx_paused_1                             32         8512        567.5     61564637    4104309.1    519608805   34640587.0
hni_tx_paused_1                             27        14353        956.9       263277      17551.8       830360      55357.3
parbs_tarb_pi_posted_pkts                   32      4104441     273629.4      8455742     563716.1     30556655    2037110.3
parbs_tarb_pi_posted_blocked_cnt            32       631392      42092.8     91298713    6086580.8    726186700   48412446.7
parbs_tarb_pi_non_posted_pkts               32      5533615     368907.7      7111302     474086.8     11622658     774843.9
parbs_tarb_pi_non_posted_blocked_cnt        32       165136      11009.1      1555545     103703.0      7395491     493032.7
AMReX (26.09-216-g49f8465e6225) finalized
