Initializing AMReX (26.09-216-g49f8465e6225)...
MPI initialized with 28672 MPI processes
MPI initialized with thread support level 0
AMReX (26.09-216-g49f8465e6225) initialized
FLD residual face transfers per evaluation: separate sends=152698, packed sends=95356, payload bytes=53919506432
The cloud-layer FLD system Newton 0: residual=70894.85046, GMRES rtol=0.5
FLD assembly face transfers per assembly: separate sends=152698, packed sends=95356, payload bytes=53919506432
AMG setup messages level=0 phase=strength sends=0 bytes=0 collective_rank_calls=28672
AMG setup messages level=0 phase=strength-transpose sends=234750 bytes=10071605824 collective_rank_calls=28672
AMG setup messages level=0 phase=PMIS sends=5232060 bytes=34697787904 collective_rank_calls=315392
AMG setup messages level=0 phase=numbering sends=0 bytes=0 collective_rank_calls=28672
AMG setup messages level=0 phase=interpolation sends=1408500 bytes=13901434208 collective_rank_calls=28672
AMG setup messages level=0 phase=interpolation-transpose sends=582655 bytes=4380984416 collective_rank_calls=28672
AMG setup messages level=0 phase=A*P sends=721140 bytes=23859045936 collective_rank_calls=28672
AMG setup messages level=0 phase=R*(A*P) sends=1747965 bytes=31964438336 collective_rank_calls=28672
AMG setup messages level=1 phase=strength sends=0 bytes=0 collective_rank_calls=28672
AMG setup messages level=1 phase=strength-transpose sends=637915 bytes=12072169208 collective_rank_calls=28672
AMG setup messages level=1 phase=PMIS sends=15356825 bytes=23973947108 collective_rank_calls=344064
AMG setup messages level=1 phase=numbering sends=0 bytes=0 collective_rank_calls=28672
AMG setup messages level=1 phase=interpolation sends=3795636 bytes=14366847000 collective_rank_calls=28672
AMG setup messages level=1 phase=interpolation-transpose sends=630899 bytes=4112635104 collective_rank_calls=28672
AMG setup messages level=1 phase=A*P sends=2156400 bytes=23063111328 collective_rank_calls=28672
AMG setup messages level=1 phase=R*(A*P) sends=1892697 bytes=60150766336 collective_rank_calls=28672
AMG setup messages level=2 phase=strength sends=0 bytes=0 collective_rank_calls=28672
AMG setup messages level=2 phase=strength-transpose sends=733055 bytes=5342050352 collective_rank_calls=28672
AMG setup messages level=2 phase=PMIS sends=19160272 bytes=8634226704 collective_rank_calls=372736
AMG setup messages level=2 phase=numbering sends=0 bytes=0 collective_rank_calls=28672
AMG setup messages level=2 phase=interpolation sends=4330392 bytes=5587662172 collective_rank_calls=28672
AMG setup messages level=2 phase=interpolation-transpose sends=618552 bytes=1148701712 collective_rank_calls=28672
AMG setup messages level=2 phase=A*P sends=2551818 bytes=9575366688 collective_rank_calls=28672
AMG setup messages level=2 phase=R*(A*P) sends=1855656 bytes=26015778848 collective_rank_calls=28672
AMG setup messages level=3 phase=strength sends=0 bytes=0 collective_rank_calls=28672
AMG setup messages level=3 phase=strength-transpose sends=751833 bytes=1369422424 collective_rank_calls=28672
AMG setup messages level=3 phase=PMIS sends=16645194 bytes=1970036016 collective_rank_calls=315392
AMG setup messages level=3 phase=numbering sends=0 bytes=0 collective_rank_calls=28672
AMG setup messages level=3 phase=interpolation sends=4440537 bytes=1544208308 collective_rank_calls=28672
AMG setup messages level=3 phase=interpolation-transpose sends=540038 bytes=266319552 collective_rank_calls=28672
AMG setup messages level=3 phase=A*P sends=2592408 bytes=3049422688 collective_rank_calls=28672
AMG setup messages level=3 phase=R*(A*P) sends=1620114 bytes=7029637280 collective_rank_calls=28672
AMG setup messages level=4 phase=strength sends=0 bytes=0 collective_rank_calls=28672
AMG setup messages level=4 phase=strength-transpose sends=736293 bytes=285040124 collective_rank_calls=28672
AMG setup messages level=4 phase=PMIS sends=14956035 bytes=482306484 collective_rank_calls=286720
AMG setup messages level=4 phase=numbering sends=0 bytes=0 collective_rank_calls=28672
AMG setup messages level=4 phase=interpolation sends=4309524 bytes=405516032 collective_rank_calls=28672
AMG setup messages level=4 phase=interpolation-transpose sends=383587 bytes=57830640 collective_rank_calls=28672
AMG setup messages level=4 phase=A*P sends=3858246 bytes=1042505712 collective_rank_calls=28672
AMG setup messages level=4 phase=R*(A*P) sends=1150761 bytes=1527322160 collective_rank_calls=28672
AMG setup messages level=5 phase=strength sends=0 bytes=0 collective_rank_calls=28672
AMG setup messages level=5 phase=strength-transpose sends=707924 bytes=54623936 collective_rank_calls=28672
AMG setup messages level=5 phase=PMIS sends=16699280 bytes=135425648 collective_rank_calls=315392
AMG setup messages level=5 phase=numbering sends=0 bytes=0 collective_rank_calls=28672
AMG setup messages level=5 phase=interpolation sends=3904725 bytes=92567336 collective_rank_calls=28672
AMG setup messages level=5 phase=interpolation-transpose sends=164013 bytes=11887712 collective_rank_calls=28672
AMG setup messages level=5 phase=A*P sends=7070364 bytes=400533728 collective_rank_calls=28672
AMG setup messages level=5 phase=R*(A*P) sends=492039 bytes=237051424 collective_rank_calls=28672
AMG setup messages level=6 phase=strength sends=0 bytes=0 collective_rank_calls=28672
AMG setup messages level=6 phase=strength-transpose sends=147444 bytes=7633992 collective_rank_calls=28672
AMG setup messages level=6 phase=PMIS sends=2930712 bytes=16431040 collective_rank_calls=229376
AMG setup messages level=6 phase=numbering sends=0 bytes=0 collective_rank_calls=28672
AMG setup messages level=6 phase=interpolation sends=753285 bytes=11735652 collective_rank_calls=28672
AMG setup messages level=6 phase=interpolation-transpose sends=40697 bytes=2380704 collective_rank_calls=28672
AMG setup messages level=6 phase=A*P sends=2625576 bytes=80734480 collective_rank_calls=28672
AMG setup messages level=6 phase=R*(A*P) sends=122091 bytes=33102912 collective_rank_calls=28672
AMG setup messages level=7 phase=strength sends=0 bytes=0 collective_rank_calls=28672
AMG setup messages level=7 phase=strength-transpose sends=23053 bytes=1145136 collective_rank_calls=28672
AMG setup messages level=7 phase=PMIS sends=522163 bytes=2832808 collective_rank_calls=229376
AMG setup messages level=7 phase=numbering sends=0 bytes=0 collective_rank_calls=28672
AMG setup messages level=7 phase=interpolation sends=108615 bytes=1437036 collective_rank_calls=28672
AMG setup messages level=7 phase=interpolation-transpose sends=9123 bytes=506944 collective_rank_calls=28672
AMG setup messages level=7 phase=A*P sends=487188 bytes=13116464 collective_rank_calls=28672
AMG setup messages level=7 phase=R*(A*P) sends=27369 bytes=5190528 collective_rank_calls=28672
AMG setup messages level=8 phase=strength sends=0 bytes=0 collective_rank_calls=28672
AMG setup messages level=8 phase=strength-transpose sends=5443 bytes=271996 collective_rank_calls=28672
AMG setup messages level=8 phase=PMIS sends=69169 bytes=432672 collective_rank_calls=114688
AMG setup messages level=8 phase=numbering sends=0 bytes=0 collective_rank_calls=28672
AMG setup messages level=8 phase=interpolation sends=24081 bytes=249160 collective_rank_calls=28672
AMG setup messages level=8 phase=interpolation-transpose sends=2840 bytes=157344 collective_rank_calls=28672
AMG setup messages level=8 phase=A*P sends=105378 bytes=2740128 collective_rank_calls=28672
AMG setup messages level=8 phase=R*(A*P) sends=8520 bytes=884144 collective_rank_calls=28672
AMG setup messages level=9 phase=strength sends=0 bytes=0 collective_rank_calls=28672
AMG setup messages level=9 phase=strength-transpose sends=1495 bytes=75068 collective_rank_calls=28672
AMG setup messages level=9 phase=PMIS sends=10411 bytes=80900 collective_rank_calls=57344
AMG setup messages level=9 phase=numbering sends=0 bytes=0 collective_rank_calls=28672
AMG setup messages level=9 phase=interpolation sends=7623 bytes=63372 collective_rank_calls=28672
AMG setup messages level=9 phase=interpolation-transpose sends=445 bytes=24960 collective_rank_calls=28672
AMG setup messages level=9 phase=A*P sends=15510 bytes=204832 collective_rank_calls=28672
AMG setup messages level=9 phase=R*(A*P) sends=1335 bytes=21440 collective_rank_calls=28672
GMRES: iter = 0, residual = 18922.54056, 1 (rel.)
GMRES: iter = 1, residual = 6012.208389, 0.3177273352 (rel.)
GMRES: Solve Time = 0.672515274
The cloud-layer FLD system Newton 1: residual=6012.208358, GMRES rtol=0.225
AMG setup messages level=0 phase=strength sends=0 bytes=0 collective_rank_calls=28672
AMG setup messages level=0 phase=strength-transpose sends=234750 bytes=10071605824 collective_rank_calls=28672
AMG setup messages level=0 phase=PMIS sends=4756930 bytes=31812485376 collective_rank_calls=286720
AMG setup messages level=0 phase=numbering sends=0 bytes=0 collective_rank_calls=28672
AMG setup messages level=0 phase=interpolation sends=1408500 bytes=13902072768 collective_rank_calls=28672
AMG setup messages level=0 phase=interpolation-transpose sends=582487 bytes=4381086352 collective_rank_calls=28672
AMG setup messages level=0 phase=A*P sends=721140 bytes=23859391216 collective_rank_calls=28672
AMG setup messages level=0 phase=R*(A*P) sends=1747461 bytes=31966889552 collective_rank_calls=28672
AMG setup messages level=1 phase=strength sends=0 bytes=0 collective_rank_calls=28672
AMG setup messages level=1 phase=strength-transpose sends=637459 bytes=12071460800 collective_rank_calls=28672
AMG setup messages level=1 phase=PMIS sends=17900677 bytes=27651214952 collective_rank_calls=401408
AMG setup messages level=1 phase=numbering sends=0 bytes=0 collective_rank_calls=28672
AMG setup messages level=1 phase=interpolation sends=3794517 bytes=14366213660 collective_rank_calls=28672
AMG setup messages level=1 phase=interpolation-transpose sends=630694 bytes=4112141792 collective_rank_calls=28672
AMG setup messages level=1 phase=A*P sends=2154480 bytes=23062598880 collective_rank_calls=28672
AMG setup messages level=1 phase=R*(A*P) sends=1892082 bytes=60151686720 collective_rank_calls=28672
AMG setup messages level=2 phase=strength sends=0 bytes=0 collective_rank_calls=28672
AMG setup messages level=2 phase=strength-transpose sends=733549 bytes=5342138780 collective_rank_calls=28672
AMG setup messages level=2 phase=PMIS sends=17699309 bytes=8019835988 collective_rank_calls=344064
AMG setup messages level=2 phase=numbering sends=0 bytes=0 collective_rank_calls=28672
AMG setup messages level=2 phase=interpolation sends=4332354 bytes=5588123792 collective_rank_calls=28672
AMG setup messages level=2 phase=interpolation-transpose sends=618990 bytes=1148692272 collective_rank_calls=28672
AMG setup messages level=2 phase=A*P sends=2552154 bytes=9575279440 collective_rank_calls=28672
AMG setup messages level=2 phase=R*(A*P) sends=1856970 bytes=26015722688 collective_rank_calls=28672
AMG setup messages level=3 phase=strength sends=0 bytes=0 collective_rank_calls=28672
AMG setup messages level=3 phase=strength-transpose sends=752289 bytes=1369375400 collective_rank_calls=28672
AMG setup messages level=3 phase=PMIS sends=16655298 bytes=1970003760 collective_rank_calls=315392
AMG setup messages level=3 phase=numbering sends=0 bytes=0 collective_rank_calls=28672
AMG setup messages level=3 phase=interpolation sends=4443669 bytes=1544576020 collective_rank_calls=28672
AMG setup messages level=3 phase=interpolation-transpose sends=540129 bytes=266280288 collective_rank_calls=28672
AMG setup messages level=3 phase=A*P sends=2592042 bytes=3049059104 collective_rank_calls=28672
AMG setup messages level=3 phase=R*(A*P) sends=1620387 bytes=7027329776 collective_rank_calls=28672
AMG setup messages level=4 phase=strength sends=0 bytes=0 collective_rank_calls=28672
AMG setup messages level=4 phase=strength-transpose sends=735783 bytes=285022040 collective_rank_calls=28672
AMG setup messages level=4 phase=PMIS sends=16440342 bytes=525688192 collective_rank_calls=315392
AMG setup messages level=4 phase=numbering sends=0 bytes=0 collective_rank_calls=28672
AMG setup messages level=4 phase=interpolation sends=4308204 bytes=405117476 collective_rank_calls=28672
AMG setup messages level=4 phase=interpolation-transpose sends=384260 bytes=57858176 collective_rank_calls=28672
AMG setup messages level=4 phase=A*P sends=3855240 bytes=1042605328 collective_rank_calls=28672
AMG setup messages level=4 phase=R*(A*P) sends=1152780 bytes=1527921296 collective_rank_calls=28672
AMG setup messages level=5 phase=strength sends=0 bytes=0 collective_rank_calls=28672
AMG setup messages level=5 phase=strength-transpose sends=709298 bytes=54578512 collective_rank_calls=28672
AMG setup messages level=5 phase=PMIS sends=18245490 bytes=146465164 collective_rank_calls=344064
AMG setup messages level=5 phase=numbering sends=0 bytes=0 collective_rank_calls=28672
AMG setup messages level=5 phase=interpolation sends=3914328 bytes=93001080 collective_rank_calls=28672
AMG setup messages level=5 phase=interpolation-transpose sends=164038 bytes=11923328 collective_rank_calls=28672
AMG setup messages level=5 phase=A*P sends=7088268 bytes=401130704 collective_rank_calls=28672
AMG setup messages level=5 phase=R*(A*P) sends=492114 bytes=237212688 collective_rank_calls=28672
AMG setup messages level=6 phase=strength sends=0 bytes=0 collective_rank_calls=28672
AMG setup messages level=6 phase=strength-transpose sends=146101 bytes=7593080 collective_rank_calls=28672
AMG setup messages level=6 phase=PMIS sends=3248568 bytes=18000800 collective_rank_calls=258048
AMG setup messages level=6 phase=numbering sends=0 bytes=0 collective_rank_calls=28672
AMG setup messages level=6 phase=interpolation sends=749838 bytes=11561012 collective_rank_calls=28672
AMG setup messages level=6 phase=interpolation-transpose sends=39277 bytes=2308336 collective_rank_calls=28672
AMG setup messages level=6 phase=A*P sends=2609256 bytes=80292560 collective_rank_calls=28672
AMG setup messages level=6 phase=R*(A*P) sends=117831 bytes=32134144 collective_rank_calls=28672
AMG setup messages level=7 phase=strength sends=0 bytes=0 collective_rank_calls=28672
AMG setup messages level=7 phase=strength-transpose sends=21705 bytes=1095812 collective_rank_calls=28672
AMG setup messages level=7 phase=PMIS sends=437286 bytes=2461016 collective_rank_calls=200704
AMG setup messages level=7 phase=numbering sends=0 bytes=0 collective_rank_calls=28672
AMG setup messages level=7 phase=interpolation sends=102414 bytes=1343940 collective_rank_calls=28672
AMG setup messages level=7 phase=interpolation-transpose sends=9159 bytes=516800 collective_rank_calls=28672
AMG setup messages level=7 phase=A*P sends=470208 bytes=12869056 collective_rank_calls=28672
AMG setup messages level=7 phase=R*(A*P) sends=27477 bytes=5237456 collective_rank_calls=28672
AMG setup messages level=8 phase=strength sends=0 bytes=0 collective_rank_calls=28672
AMG setup messages level=8 phase=strength-transpose sends=4911 bytes=245916 collective_rank_calls=28672
AMG setup messages level=8 phase=PMIS sends=62513 bytes=394224 collective_rank_calls=114688
AMG setup messages level=8 phase=numbering sends=0 bytes=0 collective_rank_calls=28672
AMG setup messages level=8 phase=interpolation sends=20772 bytes=231340 collective_rank_calls=28672
AMG setup messages level=8 phase=interpolation-transpose sends=2601 bytes=146944 collective_rank_calls=28672
AMG setup messages level=8 phase=A*P sends=96732 bytes=2577792 collective_rank_calls=28672
AMG setup messages level=8 phase=R*(A*P) sends=7803 bytes=883072 collective_rank_calls=28672
AMG setup messages level=9 phase=strength sends=0 bytes=0 collective_rank_calls=28672
AMG setup messages level=9 phase=strength-transpose sends=1692 bytes=85092 collective_rank_calls=28672
AMG setup messages level=9 phase=PMIS sends=11784 bytes=91788 collective_rank_calls=57344
AMG setup messages level=9 phase=numbering sends=0 bytes=0 collective_rank_calls=28672
AMG setup messages level=9 phase=interpolation sends=7317 bytes=69696 collective_rank_calls=28672
AMG setup messages level=9 phase=interpolation-transpose sends=936 bytes=52992 collective_rank_calls=28672
AMG setup messages level=9 phase=A*P sends=18054 bytes=350368 collective_rank_calls=28672
AMG setup messages level=9 phase=R*(A*P) sends=2808 bytes=69120 collective_rank_calls=28672
GMRES: iter = 0, residual = 7261.824371, 1 (rel.)
GMRES: iter = 1, residual = 3955.953393, 0.5447602684 (rel.)
GMRES: iter = 2, residual = 1155.245005, 0.1590846799 (rel.)
GMRES: Solve Time = 1.016107166
The cloud-layer FLD system Newton 2: residual=1155.245159, GMRES rtol=0.02277714791
AMG setup messages level=0 phase=strength sends=0 bytes=0 collective_rank_calls=28672
AMG setup messages level=0 phase=strength-transpose sends=234750 bytes=10071605824 collective_rank_calls=28672
AMG setup messages level=0 phase=PMIS sends=4756930 bytes=31812485376 collective_rank_calls=286720
AMG setup messages level=0 phase=numbering sends=0 bytes=0 collective_rank_calls=28672
AMG setup messages level=0 phase=interpolation sends=1408500 bytes=13901759536 collective_rank_calls=28672
AMG setup messages level=0 phase=interpolation-transpose sends=582430 bytes=4380874688 collective_rank_calls=28672
AMG setup messages level=0 phase=A*P sends=721140 bytes=23858951600 collective_rank_calls=28672
AMG setup messages level=0 phase=R*(A*P) sends=1747290 bytes=31964109840 collective_rank_calls=28672
AMG setup messages level=1 phase=strength sends=0 bytes=0 collective_rank_calls=28672
AMG setup messages level=1 phase=strength-transpose sends=637973 bytes=12072683712 collective_rank_calls=28672
AMG setup messages level=1 phase=PMIS sends=16635836 bytes=25814201120 collective_rank_calls=372736
AMG setup messages level=1 phase=numbering sends=0 bytes=0 collective_rank_calls=28672
AMG setup messages level=1 phase=interpolation sends=3796875 bytes=14368382168 collective_rank_calls=28672
AMG setup messages level=1 phase=interpolation-transpose sends=630798 bytes=4112741376 collective_rank_calls=28672
AMG setup messages level=1 phase=A*P sends=2153778 bytes=23062935536 collective_rank_calls=28672
AMG setup messages level=1 phase=R*(A*P) sends=1892394 bytes=60156027776 collective_rank_calls=28672
AMG setup messages level=2 phase=strength sends=0 bytes=0 collective_rank_calls=28672
AMG setup messages level=2 phase=strength-transpose sends=733302 bytes=5342499612 collective_rank_calls=28672
AMG setup messages level=2 phase=PMIS sends=17693186 bytes=8019859812 collective_rank_calls=344064
AMG setup messages level=2 phase=numbering sends=0 bytes=0 collective_rank_calls=28672
AMG setup messages level=2 phase=interpolation sends=4330203 bytes=5588277424 collective_rank_calls=28672
AMG setup messages level=2 phase=interpolation-transpose sends=618935 bytes=1148614960 collective_rank_calls=28672
AMG setup messages level=2 phase=A*P sends=2552202 bytes=9576362240 collective_rank_calls=28672
AMG setup messages level=2 phase=R*(A*P) sends=1856805 bytes=26011105072 collective_rank_calls=28672
AMG setup messages level=3 phase=strength sends=0 bytes=0 collective_rank_calls=28672
AMG setup messages level=3 phase=strength-transpose sends=751947 bytes=1369579336 collective_rank_calls=28672
AMG setup messages level=3 phase=PMIS sends=18159113 bytes=2133629540 collective_rank_calls=344064
AMG setup messages level=3 phase=numbering sends=0 bytes=0 collective_rank_calls=28672
AMG setup messages level=3 phase=interpolation sends=4439988 bytes=1543823624 collective_rank_calls=28672
AMG setup messages level=3 phase=interpolation-transpose sends=540361 bytes=266462272 collective_rank_calls=28672
AMG setup messages level=3 phase=A*P sends=2592474 bytes=3049158160 collective_rank_calls=28672
AMG setup messages level=3 phase=R*(A*P) sends=1621083 bytes=7028061872 collective_rank_calls=28672
AMG setup messages level=4 phase=strength sends=0 bytes=0 collective_rank_calls=28672
AMG setup messages level=4 phase=strength-transpose sends=735968 bytes=284894112 collective_rank_calls=28672
AMG setup messages level=4 phase=PMIS sends=17936960 bytes=568733792 collective_rank_calls=344064
AMG setup messages level=4 phase=numbering sends=0 bytes=0 collective_rank_calls=28672
AMG setup messages level=4 phase=interpolation sends=4309005 bytes=405638836 collective_rank_calls=28672
AMG setup messages level=4 phase=interpolation-transpose sends=383109 bytes=57783376 collective_rank_calls=28672
AMG setup messages level=4 phase=A*P sends=3857724 bytes=1041819776 collective_rank_calls=28672
AMG setup messages level=4 phase=R*(A*P) sends=1149327 bytes=1524056880 collective_rank_calls=28672
AMG setup messages level=5 phase=strength sends=0 bytes=0 collective_rank_calls=28672
AMG setup messages level=5 phase=strength-transpose sends=705708 bytes=54640020 collective_rank_calls=28672
AMG setup messages level=5 phase=PMIS sends=16662120 bytes=135497384 collective_rank_calls=315392
AMG setup messages level=5 phase=numbering sends=0 bytes=0 collective_rank_calls=28672
AMG setup messages level=5 phase=interpolation sends=3896505 bytes=92819100 collective_rank_calls=28672
AMG setup messages level=5 phase=interpolation-transpose sends=163878 bytes=11923344 collective_rank_calls=28672
AMG setup messages level=5 phase=A*P sends=7056798 bytes=400843296 collective_rank_calls=28672
AMG setup messages level=5 phase=R*(A*P) sends=491634 bytes=237258544 collective_rank_calls=28672
AMG setup messages level=6 phase=strength sends=0 bytes=0 collective_rank_calls=28672
AMG setup messages level=6 phase=strength-transpose sends=146339 bytes=7611852 collective_rank_calls=28672
AMG setup messages level=6 phase=PMIS sends=2903483 bytes=16341092 collective_rank_calls=229376
AMG setup messages level=6 phase=numbering sends=0 bytes=0 collective_rank_calls=28672
AMG setup messages level=6 phase=interpolation sends=747543 bytes=11679836 collective_rank_calls=28672
AMG setup messages level=6 phase=interpolation-transpose sends=39471 bytes=2330736 collective_rank_calls=28672
AMG setup messages level=6 phase=A*P sends=2625060 bytes=80505280 collective_rank_calls=28672
AMG setup messages level=6 phase=R*(A*P) sends=118413 bytes=32336048 collective_rank_calls=28672
AMG setup messages level=7 phase=strength sends=0 bytes=0 collective_rank_calls=28672
AMG setup messages level=7 phase=strength-transpose sends=22305 bytes=1123348 collective_rank_calls=28672
AMG setup messages level=7 phase=PMIS sends=448150 bytes=2512512 collective_rank_calls=200704
AMG setup messages level=7 phase=numbering sends=0 bytes=0 collective_rank_calls=28672
AMG setup messages level=7 phase=interpolation sends=105543 bytes=1388272 collective_rank_calls=28672
AMG setup messages level=7 phase=interpolation-transpose sends=9545 bytes=529856 collective_rank_calls=28672
AMG setup messages level=7 phase=A*P sends=473094 bytes=12997024 collective_rank_calls=28672
AMG setup messages level=7 phase=R*(A*P) sends=28635 bytes=5353328 collective_rank_calls=28672
AMG setup messages level=8 phase=strength sends=0 bytes=0 collective_rank_calls=28672
AMG setup messages level=8 phase=strength-transpose sends=4850 bytes=238532 collective_rank_calls=28672
AMG setup messages level=8 phase=PMIS sends=61880 bytes=380720 collective_rank_calls=114688
AMG setup messages level=8 phase=numbering sends=0 bytes=0 collective_rank_calls=28672
AMG setup messages level=8 phase=interpolation sends=20724 bytes=247232 collective_rank_calls=28672
AMG setup messages level=8 phase=interpolation-transpose sends=2963 bytes=165808 collective_rank_calls=28672
AMG setup messages level=8 phase=A*P sends=103050 bytes=2735552 collective_rank_calls=28672
AMG setup messages level=8 phase=R*(A*P) sends=8889 bytes=834960 collective_rank_calls=28672
AMG setup messages level=9 phase=strength sends=0 bytes=0 collective_rank_calls=28672
AMG setup messages level=9 phase=strength-transpose sends=1497 bytes=73044 collective_rank_calls=28672
AMG setup messages level=9 phase=PMIS sends=10401 bytes=77308 collective_rank_calls=57344
AMG setup messages level=9 phase=numbering sends=0 bytes=0 collective_rank_calls=28672
AMG setup messages level=9 phase=interpolation sends=7779 bytes=65012 collective_rank_calls=28672
AMG setup messages level=9 phase=interpolation-transpose sends=395 bytes=21456 collective_rank_calls=28672
AMG setup messages level=9 phase=A*P sends=15972 bytes=201984 collective_rank_calls=28672
AMG setup messages level=9 phase=R*(A*P) sends=1185 bytes=17632 collective_rank_calls=28672
GMRES: iter = 0, residual = 1700.372102, 1 (rel.)
GMRES: iter = 1, residual = 894.0431971, 0.5257926757 (rel.)
GMRES: iter = 2, residual = 265.0207599, 0.1558604494 (rel.)
GMRES: iter = 3, residual = 61.70044479, 0.03628643679 (rel.)
GMRES: iter = 4, residual = 16.55129089, 0.009733922867 (rel.)
GMRES: Solve Time = 1.818402444
The cloud-layer FLD system Newton 3: residual=16.55236235, GMRES rtol=0.0001
AMG setup messages level=0 phase=strength sends=0 bytes=0 collective_rank_calls=28672
AMG setup messages level=0 phase=strength-transpose sends=234750 bytes=10071605824 collective_rank_calls=28672
AMG setup messages level=0 phase=PMIS sends=4756930 bytes=31812485376 collective_rank_calls=286720
AMG setup messages level=0 phase=numbering sends=0 bytes=0 collective_rank_calls=28672
AMG setup messages level=0 phase=interpolation sends=1408500 bytes=13901487328 collective_rank_calls=28672
AMG setup messages level=0 phase=interpolation-transpose sends=582489 bytes=4381034752 collective_rank_calls=28672
AMG setup messages level=0 phase=A*P sends=721140 bytes=23859029664 collective_rank_calls=28672
AMG setup messages level=0 phase=R*(A*P) sends=1747467 bytes=31964899248 collective_rank_calls=28672
AMG setup messages level=1 phase=strength sends=0 bytes=0 collective_rank_calls=28672
AMG setup messages level=1 phase=strength-transpose sends=638049 bytes=12072113228 collective_rank_calls=28672
AMG setup messages level=1 phase=PMIS sends=15358845 bytes=23974624024 collective_rank_calls=344064
AMG setup messages level=1 phase=numbering sends=0 bytes=0 collective_rank_calls=28672
AMG setup messages level=1 phase=interpolation sends=3796929 bytes=14367956128 collective_rank_calls=28672
AMG setup messages level=1 phase=interpolation-transpose sends=630929 bytes=4112495264 collective_rank_calls=28672
AMG setup messages level=1 phase=A*P sends=2154912 bytes=23062213312 collective_rank_calls=28672
AMG setup messages level=1 phase=R*(A*P) sends=1892787 bytes=60153262416 collective_rank_calls=28672
AMG setup messages level=2 phase=strength sends=0 bytes=0 collective_rank_calls=28672
AMG setup messages level=2 phase=strength-transpose sends=733380 bytes=5342279372 collective_rank_calls=28672
AMG setup messages level=2 phase=PMIS sends=17695058 bytes=8019906220 collective_rank_calls=344064
AMG setup messages level=2 phase=numbering sends=0 bytes=0 collective_rank_calls=28672
AMG setup messages level=2 phase=interpolation sends=4331916 bytes=5587963828 collective_rank_calls=28672
AMG setup messages level=2 phase=interpolation-transpose sends=619113 bytes=1148549040 collective_rank_calls=28672
AMG setup messages level=2 phase=A*P sends=2551494 bytes=9575800560 collective_rank_calls=28672
AMG setup messages level=2 phase=R*(A*P) sends=1857339 bytes=26014629088 collective_rank_calls=28672
AMG setup messages level=3 phase=strength sends=0 bytes=0 collective_rank_calls=28672
AMG setup messages level=3 phase=strength-transpose sends=752474 bytes=1369476892 collective_rank_calls=28672
AMG setup messages level=3 phase=PMIS sends=18174738 bytes=2133416764 collective_rank_calls=344064
AMG setup messages level=3 phase=numbering sends=0 bytes=0 collective_rank_calls=28672
AMG setup messages level=3 phase=interpolation sends=4444011 bytes=1543927656 collective_rank_calls=28672
AMG setup messages level=3 phase=interpolation-transpose sends=540033 bytes=266282224 collective_rank_calls=28672
AMG setup messages level=3 phase=A*P sends=2592264 bytes=3049407824 collective_rank_calls=28672
AMG setup messages level=3 phase=R*(A*P) sends=1620099 bytes=7027092256 collective_rank_calls=28672
AMG setup messages level=4 phase=strength sends=0 bytes=0 collective_rank_calls=28672
AMG setup messages level=4 phase=strength-transpose sends=736518 bytes=285005224 collective_rank_calls=28672
AMG setup messages level=4 phase=PMIS sends=14961778 bytes=482172276 collective_rank_calls=286720
AMG setup messages level=4 phase=numbering sends=0 bytes=0 collective_rank_calls=28672
AMG setup messages level=4 phase=interpolation sends=4312437 bytes=405081348 collective_rank_calls=28672
AMG setup messages level=4 phase=interpolation-transpose sends=384325 bytes=57863424 collective_rank_calls=28672
AMG setup messages level=4 phase=A*P sends=3856752 bytes=1042116352 collective_rank_calls=28672
AMG setup messages level=4 phase=R*(A*P) sends=1152975 bytes=1529513744 collective_rank_calls=28672
AMG setup messages level=5 phase=strength sends=0 bytes=0 collective_rank_calls=28672
AMG setup messages level=5 phase=strength-transpose sends=709590 bytes=54599036 collective_rank_calls=28672
AMG setup messages level=5 phase=PMIS sends=16741428 bytes=135444320 collective_rank_calls=315392
AMG setup messages level=5 phase=numbering sends=0 bytes=0 collective_rank_calls=28672
AMG setup messages level=5 phase=interpolation sends=3917871 bytes=92917712 collective_rank_calls=28672
AMG setup messages level=5 phase=interpolation-transpose sends=163792 bytes=11893744 collective_rank_calls=28672
AMG setup messages level=5 phase=A*P sends=7086690 bytes=400939456 collective_rank_calls=28672
AMG setup messages level=5 phase=R*(A*P) sends=491376 bytes=236125584 collective_rank_calls=28672
AMG setup messages level=6 phase=strength sends=0 bytes=0 collective_rank_calls=28672
AMG setup messages level=6 phase=strength-transpose sends=145054 bytes=7542588 collective_rank_calls=28672
AMG setup messages level=6 phase=PMIS sends=3235872 bytes=17928016 collective_rank_calls=258048
AMG setup messages level=6 phase=numbering sends=0 bytes=0 collective_rank_calls=28672
AMG setup messages level=6 phase=interpolation sends=740628 bytes=11473380 collective_rank_calls=28672
AMG setup messages level=6 phase=interpolation-transpose sends=39740 bytes=2325232 collective_rank_calls=28672
AMG setup messages level=6 phase=A*P sends=2608368 bytes=79974448 collective_rank_calls=28672
AMG setup messages level=6 phase=R*(A*P) sends=119220 bytes=32387872 collective_rank_calls=28672
AMG setup messages level=7 phase=strength sends=0 bytes=0 collective_rank_calls=28672
AMG setup messages level=7 phase=strength-transpose sends=22415 bytes=1121128 collective_rank_calls=28672
AMG setup messages level=7 phase=PMIS sends=449898 bytes=2502704 collective_rank_calls=200704
AMG setup messages level=7 phase=numbering sends=0 bytes=0 collective_rank_calls=28672
AMG setup messages level=7 phase=interpolation sends=105498 bytes=1342508 collective_rank_calls=28672
AMG setup messages level=7 phase=interpolation-transpose sends=9271 bytes=505136 collective_rank_calls=28672
AMG setup messages level=7 phase=A*P sends=485142 bytes=13046640 collective_rank_calls=28672
AMG setup messages level=7 phase=R*(A*P) sends=27813 bytes=5128912 collective_rank_calls=28672
AMG setup messages level=8 phase=strength sends=0 bytes=0 collective_rank_calls=28672
AMG setup messages level=8 phase=strength-transpose sends=5229 bytes=262772 collective_rank_calls=28672
AMG setup messages level=8 phase=PMIS sends=66817 bytes=424948 collective_rank_calls=114688
AMG setup messages level=8 phase=numbering sends=0 bytes=0 collective_rank_calls=28672
AMG setup messages level=8 phase=interpolation sends=22239 bytes=228288 collective_rank_calls=28672
AMG setup messages level=8 phase=interpolation-transpose sends=2532 bytes=142352 collective_rank_calls=28672
AMG setup messages level=8 phase=A*P sends=101970 bytes=2599680 collective_rank_calls=28672
AMG setup messages level=8 phase=R*(A*P) sends=7596 bytes=888176 collective_rank_calls=28672
AMG setup messages level=9 phase=strength sends=0 bytes=0 collective_rank_calls=28672
AMG setup messages level=9 phase=strength-transpose sends=1619 bytes=82144 collective_rank_calls=28672
AMG setup messages level=9 phase=PMIS sends=11291 bytes=89136 collective_rank_calls=57344
AMG setup messages level=9 phase=numbering sends=0 bytes=0 collective_rank_calls=28672
AMG setup messages level=9 phase=interpolation sends=8169 bytes=67708 collective_rank_calls=28672
AMG setup messages level=9 phase=interpolation-transpose sends=512 bytes=29184 collective_rank_calls=28672
AMG setup messages level=9 phase=A*P sends=18378 bytes=250016 collective_rank_calls=28672
AMG setup messages level=9 phase=R*(A*P) sends=1536 bytes=25600 collective_rank_calls=28672
GMRES: iter = 0, residual = 17.42793378, 1 (rel.)
GMRES: iter = 1, residual = 8.251653498, 0.4734728512 (rel.)
GMRES: iter = 2, residual = 2.180153735, 0.1250953648 (rel.)
GMRES: iter = 3, residual = 0.7379135789, 0.0423408528 (rel.)
GMRES: iter = 4, residual = 0.2861870147, 0.01642116721 (rel.)
GMRES: iter = 5, residual = 0.08267464722, 0.004743800857 (rel.)
GMRES: iter = 6, residual = 0.02409335301, 0.00138245608 (rel.)
GMRES: iter = 7, residual = 0.007181695332, 0.0004120795627 (rel.)
GMRES: iter = 8, residual = 0.002457135789, 0.0001409883593 (rel.)
GMRES: iter = 9, residual = 0.0006756185102, 3.87664148e-05 (rel.)
GMRES: Solve Time = 3.892323306
The cloud-layer FLD system Newton 4: residual=0.001254855375, GMRES rtol=0.0001
AMG setup messages level=0 phase=strength sends=0 bytes=0 collective_rank_calls=28672
AMG setup messages level=0 phase=strength-transpose sends=234750 bytes=10071605824 collective_rank_calls=28672
AMG setup messages level=0 phase=PMIS sends=5232060 bytes=34697787904 collective_rank_calls=315392
AMG setup messages level=0 phase=numbering sends=0 bytes=0 collective_rank_calls=28672
AMG setup messages level=0 phase=interpolation sends=1408500 bytes=13901675264 collective_rank_calls=28672
AMG setup messages level=0 phase=interpolation-transpose sends=582635 bytes=4381094128 collective_rank_calls=28672
AMG setup messages level=0 phase=A*P sends=721140 bytes=23859296208 collective_rank_calls=28672
AMG setup messages level=0 phase=R*(A*P) sends=1747905 bytes=31966693088 collective_rank_calls=28672
AMG setup messages level=1 phase=strength sends=0 bytes=0 collective_rank_calls=28672
AMG setup messages level=1 phase=strength-transpose sends=637987 bytes=12071292360 collective_rank_calls=28672
AMG setup messages level=1 phase=PMIS sends=16636592 bytes=25811781120 collective_rank_calls=372736
AMG setup messages level=1 phase=numbering sends=0 bytes=0 collective_rank_calls=28672
AMG setup messages level=1 phase=interpolation sends=3796638 bytes=14366859056 collective_rank_calls=28672
AMG setup messages level=1 phase=interpolation-transpose sends=630370 bytes=4112398112 collective_rank_calls=28672
AMG setup messages level=1 phase=A*P sends=2157144 bytes=23062059312 collective_rank_calls=28672
AMG setup messages level=1 phase=R*(A*P) sends=1891110 bytes=60151170016 collective_rank_calls=28672
AMG setup messages level=2 phase=strength sends=0 bytes=0 collective_rank_calls=28672
AMG setup messages level=2 phase=strength-transpose sends=733123 bytes=5342362852 collective_rank_calls=28672
AMG setup messages level=2 phase=PMIS sends=17688929 bytes=8019410244 collective_rank_calls=344064
AMG setup messages level=2 phase=numbering sends=0 bytes=0 collective_rank_calls=28672
AMG setup messages level=2 phase=interpolation sends=4331175 bytes=5587105716 collective_rank_calls=28672
AMG setup messages level=2 phase=interpolation-transpose sends=618831 bytes=1148878128 collective_rank_calls=28672
AMG setup messages level=2 phase=A*P sends=2551620 bytes=9576236896 collective_rank_calls=28672
AMG setup messages level=2 phase=R*(A*P) sends=1856493 bytes=26016054384 collective_rank_calls=28672
AMG setup messages level=3 phase=strength sends=0 bytes=0 collective_rank_calls=28672
AMG setup messages level=3 phase=strength-transpose sends=752046 bytes=1369045804 collective_rank_calls=28672
AMG setup messages level=3 phase=PMIS sends=19674072 bytes=2296500960 collective_rank_calls=372736
AMG setup messages level=3 phase=numbering sends=0 bytes=0 collective_rank_calls=28672
AMG setup messages level=3 phase=interpolation sends=4441389 bytes=1543634760 collective_rank_calls=28672
AMG setup messages level=3 phase=interpolation-transpose sends=539783 bytes=266301408 collective_rank_calls=28672
AMG setup messages level=3 phase=A*P sends=2592018 bytes=3049241696 collective_rank_calls=28672
AMG setup messages level=3 phase=R*(A*P) sends=1619349 bytes=7029772592 collective_rank_calls=28672
AMG setup messages level=4 phase=strength sends=0 bytes=0 collective_rank_calls=28672
AMG setup messages level=4 phase=strength-transpose sends=736148 bytes=284969836 collective_rank_calls=28672
AMG setup messages level=4 phase=PMIS sends=16449536 bytes=525658488 collective_rank_calls=315392
AMG setup messages level=4 phase=numbering sends=0 bytes=0 collective_rank_calls=28672
AMG setup messages level=4 phase=interpolation sends=4308435 bytes=405403096 collective_rank_calls=28672
AMG setup messages level=4 phase=interpolation-transpose sends=383379 bytes=57860432 collective_rank_calls=28672
AMG setup messages level=4 phase=A*P sends=3861126 bytes=1042719520 collective_rank_calls=28672
AMG setup messages level=4 phase=R*(A*P) sends=1150137 bytes=1528622064 collective_rank_calls=28672
AMG setup messages level=5 phase=strength sends=0 bytes=0 collective_rank_calls=28672
AMG setup messages level=5 phase=strength-transpose sends=707557 bytes=54620740 collective_rank_calls=28672
AMG setup messages level=5 phase=PMIS sends=15185239 bytes=124401652 collective_rank_calls=286720
AMG setup messages level=5 phase=numbering sends=0 bytes=0 collective_rank_calls=28672
AMG setup messages level=5 phase=interpolation sends=3909285 bytes=92804996 collective_rank_calls=28672
AMG setup messages level=5 phase=interpolation-transpose sends=164247 bytes=11904992 collective_rank_calls=28672
AMG setup messages level=5 phase=A*P sends=7074096 bytes=401196528 collective_rank_calls=28672
AMG setup messages level=5 phase=R*(A*P) sends=492741 bytes=237084416 collective_rank_calls=28672
AMG setup messages level=6 phase=strength sends=0 bytes=0 collective_rank_calls=28672
AMG setup messages level=6 phase=strength-transpose sends=146092 bytes=7570808 collective_rank_calls=28672
AMG setup messages level=6 phase=PMIS sends=3252556 bytes=17947424 collective_rank_calls=258048
AMG setup messages level=6 phase=numbering sends=0 bytes=0 collective_rank_calls=28672
AMG setup messages level=6 phase=interpolation sends=749058 bytes=11425376 collective_rank_calls=28672
AMG setup messages level=6 phase=interpolation-transpose sends=40011 bytes=2315744 collective_rank_calls=28672
AMG setup messages level=6 phase=A*P sends=2611854 bytes=80031280 collective_rank_calls=28672
AMG setup messages level=6 phase=R*(A*P) sends=120033 bytes=32374560 collective_rank_calls=28672
AMG setup messages level=7 phase=strength sends=0 bytes=0 collective_rank_calls=28672
AMG setup messages level=7 phase=strength-transpose sends=21820 bytes=1089064 collective_rank_calls=28672
AMG setup messages level=7 phase=PMIS sends=439832 bytes=2453104 collective_rank_calls=200704
AMG setup messages level=7 phase=numbering sends=0 bytes=0 collective_rank_calls=28672
AMG setup messages level=7 phase=interpolation sends=101874 bytes=1265796 collective_rank_calls=28672
AMG setup messages level=7 phase=interpolation-transpose sends=9249 bytes=513248 collective_rank_calls=28672
AMG setup messages level=7 phase=A*P sends=479814 bytes=12904000 collective_rank_calls=28672
AMG setup messages level=7 phase=R*(A*P) sends=27747 bytes=5289664 collective_rank_calls=28672
AMG setup messages level=8 phase=strength sends=0 bytes=0 collective_rank_calls=28672
AMG setup messages level=8 phase=strength-transpose sends=4817 bytes=239008 collective_rank_calls=28672
AMG setup messages level=8 phase=PMIS sends=76100 bytes=452336 collective_rank_calls=143360
AMG setup messages level=8 phase=numbering sends=0 bytes=0 collective_rank_calls=28672
AMG setup messages level=8 phase=interpolation sends=22434 bytes=239092 collective_rank_calls=28672
AMG setup messages level=8 phase=interpolation-transpose sends=2880 bytes=161712 collective_rank_calls=28672
AMG setup messages level=8 phase=A*P sends=104196 bytes=2647776 collective_rank_calls=28672
AMG setup messages level=8 phase=R*(A*P) sends=8640 bytes=717216 collective_rank_calls=28672
AMG setup messages level=9 phase=strength sends=0 bytes=0 collective_rank_calls=28672
AMG setup messages level=9 phase=strength-transpose sends=914 bytes=43900 collective_rank_calls=28672
AMG setup messages level=9 phase=PMIS sends=6368 bytes=46156 collective_rank_calls=57344
AMG setup messages level=9 phase=numbering sends=0 bytes=0 collective_rank_calls=28672
AMG setup messages level=9 phase=interpolation sends=4566 bytes=37736 collective_rank_calls=28672
AMG setup messages level=9 phase=interpolation-transpose sends=303 bytes=16176 collective_rank_calls=28672
AMG setup messages level=9 phase=A*P sends=10836 bytes=134400 collective_rank_calls=28672
AMG setup messages level=9 phase=R*(A*P) sends=909 bytes=12960 collective_rank_calls=28672
GMRES: iter = 0, residual = 0.001254758758, 1 (rel.)
GMRES: iter = 1, residual = 0.0003204520362, 0.25538936 (rel.)
GMRES: iter = 2, residual = 9.48002323e-05, 0.07555255678 (rel.)
GMRES: iter = 3, residual = 2.876351207e-05, 0.02292353959 (rel.)
GMRES: iter = 4, residual = 8.938053234e-06, 0.007123324048 (rel.)
GMRES: iter = 5, residual = 2.856699371e-06, 0.002276692116 (rel.)
GMRES: iter = 6, residual = 9.237681664e-07, 0.0007362117703 (rel.)
GMRES: iter = 7, residual = 3.036015418e-07, 0.0002419600898 (rel.)
GMRES: iter = 8, residual = 9.466345773e-08, 7.544355211e-05 (rel.)
GMRES: Solve Time = 3.391307071
FLD cloud AMR Newton-Krylov iterations=5/24, change=1.877503267e-08, residual=2.287983218e-07, transmission=0.9991464833
FLD 3-D Penrose cloud: case=amr, fine_n=2048, opacity contrast=100000, cells=2248146944, limiter=off, mixed cells=16675554, cloudy volume relative error=1.4638438e-16, transmission=0.9991464833, balance error=5.444739997e-15, Newton/Krylov iterations=5/24, nonlinear residual=2.287983218e-07, E range=[1.998289639,2.001710361], whole-case wall=21.95256402 s, preconditioner=amg, AMG backend=native, linear iterations=24, max true relative residual=0, aggregate setup=8.573305114 s, aggregate solve=0 s


TinyProfiler total time across processes [min...avg...max]: 21.95 ... 21.95 ... 21.96

-------------------------------------------------------------------------------------------
Name                                        NCalls  Excl. Min  Excl. Avg  Excl. Max   Max %
-------------------------------------------------------------------------------------------
SpMatrix::finishComm_mv::recv_wait            1859      1.522      3.907      4.932  22.46%
SpGEMM                                         150      1.055       1.58      3.019  13.75%
GMRES::GramSchmidt::batched_dots                48    0.09379      2.245      2.816  12.83%
SpMV                                          3335     0.4199     0.9063      2.699  12.29%
FabArray::ParallelCopy_finish()                521    0.04091      0.945      2.604  11.86%
FLD::residual::fine_b_send_wait                 30  4.037e-05      1.289      2.181   9.93%
AMG::setup                                       5     0.4058      1.578      2.086   9.50%
FabArray::setVal()                             709     0.0232     0.3048       1.99   9.07%
SpMatrix::prepare_comm_mv                     3650     0.4654      1.487      1.962   8.94%
FLD::residual::fine_b_unpack                    30  4.791e-06    0.04263      1.613   7.35%
FillBoundary_finish()                          279    0.01546     0.6402      1.504   6.85%
FLD::composite_residual_without_assembly        30     0.1706     0.3615      1.451   6.61%
SpMatrix::define_split                         350      0.324      0.706      1.445   6.58%
SpMatrix::startComm_tr                         100        0.3     0.9464      1.322   6.02%
FLD::NewtonKrylov::line_search                   5    0.01907     0.5199     0.7293   3.32%
FLD::NewtonKrylov::Jacobian_action              24    0.01263     0.2667     0.7051   3.21%
ChebyshevSmoother                              609    0.08468     0.1747     0.5899   2.69%
SpMatrix::preparePairHalo                       50     0.2056     0.5056     0.5788   2.64%
SpMatrix::startComm_mv                        3335    0.03926     0.1227     0.5718   2.60%
FLD::residual::fine_b_recv_wait                 30  6.049e-06   0.001431     0.5301   2.41%
FLD::assembly::fine_b_send_wait                  5  4.419e-06     0.2568     0.4913   2.24%
SpMatrix::finishComm_mv::send_wait            1859   0.001554    0.02445     0.4827   2.20%
FabArray::ParallelCopy_nowait()                521   0.008758    0.04287     0.4734   2.16%
FLD::composite_assembly                          5     0.1364     0.2347     0.4553   2.07%
AMG::pmis                                       50     0.2669     0.3455     0.4179   1.90%
SpMatrix::finishComm_mv::unpack               2945    0.03715      0.103     0.4131   1.88%
DistributionMapping::LeastUsedCPUs()             3   0.009914    0.07299     0.4043   1.84%
SpMatrix::finishComm_tr                        100    0.03662     0.0874      0.388   1.77%
AMG::build_interp_mm                            50     0.1411     0.1899     0.3427   1.56%
FLD::MLABecLapAMG::precondition                 29    0.07125     0.1187     0.3047   1.39%
FillBoundary_nowait()                          279    0.03015     0.0624     0.3041   1.39%
FLD::assembly::fine_b_unpack                     5   9.82e-07   0.008634     0.2991   1.36%
FLD::composite_topology                          1    0.04862     0.1213      0.279   1.27%
AMG::create_soc                                 50    0.07726       0.14     0.2764   1.26%
FLD::residual::local_rows                       30    0.02308    0.07685     0.2754   1.25%
FLD::cloud_setup                                 1    0.02609     0.2563     0.2695   1.23%
SpMatrix::split_csr                           4246     0.0191      0.066     0.2574   1.17%
SpMatrix::gatherRemote                         555      0.047     0.1415     0.2318   1.06%
FLD::assembly::fine_b_recv_wait                  5  1.393e-06   0.003594     0.2161   0.98%
FLD::NewtonKrylov::solve                         1     0.0851     0.1745     0.2028   0.92%
FLD::MLABecLapAMG::assemble                      5    0.01932    0.06927     0.1617   0.74%
FLD::residual::fine_b_pack                      30   0.002719    0.05448     0.1583   0.72%
AMG::truncate_interp                            50    0.06226    0.08412     0.1563   0.71%
amrex::Copy()                                  472    0.03819    0.07272      0.156   0.71%
FLD::residual::fine_b_start                     30  0.0001443   0.001149     0.1509   0.69%
SpMatrix::transpose                            100    0.05957    0.08219     0.1472   0.67%
FLD::compute_diffusion                          36    0.03208    0.04186     0.1326   0.60%
FLD::MLABecLapAMG::residualWithoutAssembly      30    0.02143    0.03052     0.1282   0.58%
FabArray::Saxpy()                              534    0.03481      0.054     0.1199   0.55%
FLD::cloud_linearized_residual                  24    0.04215    0.05495    0.09733   0.44%
SpMatrix::gather_pair_plan                     455    0.02475    0.04819    0.09241   0.42%
FLD::residual::fine_b_plan                       1   0.000525   0.004062    0.08392   0.38%
FLD::assembly::fine_b_plan                       1  0.0009205    0.00401    0.08282   0.38%
FLD::run_cloud                                   1    0.01275     0.0193    0.07844   0.36%
FLD::cloud_postprocessing                        1  0.0008333   0.005389    0.06818   0.31%
SpMatrix::trim_remote_rows                     226    0.01151    0.01715    0.05888   0.27%
GMRES::cycle()                                   5     0.0133    0.03489    0.04202   0.19%
FLD::cloud_field_initialization                  1  0.0006013    0.01284    0.04107   0.19%
FLD::assembly::fine_b_start                      5  0.0001196  0.0005854    0.03103   0.14%
FLD::assembly::fine_b_pack                       5  0.0004452   0.008949    0.03058   0.14%
AMG::vcycle                                     29   0.002009   0.007906    0.03006   0.14%
FLD::cloud_hierarchy                             1     0.0224    0.02379     0.0288   0.13%
FLD::cloud_newton_prepare                        5    0.01548    0.01952    0.02718   0.12%
FLD::cloud_residual                              6    0.01071    0.01384    0.02432   0.11%
AMG::vcycle::level=0 residual                   29  0.0009657   0.004583    0.02392   0.11%
amrex::average_down                             67   0.005557   0.007988     0.0217   0.10%
CellConservativeLinear::interp()                 0          0  0.0001877    0.02131   0.10%
SpMatrix::gatherRemotePair                     455  0.0009256   0.002503    0.01356   0.06%
FabArray::mult()                               106   0.002573    0.00378    0.01354   0.06%
SpMatrix::finishComm_mv                       3335   0.002267   0.004099    0.01307   0.06%
FabArrayBase::FB::FB()                           4  0.0001191   0.008262     0.0123   0.06%
BoxList::complementIn                       131072    0.01002    0.01071    0.01227   0.06%
FabArray::LinComb()                             20   0.002595   0.004162    0.01197   0.05%
DistributionMapping::SFCProcessorMapDoIt()       2   0.009075   0.009936    0.01138   0.05%
FabArrayBase::CPC::define()                    155  0.0008432   0.001448   0.009982   0.05%
AMG::vcycle::level=1 residual                   29  0.0002949  0.0008079   0.004782   0.02%
GMRES::solve()                                   5  0.0004477  0.0007444   0.002481   0.01%
FillPatchTwoLevels                              73  0.0005817  0.0007431   0.002471   0.01%
FLD::cloud_extinction_ghost_fill                 1  0.0001434  0.0003756   0.002256   0.01%
FPinfo::FPinfo()                                 1   0.001111   0.001339   0.002102   0.01%
FabArrayBase::getCPC()                         341  0.0003325  0.0005848   0.001445   0.01%
FabArray::ParallelCopy()                       461  0.0003801  0.0005023  0.0008735   0.00%
GMRES::GramSchmidt                              24  0.0003163  0.0004184  0.0007612   0.00%
FLD::MLABecLapAMG::preconditioner_cycle         29   0.000136  0.0002523  0.0007303   0.00%
AMG::vcycle::level=2 residual                   29  4.624e-05  9.997e-05  0.0004715   0.00%
FabArray::FillBoundary()                       279  0.0001555  0.0002097  0.0004433   0.00%
FLD::residual::fine_state_start                 30  1.758e-05  8.141e-05  0.0004182   0.00%
FLD::cloud_precondition                         29  0.0001222  0.0001909  0.0003955   0.00%
amrex::average_down_w_geom                      67  5.608e-05   0.000103  0.0003727   0.00%
AMG::vcycle::level=0 prolong                    29   4.27e-05  0.0001083  0.0003511   0.00%
AMG::vcycle::level=0 pre_smooth                 29  7.962e-05  0.0001459  0.0003422   0.00%
AMG::vcycle::level=1 post_smooth                29  3.704e-05  0.0001243  0.0003336   0.00%
FabArrayBase::getFB()                          279  0.0001072  0.0001559  0.0003246   0.00%
AMG::vcycle::level=1 pre_smooth                 29  3.634e-05   0.000102  0.0003205   0.00%
AMG::vcycle::level=0 post_smooth                29   5.24e-05  0.0001226  0.0003168   0.00%
FLD::residual::coarse_state_finish              30  1.388e-05   3.96e-05  0.0003031   0.00%
AMG::vcycle::level=1 restrict                   29  2.004e-05  5.868e-05  0.0003019   0.00%
AMG::vcycle::level=0 restrict                   29  3.007e-05  7.712e-05  0.0002999   0.00%
FLD::residual::coarse_state_start               30  1.763e-05  7.744e-05  0.0002857   0.00%
FLD::residual::fine_state_finish                30  1.701e-05  4.757e-05  0.0002684   0.00%
AMG::vcycle::level=2 pre_smooth                 29  2.777e-05  6.073e-05  0.0002505   0.00%
FLD::residual::stage_state                      60  3.952e-05  9.788e-05  0.0002464   0.00%
AMG::vcycle::level=1 prolong                    29  1.684e-05  5.527e-05   0.000228   0.00%
FLD::residual::fine_b_finish                    30  1.913e-05  3.278e-05   0.000217   0.00%
FillPatchInterp(Fab)                            73  2.723e-05  3.969e-05  0.0001673   0.00%
FillPatchSingleLevel                           146   5.08e-05   8.41e-05  0.0001491   0.00%
FabArrayBase::TheFPinfo()                       73   4.24e-05  7.323e-05  0.0001478   0.00%
AMG::vcycle::level=10 bottom_solve              29  1.527e-05   2.12e-05  0.0001208   0.00%
GMRES:build_solution()                           5  4.586e-05  6.535e-05  0.0001167   0.00%
AMG::vcycle::level=2 post_smooth                29  1.728e-05  4.309e-05  0.0001155   0.00%
AMG::vcycle::level=2 restrict                   29  1.275e-05  2.859e-05  0.0001106   0.00%
FLD::assembly::fine_b_finish                     5  3.536e-06  1.001e-05  9.205e-05   0.00%
AMG::vcycle::level=3 pre_smooth                 29  1.628e-05  2.595e-05  7.055e-05   0.00%
AMG::vcycle::level=3 residual                   29  1.726e-05    2.9e-05  6.472e-05   0.00%
AMG::vcycle::level=4 pre_smooth                 29  1.594e-05  3.142e-05  5.319e-05   0.00%
AMG::vcycle::level=2 prolong                    29  1.272e-05   2.22e-05  5.316e-05   0.00%
AMG::bottom_solve                               29  1.276e-05  2.114e-05  3.941e-05   0.00%
AMG::vcycle::level=3 post_smooth                29  1.284e-05  1.902e-05  3.899e-05   0.00%
FLD::NewtonKrylov::prepare                       5  6.914e-06  1.482e-05  3.682e-05   0.00%
AMG::vcycle::level=4 residual                   29   1.17e-05  1.825e-05  3.594e-05   0.00%
AMG::vcycle::level=5 residual                   29  1.155e-05  2.222e-05  3.414e-05   0.00%
AMG::vcycle::level=3 prolong                    29  1.036e-05  1.524e-05  3.149e-05   0.00%
FLD::NewtonKrylov::linear_solve                  5  7.715e-06   1.49e-05  3.126e-05   0.00%
AMG::vcycle::level=8 pre_smooth                 29  8.723e-06  1.595e-05  2.838e-05   0.00%
AMG::vcycle::level=6 residual                   29  6.896e-06  1.091e-05  2.797e-05   0.00%
AMG::vcycle::level=5 pre_smooth                 29  1.151e-05  1.633e-05  2.687e-05   0.00%
AMG::vcycle::level=3 restrict                   29  8.537e-06  1.167e-05  2.629e-05   0.00%
AMG::vcycle::level=6 pre_smooth                 29  9.797e-06  1.491e-05  2.547e-05   0.00%
AMG::vcycle::level=7 residual                   29  6.803e-06  1.276e-05  2.327e-05   0.00%
AMG::vcycle::level=4 restrict                   29  7.195e-06  9.833e-06  2.291e-05   0.00%
AMG::vcycle::level=4 prolong                    29  8.878e-06  1.445e-05  2.285e-05   0.00%
AMG::vcycle::level=6 restrict                   29  6.778e-06  1.248e-05  2.283e-05   0.00%
AMG::vcycle::level=7 restrict                   29  5.322e-06  6.606e-06  2.209e-05   0.00%
AMG::vcycle::level=4 post_smooth                29  1.076e-05  1.394e-05  2.205e-05   0.00%
AMG::vcycle::level=9 post_smooth                29  8.751e-06  1.176e-05  2.037e-05   0.00%
AMG::vcycle::level=9 pre_smooth                 29  6.985e-06  1.006e-05  2.016e-05   0.00%
AMG::vcycle::level=5 post_smooth                29  9.448e-06   1.39e-05  1.964e-05   0.00%
AMG::vcycle::level=5 prolong                    29  6.523e-06  9.836e-06  1.943e-05   0.00%
AMG::vcycle::level=9 residual                   29   6.53e-06   1.03e-05  1.859e-05   0.00%
AMG::vcycle::level=7 pre_smooth                 29  8.005e-06  1.175e-05  1.844e-05   0.00%
AMG::vcycle::level=9 restrict                   29   5.92e-06  9.179e-06  1.823e-05   0.00%
AMG::vcycle::level=6 post_smooth                29  7.241e-06  1.048e-05  1.795e-05   0.00%
AMG::vcycle::level=7 post_smooth                29   6.71e-06  9.503e-06  1.731e-05   0.00%
AMG::vcycle::level=8 post_smooth                29  7.276e-06  9.843e-06   1.66e-05   0.00%
AMG::vcycle::level=7 prolong                    29  6.621e-06  8.937e-06  1.631e-05   0.00%
AMG::vcycle::level=8 restrict                   29  5.989e-06  8.772e-06  1.624e-05   0.00%
AMG::vcycle::level=8 residual                   29  6.204e-06  8.712e-06  1.612e-05   0.00%
AMG::vcycle::level=5 restrict                   29  6.434e-06  9.282e-06  1.598e-05   0.00%
AMG::vcycle::level=6 prolong                    29  6.195e-06  8.626e-06   1.57e-05   0.00%
AMG::vcycle::level=9 prolong                    29  6.844e-06  8.842e-06  1.521e-05   0.00%
AMG::vcycle::level=8 prolong                    29  6.424e-06  8.327e-06  1.403e-05   0.00%
Other                                         3059   0.003809   0.005226   0.009499   0.04%
-------------------------------------------------------------------------------------------

-------------------------------------------------------------------------------------------
Name                                        NCalls  Incl. Min  Incl. Avg  Incl. Max   Max %
-------------------------------------------------------------------------------------------
FLD::run_cloud                                   1      21.89      21.89      21.95  99.99%
FLD::NewtonKrylov::solve                         1       20.9       20.9       20.9  95.19%
FLD::NewtonKrylov::linear_solve                  5      10.66      10.76      10.82  49.27%
GMRES::solve()                                   5      10.66      10.76      10.82  49.27%
GMRES::cycle()                                   5      10.66      10.76      10.81  49.25%
FLD::NewtonKrylov::prepare                       5      8.674      8.678      8.707  39.66%
FLD::cloud_newton_prepare                        5      8.674      8.678      8.707  39.66%
FLD::MLABecLapAMG::assemble                      5      8.541      8.598      8.655  39.42%
AMG::setup                                       5      7.474      7.963       8.15  37.12%
FLD::cloud_precondition                         29      5.219      5.747      6.057  27.59%
FLD::MLABecLapAMG::precondition                 29      5.213       5.74      6.052  27.56%
FLD::MLABecLapAMG::preconditioner_cycle         29      4.786      5.304      5.693  25.93%
AMG::vcycle                                     29      4.786      5.304      5.692  25.93%
SpMV                                          3335      4.526      5.115      5.565  25.35%
FLD::MLABecLapAMG::residualWithoutAssembly      30      2.145      2.853      5.441  24.78%
FLD::composite_residual_without_assembly        30      2.114      2.813      5.366  24.44%
SpMatrix::finishComm_mv                       3335      1.933      4.041      5.003  22.79%
SpMatrix::finishComm_mv::recv_wait            1859      1.522      3.907      4.932  22.46%
FLD::NewtonKrylov::Jacobian_action              24      1.899      2.681      4.732  21.55%
FLD::cloud_linearized_residual                  24      1.823      2.387      4.507  20.53%
SpGEMM                                         150      3.129      3.467      4.302  19.59%
ChebyshevSmoother                              609      2.489      3.167      4.267  19.43%
GMRES::GramSchmidt                              24      0.156      2.284      2.851  12.99%
GMRES::GramSchmidt::batched_dots                48    0.09379      2.245      2.816  12.83%
FabArray::ParallelCopy_finish()                521    0.04091      0.945      2.604  11.86%
FabArray::ParallelCopy()                       461    0.07885     0.3862      2.486  11.32%
FLD::residual::fine_b_finish                    30   0.000116      1.334      2.181   9.93%
FLD::residual::fine_b_send_wait                 30  4.037e-05      1.289      2.181   9.93%
amrex::average_down_w_geom                      67    0.00727    0.02049      2.112   9.62%
amrex::average_down                             67   0.007174    0.02039      2.112   9.62%
FabArray::setVal()                             709     0.0232     0.3048       1.99   9.07%
SpMatrix::prepare_comm_mv                     3650     0.4654      1.487      1.963   8.94%
FLD::residual::fine_b_unpack                    30  4.791e-06    0.04263      1.613   7.35%
FabArray::FillBoundary()                       279    0.07692     0.7112      1.562   7.11%
FillBoundary_finish()                          279    0.01546     0.6402      1.504   6.85%
SpMatrix::define_split                         350     0.3351     0.7215      1.473   6.71%
SpMatrix::transpose                            100     0.5833      1.116      1.468   6.69%
FLD::residual::fine_state_finish                30  0.0005768     0.4429      1.421   6.47%
AMG::build_interp_mm                            50     0.9757      1.113      1.421   6.47%
SpMatrix::startComm_tr                         100        0.3     0.9465      1.322   6.02%
FLD::cloud_residual                              6     0.6041     0.7542      1.284   5.85%
AMG::vcycle::level=5 prolong                    29     0.0014       0.71      1.264   5.76%
FLD::NewtonKrylov::line_search                   5     0.9517      1.014      1.113   5.07%
AMG::vcycle::level=6 prolong                    29    0.00025     0.3089      1.088   4.96%
AMG::pmis                                       50     0.6684      0.973      1.045   4.76%
AMG::vcycle::level=4 prolong                    29   0.002231    0.04602       1.03   4.69%
FLD::composite_assembly                          5      0.356     0.5441      1.013   4.61%
GMRES:build_solution()                           5     0.8393     0.9373     0.9955   4.53%
AMG::vcycle::level=0 post_smooth                29     0.3738     0.6861     0.9413   4.29%
FLD::cloud_setup                                 1     0.9052     0.9071     0.9101   4.15%
AMG::vcycle::level=0 pre_smooth                 29     0.3127     0.6393     0.8233   3.75%
AMG::vcycle::level=1 post_smooth                29     0.3772     0.5391     0.7663   3.49%
AMG::vcycle::level=7 prolong                    29  0.0002435    0.06628     0.7604   3.46%
AMG::vcycle::level=1 pre_smooth                 29     0.2714     0.5046     0.7329   3.34%
FillPatchTwoLevels                              73    0.02189     0.1947     0.6579   3.00%
SpMatrix::startComm_mv                        3335    0.06635     0.1658     0.6363   2.90%
AMG::vcycle::level=2 pre_smooth                 29     0.1267     0.2845     0.6036   2.75%
SpMatrix::preparePairHalo                       50     0.2056     0.5056     0.5788   2.64%
FLD::composite_topology                          1     0.1237     0.3693     0.5742   2.62%
FLD::residual::fine_b_recv_wait                 30  6.049e-06   0.001431     0.5301   2.41%
FabArray::ParallelCopy_nowait()                521    0.02042    0.06735     0.5154   2.35%
AMG::create_soc                                 50     0.1699     0.2663     0.5062   2.31%
FLD::assembly::fine_b_finish                     5   0.004277     0.2691     0.4913   2.24%
FLD::assembly::fine_b_send_wait                  5  4.419e-06     0.2568     0.4913   2.24%
SpMatrix::finishComm_mv::send_wait            1859   0.001554    0.02445     0.4827   2.20%
FLD::cloud_extinction_ghost_fill                 1   0.006437     0.2108     0.4565   2.08%
FLD::residual::coarse_state_finish              30  0.0003412     0.1596     0.4495   2.05%
SpMatrix::finishComm_mv::unpack               2945    0.03715      0.103     0.4131   1.88%
AMG::vcycle::level=0 restrict                   29    0.01238     0.1585     0.4054   1.85%
DistributionMapping::LeastUsedCPUs()             3   0.009914    0.07299     0.4043   1.84%
FabArrayBase::TheFPinfo()                       73     0.0033    0.06614     0.3979   1.81%
FPinfo::FPinfo()                                 1    0.00324    0.06607     0.3979   1.81%
SpMatrix::finishComm_tr                        100    0.03662     0.0874      0.388   1.77%
AMG::vcycle::level=8 prolong                    29  0.0002513    0.01122     0.3593   1.64%
FLD::residual::fine_state_start                 30   0.002851    0.02165     0.3558   1.62%
FillBoundary_nowait()                          279    0.03944    0.07082     0.3151   1.44%
FLD::assembly::fine_b_unpack                     5   9.82e-07   0.008634     0.2991   1.36%
FillPatchSingleLevel                           146   0.004964    0.09113     0.2825   1.29%
FLD::residual::local_rows                       30    0.02308    0.07685     0.2754   1.25%
AMG::vcycle::level=1 residual                   29    0.07137     0.1615      0.275   1.25%
FLD::compute_diffusion                          36    0.08296     0.1914      0.267   1.22%
FLD::residual::stage_state                      60    0.01767     0.1418     0.2655   1.21%
SpMatrix::split_csr                           4246    0.01994    0.06768     0.2614   1.19%
AMG::vcycle::level=1 restrict                   29   0.008927     0.1403     0.2533   1.15%
AMG::vcycle::level=2 residual                   29     0.0234    0.05866     0.2499   1.14%
FLD::cloud_field_initialization                  1   0.002325    0.01518     0.2448   1.12%
AMG::vcycle::level=0 residual                   29    0.05436     0.1715     0.2423   1.10%
FLD::assembly::fine_b_start                      5   0.001889     0.0363      0.235   1.07%
SpMatrix::gatherRemote                         555    0.04714     0.1416     0.2319   1.06%
AMG::truncate_interp                            50    0.08184      0.115     0.2246   1.02%
FLD::assembly::fine_b_recv_wait                  5  1.393e-06   0.003594     0.2161   0.98%
AMG::vcycle::level=0 prolong                    29    0.04883      0.131     0.1962   0.89%
AMG::vcycle::level=3 pre_smooth                 29    0.02581    0.08129      0.193   0.88%
AMG::vcycle::level=8 post_smooth                29   0.000138   0.008323     0.1928   0.88%
AMG::vcycle::level=8 pre_smooth                 29  0.0001292   0.008223     0.1906   0.87%
AMG::vcycle::level=2 restrict                   29   0.005487    0.04096     0.1744   0.79%
AMG::vcycle::level=2 post_smooth                29    0.06864     0.1173     0.1687   0.77%
FLD::residual::fine_b_start                     30   0.005289    0.05563     0.1658   0.76%
FLD::residual::fine_b_pack                      30   0.002719    0.05448     0.1583   0.72%
amrex::Copy()                                  472    0.03819    0.07272      0.156   0.71%
AMG::vcycle::level=7 post_smooth                29  0.0001375    0.01539     0.1478   0.67%
AMG::vcycle::level=9 pre_smooth                 29  0.0001234   0.002274     0.1212   0.55%
FabArray::Saxpy()                              534    0.03481      0.054     0.1199   0.55%
AMG::vcycle::level=6 post_smooth                29  0.0001371    0.03355     0.1065   0.49%
AMG::vcycle::level=7 pre_smooth                 29  0.0001255    0.01111     0.1019   0.46%
FLD::residual::coarse_state_start               30   0.000227   0.002928    0.09945   0.45%
SpMatrix::gatherRemotePair                     455      0.026    0.05069    0.09682   0.44%
SpMatrix::gather_pair_plan                     455    0.02475    0.04819    0.09241   0.42%
FLD::residual::fine_b_plan                       1  0.0005428   0.004091    0.08393   0.38%
FLD::assembly::fine_b_plan                       1  0.0009233   0.004017    0.08284   0.38%
AMG::vcycle::level=6 pre_smooth                 29  0.0001437    0.02669    0.07856   0.36%
AMG::vcycle::level=9 post_smooth                29  0.0001441   0.001685    0.07328   0.33%
FLD::cloud_postprocessing                        1    0.06942    0.07049    0.07069   0.32%
AMG::vcycle::level=5 post_smooth                29    0.01234    0.05536    0.06902   0.31%
AMG::vcycle::level=4 pre_smooth                 29    0.01816    0.03197    0.06542   0.30%
SpMatrix::trim_remote_rows                     226    0.01151    0.01715    0.05888   0.27%
FLD::cloud_hierarchy                             1    0.04704    0.04976    0.05687   0.26%
AMG::vcycle::level=1 prolong                    29    0.01249    0.03352    0.05512   0.25%
AMG::vcycle::level=5 pre_smooth                 29   0.009862    0.04394    0.05414   0.25%
AMG::vcycle::level=3 residual                   29   0.006195    0.01573    0.05033   0.23%
AMG::vcycle::level=9 prolong                    29  0.0003908   0.001566     0.0466   0.21%
AMG::vcycle::level=8 residual                   29  3.701e-05   0.002047    0.04656   0.21%
AMG::vcycle::level=4 post_smooth                29    0.02337    0.03168    0.04209   0.19%
AMG::vcycle::level=3 post_smooth                29    0.02314    0.03021    0.03689   0.17%
AMG::vcycle::level=3 restrict                   29   0.001779    0.01079    0.03617   0.16%
FLD::assembly::fine_b_pack                       5  0.0004452   0.008949    0.03058   0.14%
AMG::vcycle::level=7 residual                   29  3.926e-05   0.003312    0.02797   0.13%
AMG::vcycle::level=6 residual                   29  3.852e-05   0.009152    0.02387   0.11%
DistributionMapping::SFCProcessorMapDoIt()       2    0.01901    0.02064    0.02257   0.10%
AMG::vcycle::level=7 restrict                   29  4.416e-05  8.818e-05    0.02241   0.10%
AMG::vcycle::level=10 bottom_solve              29   0.001367    0.01579    0.02182   0.10%
AMG::bottom_solve                               29   0.001344    0.01577    0.02179   0.10%
FillPatchInterp(Fab)                            73  2.723e-05  0.0002274    0.02144   0.10%
CellConservativeLinear::interp()                 0          0  0.0001877    0.02131   0.10%
AMG::vcycle::level=5 residual                   29   0.003786    0.01537     0.0203   0.09%
AMG::vcycle::level=9 residual                   29  3.749e-05  0.0004367    0.02028   0.09%
AMG::vcycle::level=8 restrict                   29  4.474e-05  6.563e-05    0.01773   0.08%
AMG::vcycle::level=4 residual                   29   0.004864   0.008406     0.0175   0.08%
AMG::vcycle::level=2 prolong                    29   0.005056    0.00953    0.01516   0.07%
AMG::vcycle::level=5 restrict                   29  7.646e-05   0.001711    0.01358   0.06%
FabArray::mult()                               106   0.002573    0.00378    0.01354   0.06%
FabArrayBase::getFB()                          279  0.0002842   0.008418    0.01248   0.06%
FabArrayBase::FB::FB()                           4  0.0001191   0.008262     0.0123   0.06%
BoxList::complementIn                       131072    0.01002    0.01071    0.01227   0.06%
AMG::vcycle::level=4 restrict                   29  0.0003278   0.004466    0.01219   0.06%
AMG::vcycle::level=3 prolong                    29   0.002319   0.006634    0.01209   0.06%
FabArray::LinComb()                             20   0.002595   0.004162    0.01197   0.05%
AMG::vcycle::level=6 restrict                   29   5.15e-05  0.0003161    0.01132   0.05%
FabArrayBase::getCPC()                         341   0.001259   0.002033    0.01065   0.05%
FabArrayBase::CPC::define()                    155  0.0008432   0.001448   0.009982   0.05%
AMG::vcycle::level=9 restrict                   29  4.674e-05  6.066e-05   0.006852   0.03%
Other                                         3059   0.004138   0.006281    0.01556   0.07%
-------------------------------------------------------------------------------------------

Async Memory Usage:
----------------------------------------------------------------------------------------------------
Name                  Nalloc  AvgMem min  AvgMem avg  AvgMem max  MaxMem min  MaxMem avg  MaxMem max
----------------------------------------------------------------------------------------------------
amrex::average_down  4390912       2   B       9   B    1179   B    8192   B    9362   B      12 KiB
----------------------------------------------------------------------------------------------------

Pinned Memory Usage:
-------------------------------------------------------------------------------------------------------------------------
Name                                       Nalloc  AvgMem min  AvgMem avg  AvgMem max  MaxMem min  MaxMem avg  MaxMem max
-------------------------------------------------------------------------------------------------------------------------
FLD::composite_residual_without_assembly   151552     610 KiB    9817 KiB      63 MiB     641 KiB      10 MiB      66 MiB
FLD::composite_assembly                     12288       0   B    6613 KiB      45 MiB       0   B    7076 KiB      48 MiB
FLD::composite_topology                    208896    4959   B      50 KiB     364 KiB    1120 KiB    3810 KiB      18 MiB
The_Pinned_Arena::Initialize()              28672       0   B       1   B      21   B    8192 KiB    8192 KiB    8192 KiB
FLD::MLABecLapAMG::assemble               2437120    1411 KiB    1721 KiB    2852 KiB    3632 KiB    4410 KiB    7264 KiB
SpGEMM                                    2607409    3598   B      16 KiB      91 KiB     397 KiB    1000 KiB    3255 KiB
FLD::MLABecLapAMG::precondition           4038656     242 KiB     324 KiB     560 KiB    1024 KiB    1243 KiB    2048 KiB
SpMatrix::finishComm_tr                   6554144     161   B    1178   B      12 KiB     177 KiB     413 KiB     959 KiB
SpMatrix::startComm_tr                    5578446    4848   B    8532   B      14 KiB     172 KiB     351 KiB     663 KiB
-------------------------------------------------------------------------------------------------------------------------

Cpu Memory Usage:
-------------------------------------------------------------------------------------------------------------------
Name                                 Nalloc  AvgMem min  AvgMem avg  AvgMem max  MaxMem min  MaxMem avg  MaxMem max
-------------------------------------------------------------------------------------------------------------------
FLD::cloud_setup                    1531904      11 MiB      13 MiB      22 MiB      11 MiB      13 MiB      22 MiB
FabArray::ParallelCopy_nowait()     6351805      10 KiB      96 KiB    2661 KiB     532 KiB    1284 KiB      18 MiB
GMRES::cycle()                      1323008     731 KiB     898 KiB    1490 KiB    4096 KiB    4973 KiB    8192 KiB
FLD::NewtonKrylov::solve            1253376    2175 KiB    2647 KiB    4360 KiB    3379 KiB    4103 KiB    6759 KiB
SpGEMM                              8089543    6919   B      24 KiB     110 KiB    1515 KiB    2969 KiB    6694 KiB
GMRES::solve()                      1392640    1042 KiB    1278 KiB    2115 KiB    2150 KiB    2611 KiB    4301 KiB
FillBoundary_nowait()              10936320     619   B    6479   B      18 KiB     176 KiB     422 KiB     587 KiB
SpMatrix::gather_pair_plan         21013392      39   B     132   B     518   B      97 KiB     199 KiB     471 KiB
SpMatrix::startComm_mv            106604166      10 KiB      24 KiB      62 KiB      97 KiB     199 KiB     471 KiB
SpMatrix::gatherRemote             24294385      84   B     430   B     735   B      81 KiB     194 KiB     351 KiB
FillPatchTwoLevels                    37376       0   B       9   B    1443   B       0   B    3003   B     328 KiB
CellConservativeLinear::interp()      18688       0   B       0   B      47   B       0   B     438   B      48 KiB
amrex::average_down                 4390912       2   B       9   B    1179   B    8192   B    9362   B      12 KiB
-------------------------------------------------------------------------------------------------------------------


MPICH Slingshot Network Summary: 49 network timeouts

MPICH Slingshot CXI Counter Summary:
Counter                                Samples          Min         (/s)         Mean         (/s)          Max         (/s)
rh:sct_timeouts                             13            1          0.0            1          0.0            1          0.0
rh:spt_timeouts                             19            1          0.0            2          0.1            4          0.2
atu_cache_evictions                       2048        41046       1784.6       120931       5257.9       962369      41842.1
atu_cache_hit_base_page_size_0            2048      5445600     236765.2      7735488     336325.6     13581167     590485.5
atu_cache_hit_derivative1_page_size_0     2048      1483160      64485.2      2856718     124205.1      8467160     368137.4
lpe_net_match_priority_0                  2048       418523      18196.7       667051      29002.2      1072719      46640.0
lpe_net_match_overflow_0                  2048       118475       5151.1       417519      18153.0      2117892      92082.3
lpe_net_match_request_0                   2048            2          0.1           16          0.7           88          3.8
lpe_rndzv_puts_0                          2048         8384        364.5        12690        551.7        37835       1645.0
lpe_rndzv_puts_offloaded_0                2048         8384        364.5        12690        551.7        37791       1643.1
hni_rx_paused_0                           2048        18838        819.0      1130459      49150.4     29204062    1269741.8
hni_rx_paused_1                           2048          619         26.9     60262852    2620124.0   1390407969   60452520.4
hni_tx_paused_0                              1          313         13.6          313         13.6          313         13.6
hni_tx_paused_1                           1572           25          1.1       183050       7958.7      6957258     302489.5
parbs_tarb_pi_posted_pkts                 2048      4941621     214853.1     11578590     503417.0     74746856    3249863.3
parbs_tarb_pi_posted_blocked_cnt          2048       725298      31534.7     95697368    4160755.1   1947746955   84684650.2
parbs_tarb_pi_non_posted_pkts             2048      6262865     272298.5      9672763     420554.9     21575161     938050.5
parbs_tarb_pi_non_posted_blocked_cnt      2048       106479       4629.5      2132516      92718.1     18518787     805164.7
pct_mst_hit_on_som                           3            1          0.0            1          0.0            1          0.0
rh:nack_resource_busy                        3            1          0.0            1          0.0            1          0.0
rh:nacks                                     9            1          0.0           13          0.6           46          2.0
rh:nack_sequence_error                       3           31          1.3           37          1.6           45          2.0
rh:pkts_cancelled_o                         12            1          0.0            1          0.0            1          0.0
rh:sct_in_use                                7            1          0.0           52          2.3          360         15.7
AMReX (26.09-216-g49f8465e6225) finalized
