Initializing AMReX (26.09-216-g49f8465e6225)...
MPI initialized with 56 MPI processes
MPI initialized with thread support level 0
AMReX (26.09-216-g49f8465e6225) initialized
FLD residual face transfers per evaluation: separate sends=266, packed sends=156, payload bytes=102891520
The cloud-layer FLD system Newton 0: residual=25792.62226, GMRES rtol=0.5
FLD assembly face transfers per assembly: separate sends=266, packed sends=156, payload bytes=102891520
AMG setup messages level=0 phase=strength sends=0 bytes=0 collective_rank_calls=56
AMG setup messages level=0 phase=strength-transpose sends=318 bytes=15559208 collective_rank_calls=56
AMG setup messages level=0 phase=PMIS sends=6866 bytes=51309048 collective_rank_calls=560
AMG setup messages level=0 phase=numbering sends=0 bytes=0 collective_rank_calls=56
AMG setup messages level=0 phase=interpolation sends=1908 bytes=19547048 collective_rank_calls=56
AMG setup messages level=0 phase=interpolation-transpose sends=669 bytes=7253280 collective_rank_calls=56
AMG setup messages level=0 phase=A*P sends=1092 bytes=41605168 collective_rank_calls=56
AMG setup messages level=0 phase=R*(A*P) sends=2007 bytes=53628832 collective_rank_calls=56
AMG setup messages level=1 phase=strength sends=0 bytes=0 collective_rank_calls=56
AMG setup messages level=1 phase=strength-transpose sends=753 bytes=18465952 collective_rank_calls=56
AMG setup messages level=1 phase=PMIS sends=16626 bytes=35114896 collective_rank_calls=616
AMG setup messages level=1 phase=numbering sends=0 bytes=0 collective_rank_calls=56
AMG setup messages level=1 phase=interpolation sends=4485 bytes=20618540 collective_rank_calls=56
AMG setup messages level=1 phase=interpolation-transpose sends=727 bytes=7265728 collective_rank_calls=56
AMG setup messages level=1 phase=A*P sends=2382 bytes=39368768 collective_rank_calls=56
AMG setup messages level=1 phase=R*(A*P) sends=2181 bytes=106479520 collective_rank_calls=56
AMG setup messages level=2 phase=strength sends=0 bytes=0 collective_rank_calls=56
AMG setup messages level=2 phase=strength-transpose sends=786 bytes=7935164 collective_rank_calls=56
AMG setup messages level=2 phase=PMIS sends=15852 bytes=11049968 collective_rank_calls=560
AMG setup messages level=2 phase=numbering sends=0 bytes=0 collective_rank_calls=56
AMG setup messages level=2 phase=interpolation sends=4683 bytes=8265464 collective_rank_calls=56
AMG setup messages level=2 phase=interpolation-transpose sends=727 bytes=2179520 collective_rank_calls=56
AMG setup messages level=2 phase=A*P sends=2592 bytes=16280256 collective_rank_calls=56
AMG setup messages level=2 phase=R*(A*P) sends=2181 bytes=49475744 collective_rank_calls=56
AMG setup messages level=3 phase=strength sends=0 bytes=0 collective_rank_calls=56
AMG setup messages level=3 phase=strength-transpose sends=791 bytes=1900568 collective_rank_calls=56
AMG setup messages level=3 phase=PMIS sends=16007 bytes=2926024 collective_rank_calls=560
AMG setup messages level=3 phase=numbering sends=0 bytes=0 collective_rank_calls=56
AMG setup messages level=3 phase=interpolation sends=4704 bytes=2117504 collective_rank_calls=56
AMG setup messages level=3 phase=interpolation-transpose sends=673 bytes=562304 collective_rank_calls=56
AMG setup messages level=3 phase=A*P sends=2694 bytes=5596048 collective_rank_calls=56
AMG setup messages level=3 phase=R*(A*P) sends=2019 bytes=14416080 collective_rank_calls=56
AMG setup messages level=4 phase=strength sends=0 bytes=0 collective_rank_calls=56
AMG setup messages level=4 phase=strength-transpose sends=774 bytes=367928 collective_rank_calls=56
AMG setup messages level=4 phase=PMIS sends=14492 bytes=689344 collective_rank_calls=504
AMG setup messages level=4 phase=numbering sends=0 bytes=0 collective_rank_calls=56
AMG setup messages level=4 phase=interpolation sends=4446 bytes=428108 collective_rank_calls=56
AMG setup messages level=4 phase=interpolation-transpose sends=538 bytes=156992 collective_rank_calls=56
AMG setup messages level=4 phase=A*P sends=3846 bytes=1984192 collective_rank_calls=56
AMG setup messages level=4 phase=R*(A*P) sends=1614 bytes=3442160 collective_rank_calls=56
AMG setup messages level=5 phase=strength sends=0 bytes=0 collective_rank_calls=56
AMG setup messages level=5 phase=strength-transpose sends=537 bytes=80592 collective_rank_calls=56
AMG setup messages level=5 phase=PMIS sends=6540 bytes=123920 collective_rank_calls=280
AMG setup messages level=5 phase=numbering sends=0 bytes=0 collective_rank_calls=56
AMG setup messages level=5 phase=interpolation sends=2913 bytes=77948 collective_rank_calls=56
AMG setup messages level=5 phase=interpolation-transpose sends=298 bytes=41680 collective_rank_calls=56
AMG setup messages level=5 phase=A*P sends=4866 bytes=711648 collective_rank_calls=56
AMG setup messages level=5 phase=R*(A*P) sends=894 bytes=663008 collective_rank_calls=56
AMG setup messages level=6 phase=strength sends=0 bytes=0 collective_rank_calls=56
AMG setup messages level=6 phase=strength-transpose sends=221 bytes=28848 collective_rank_calls=56
AMG setup messages level=6 phase=PMIS sends=2122 bytes=44768 collective_rank_calls=168
AMG setup messages level=6 phase=numbering sends=0 bytes=0 collective_rank_calls=56
AMG setup messages level=6 phase=interpolation sends=951 bytes=13404 collective_rank_calls=56
AMG setup messages level=6 phase=interpolation-transpose sends=132 bytes=21008 collective_rank_calls=56
AMG setup messages level=6 phase=A*P sends=2508 bytes=232640 collective_rank_calls=56
AMG setup messages level=6 phase=R*(A*P) sends=396 bytes=100272 collective_rank_calls=56
AMG setup messages level=7 phase=strength sends=0 bytes=0 collective_rank_calls=56
AMG setup messages level=7 phase=strength-transpose sends=51 bytes=4728 collective_rank_calls=56
AMG setup messages level=7 phase=PMIS sends=339 bytes=6264 collective_rank_calls=112
AMG setup messages level=7 phase=numbering sends=0 bytes=0 collective_rank_calls=56
AMG setup messages level=7 phase=interpolation sends=255 bytes=2108 collective_rank_calls=56
AMG setup messages level=7 phase=interpolation-transpose sends=17 bytes=1856 collective_rank_calls=56
AMG setup messages level=7 phase=A*P sends=324 bytes=10848 collective_rank_calls=56
AMG setup messages level=7 phase=R*(A*P) sends=51 bytes=2624 collective_rank_calls=56
GMRES: iter = 0, residual = 6928.553304, 1 (rel.)
GMRES: iter = 1, residual = 1353.415771, 0.1953388696 (rel.)
GMRES: Solve Time = 0.230407019
The cloud-layer FLD system Newton 1: residual=1353.415774, GMRES rtol=0.225
AMG setup messages level=0 phase=strength sends=0 bytes=0 collective_rank_calls=56
AMG setup messages level=0 phase=strength-transpose sends=318 bytes=15559208 collective_rank_calls=56
AMG setup messages level=0 phase=PMIS sends=6184 bytes=46742464 collective_rank_calls=504
AMG setup messages level=0 phase=numbering sends=0 bytes=0 collective_rank_calls=56
AMG setup messages level=0 phase=interpolation sends=1908 bytes=19544536 collective_rank_calls=56
AMG setup messages level=0 phase=interpolation-transpose sends=662 bytes=7247600 collective_rank_calls=56
AMG setup messages level=0 phase=A*P sends=1092 bytes=41600448 collective_rank_calls=56
AMG setup messages level=0 phase=R*(A*P) sends=1986 bytes=53586864 collective_rank_calls=56
AMG setup messages level=1 phase=strength sends=0 bytes=0 collective_rank_calls=56
AMG setup messages level=1 phase=strength-transpose sends=753 bytes=18464200 collective_rank_calls=56
AMG setup messages level=1 phase=PMIS sends=15093 bytes=32224888 collective_rank_calls=560
AMG setup messages level=1 phase=numbering sends=0 bytes=0 collective_rank_calls=56
AMG setup messages level=1 phase=interpolation sends=4509 bytes=20640344 collective_rank_calls=56
AMG setup messages level=1 phase=interpolation-transpose sends=728 bytes=7252128 collective_rank_calls=56
AMG setup messages level=1 phase=A*P sends=2358 bytes=39392048 collective_rank_calls=56
AMG setup messages level=1 phase=R*(A*P) sends=2184 bytes=106555680 collective_rank_calls=56
AMG setup messages level=2 phase=strength sends=0 bytes=0 collective_rank_calls=56
AMG setup messages level=2 phase=strength-transpose sends=776 bytes=7928724 collective_rank_calls=56
AMG setup messages level=2 phase=PMIS sends=15696 bytes=11043360 collective_rank_calls=560
AMG setup messages level=2 phase=numbering sends=0 bytes=0 collective_rank_calls=56
AMG setup messages level=2 phase=interpolation sends=4620 bytes=8269848 collective_rank_calls=56
AMG setup messages level=2 phase=interpolation-transpose sends=728 bytes=2180176 collective_rank_calls=56
AMG setup messages level=2 phase=A*P sends=2574 bytes=16307184 collective_rank_calls=56
AMG setup messages level=2 phase=R*(A*P) sends=2184 bytes=49550416 collective_rank_calls=56
AMG setup messages level=3 phase=strength sends=0 bytes=0 collective_rank_calls=56
AMG setup messages level=3 phase=strength-transpose sends=789 bytes=1918428 collective_rank_calls=56
AMG setup messages level=3 phase=PMIS sends=14432 bytes=2681184 collective_rank_calls=504
AMG setup messages level=3 phase=numbering sends=0 bytes=0 collective_rank_calls=56
AMG setup messages level=3 phase=interpolation sends=4698 bytes=2137264 collective_rank_calls=56
AMG setup messages level=3 phase=interpolation-transpose sends=655 bytes=563712 collective_rank_calls=56
AMG setup messages level=3 phase=A*P sends=2688 bytes=5579104 collective_rank_calls=56
AMG setup messages level=3 phase=R*(A*P) sends=1965 bytes=14302992 collective_rank_calls=56
AMG setup messages level=4 phase=strength sends=0 bytes=0 collective_rank_calls=56
AMG setup messages level=4 phase=strength-transpose sends=758 bytes=363404 collective_rank_calls=56
AMG setup messages level=4 phase=PMIS sends=12578 bytes=621256 collective_rank_calls=448
AMG setup messages level=4 phase=numbering sends=0 bytes=0 collective_rank_calls=56
AMG setup messages level=4 phase=interpolation sends=4386 bytes=410256 collective_rank_calls=56
AMG setup messages level=4 phase=interpolation-transpose sends=516 bytes=150688 collective_rank_calls=56
AMG setup messages level=4 phase=A*P sends=3816 bytes=1956512 collective_rank_calls=56
AMG setup messages level=4 phase=R*(A*P) sends=1548 bytes=3151056 collective_rank_calls=56
AMG setup messages level=5 phase=strength sends=0 bytes=0 collective_rank_calls=56
AMG setup messages level=5 phase=strength-transpose sends=516 bytes=79484 collective_rank_calls=56
AMG setup messages level=5 phase=PMIS sends=8440 bytes=155328 collective_rank_calls=392
AMG setup messages level=5 phase=numbering sends=0 bytes=0 collective_rank_calls=56
AMG setup messages level=5 phase=interpolation sends=2787 bytes=72444 collective_rank_calls=56
AMG setup messages level=5 phase=interpolation-transpose sends=296 bytes=47456 collective_rank_calls=56
AMG setup messages level=5 phase=A*P sends=4836 bytes=729712 collective_rank_calls=56
AMG setup messages level=5 phase=R*(A*P) sends=888 bytes=697424 collective_rank_calls=56
AMG setup messages level=6 phase=strength sends=0 bytes=0 collective_rank_calls=56
AMG setup messages level=6 phase=strength-transpose sends=206 bytes=26592 collective_rank_calls=56
AMG setup messages level=6 phase=PMIS sends=1940 bytes=41192 collective_rank_calls=168
AMG setup messages level=6 phase=numbering sends=0 bytes=0 collective_rank_calls=56
AMG setup messages level=6 phase=interpolation sends=978 bytes=12700 collective_rank_calls=56
AMG setup messages level=6 phase=interpolation-transpose sends=89 bytes=22144 collective_rank_calls=56
AMG setup messages level=6 phase=A*P sends=2622 bytes=265088 collective_rank_calls=56
AMG setup messages level=6 phase=R*(A*P) sends=267 bytes=58944 collective_rank_calls=56
AMG setup messages level=7 phase=strength sends=0 bytes=0 collective_rank_calls=56
AMG setup messages level=7 phase=strength-transpose sends=26 bytes=2300 collective_rank_calls=56
AMG setup messages level=7 phase=PMIS sends=176 bytes=2296 collective_rank_calls=112
AMG setup messages level=7 phase=numbering sends=0 bytes=0 collective_rank_calls=56
AMG setup messages level=7 phase=interpolation sends=156 bytes=1612 collective_rank_calls=56
AMG setup messages level=7 phase=interpolation-transpose sends=13 bytes=960 collective_rank_calls=56
AMG setup messages level=7 phase=A*P sends=156 bytes=3488 collective_rank_calls=56
AMG setup messages level=7 phase=R*(A*P) sends=39 bytes=1088 collective_rank_calls=56
GMRES: iter = 0, residual = 1919.357739, 1 (rel.)
GMRES: iter = 1, residual = 695.8051047, 0.3625197588 (rel.)
GMRES: iter = 2, residual = 91.2225708, 0.04752765413 (rel.)
GMRES: Solve Time = 0.366198327
The cloud-layer FLD system Newton 2: residual=91.22257132, GMRES rtol=0.00203299014
AMG setup messages level=0 phase=strength sends=0 bytes=0 collective_rank_calls=56
AMG setup messages level=0 phase=strength-transpose sends=318 bytes=15559208 collective_rank_calls=56
AMG setup messages level=0 phase=PMIS sends=6184 bytes=46742464 collective_rank_calls=504
AMG setup messages level=0 phase=numbering sends=0 bytes=0 collective_rank_calls=56
AMG setup messages level=0 phase=interpolation sends=1908 bytes=19520600 collective_rank_calls=56
AMG setup messages level=0 phase=interpolation-transpose sends=660 bytes=7235856 collective_rank_calls=56
AMG setup messages level=0 phase=A*P sends=1092 bytes=41583536 collective_rank_calls=56
AMG setup messages level=0 phase=R*(A*P) sends=1980 bytes=53444864 collective_rank_calls=56
AMG setup messages level=1 phase=strength sends=0 bytes=0 collective_rank_calls=56
AMG setup messages level=1 phase=strength-transpose sends=750 bytes=18503384 collective_rank_calls=56
AMG setup messages level=1 phase=PMIS sends=16524 bytes=35176000 collective_rank_calls=616
AMG setup messages level=1 phase=numbering sends=0 bytes=0 collective_rank_calls=56
AMG setup messages level=1 phase=interpolation sends=4476 bytes=20652996 collective_rank_calls=56
AMG setup messages level=1 phase=interpolation-transpose sends=737 bytes=7287648 collective_rank_calls=56
AMG setup messages level=1 phase=A*P sends=2382 bytes=39389568 collective_rank_calls=56
AMG setup messages level=1 phase=R*(A*P) sends=2211 bytes=106760080 collective_rank_calls=56
AMG setup messages level=2 phase=strength sends=0 bytes=0 collective_rank_calls=56
AMG setup messages level=2 phase=strength-transpose sends=792 bytes=7920320 collective_rank_calls=56
AMG setup messages level=2 phase=PMIS sends=17592 bytes=12012992 collective_rank_calls=616
AMG setup messages level=2 phase=numbering sends=0 bytes=0 collective_rank_calls=56
AMG setup messages level=2 phase=interpolation sends=4722 bytes=8261276 collective_rank_calls=56
AMG setup messages level=2 phase=interpolation-transpose sends=730 bytes=2182416 collective_rank_calls=56
AMG setup messages level=2 phase=A*P sends=2586 bytes=16264768 collective_rank_calls=56
AMG setup messages level=2 phase=R*(A*P) sends=2190 bytes=49625488 collective_rank_calls=56
AMG setup messages level=3 phase=strength sends=0 bytes=0 collective_rank_calls=56
AMG setup messages level=3 phase=strength-transpose sends=781 bytes=1892792 collective_rank_calls=56
AMG setup messages level=3 phase=PMIS sends=14248 bytes=2654768 collective_rank_calls=504
AMG setup messages level=3 phase=numbering sends=0 bytes=0 collective_rank_calls=56
AMG setup messages level=3 phase=interpolation sends=4635 bytes=2107608 collective_rank_calls=56
AMG setup messages level=3 phase=interpolation-transpose sends=670 bytes=561376 collective_rank_calls=56
AMG setup messages level=3 phase=A*P sends=2640 bytes=5585104 collective_rank_calls=56
AMG setup messages level=3 phase=R*(A*P) sends=2010 bytes=14485904 collective_rank_calls=56
AMG setup messages level=4 phase=strength sends=0 bytes=0 collective_rank_calls=56
AMG setup messages level=4 phase=strength-transpose sends=750 bytes=365796 collective_rank_calls=56
AMG setup messages level=4 phase=PMIS sends=12486 bytes=616148 collective_rank_calls=448
AMG setup messages level=4 phase=numbering sends=0 bytes=0 collective_rank_calls=56
AMG setup messages level=4 phase=interpolation sends=4335 bytes=426672 collective_rank_calls=56
AMG setup messages level=4 phase=interpolation-transpose sends=539 bytes=151344 collective_rank_calls=56
AMG setup messages level=4 phase=A*P sends=3876 bytes=2014400 collective_rank_calls=56
AMG setup messages level=4 phase=R*(A*P) sends=1617 bytes=3225952 collective_rank_calls=56
AMG setup messages level=5 phase=strength sends=0 bytes=0 collective_rank_calls=56
AMG setup messages level=5 phase=strength-transpose sends=544 bytes=74880 collective_rank_calls=56
AMG setup messages level=5 phase=PMIS sends=7788 bytes=134752 collective_rank_calls=336
AMG setup messages level=5 phase=numbering sends=0 bytes=0 collective_rank_calls=56
AMG setup messages level=5 phase=interpolation sends=2964 bytes=82076 collective_rank_calls=56
AMG setup messages level=5 phase=interpolation-transpose sends=287 bytes=39744 collective_rank_calls=56
AMG setup messages level=5 phase=A*P sends=4776 bytes=658464 collective_rank_calls=56
AMG setup messages level=5 phase=R*(A*P) sends=861 bytes=552672 collective_rank_calls=56
AMG setup messages level=6 phase=strength sends=0 bytes=0 collective_rank_calls=56
AMG setup messages level=6 phase=strength-transpose sends=220 bytes=30260 collective_rank_calls=56
AMG setup messages level=6 phase=PMIS sends=2700 bytes=48952 collective_rank_calls=224
AMG setup messages level=6 phase=numbering sends=0 bytes=0 collective_rank_calls=56
AMG setup messages level=6 phase=interpolation sends=1047 bytes=16656 collective_rank_calls=56
AMG setup messages level=6 phase=interpolation-transpose sends=128 bytes=18848 collective_rank_calls=56
AMG setup messages level=6 phase=A*P sends=2508 bytes=224160 collective_rank_calls=56
AMG setup messages level=6 phase=R*(A*P) sends=384 bytes=97696 collective_rank_calls=56
AMG setup messages level=7 phase=strength sends=0 bytes=0 collective_rank_calls=56
AMG setup messages level=7 phase=strength-transpose sends=48 bytes=4560 collective_rank_calls=56
AMG setup messages level=7 phase=PMIS sends=318 bytes=6072 collective_rank_calls=112
AMG setup messages level=7 phase=numbering sends=0 bytes=0 collective_rank_calls=56
AMG setup messages level=7 phase=interpolation sends=234 bytes=1920 collective_rank_calls=56
AMG setup messages level=7 phase=interpolation-transpose sends=16 bytes=1872 collective_rank_calls=56
AMG setup messages level=7 phase=A*P sends=294 bytes=9824 collective_rank_calls=56
AMG setup messages level=7 phase=R*(A*P) sends=48 bytes=2720 collective_rank_calls=56
GMRES: iter = 0, residual = 118.9264803, 1 (rel.)
GMRES: iter = 1, residual = 35.76153818, 0.3007029055 (rel.)
GMRES: iter = 2, residual = 5.087306624, 0.04277690393 (rel.)
GMRES: iter = 3, residual = 0.6764269528, 0.005687774085 (rel.)
GMRES: iter = 4, residual = 0.1699167688, 0.001428754709 (rel.)
GMRES: Solve Time = 0.646539166
The cloud-layer FLD system Newton 3: residual=0.1699172625, GMRES rtol=0.0001
AMG setup messages level=0 phase=strength sends=0 bytes=0 collective_rank_calls=56
AMG setup messages level=0 phase=strength-transpose sends=318 bytes=15559208 collective_rank_calls=56
AMG setup messages level=0 phase=PMIS sends=6184 bytes=46742464 collective_rank_calls=504
AMG setup messages level=0 phase=numbering sends=0 bytes=0 collective_rank_calls=56
AMG setup messages level=0 phase=interpolation sends=1908 bytes=19526808 collective_rank_calls=56
AMG setup messages level=0 phase=interpolation-transpose sends=656 bytes=7248352 collective_rank_calls=56
AMG setup messages level=0 phase=A*P sends=1092 bytes=41595424 collective_rank_calls=56
AMG setup messages level=0 phase=R*(A*P) sends=1968 bytes=53545952 collective_rank_calls=56
AMG setup messages level=1 phase=strength sends=0 bytes=0 collective_rank_calls=56
AMG setup messages level=1 phase=strength-transpose sends=758 bytes=18464180 collective_rank_calls=56
AMG setup messages level=1 phase=PMIS sends=15182 bytes=32206684 collective_rank_calls=560
AMG setup messages level=1 phase=numbering sends=0 bytes=0 collective_rank_calls=56
AMG setup messages level=1 phase=interpolation sends=4503 bytes=20608272 collective_rank_calls=56
AMG setup messages level=1 phase=interpolation-transpose sends=734 bytes=7272288 collective_rank_calls=56
AMG setup messages level=1 phase=A*P sends=2418 bytes=39308560 collective_rank_calls=56
AMG setup messages level=1 phase=R*(A*P) sends=2202 bytes=106730032 collective_rank_calls=56
AMG setup messages level=2 phase=strength sends=0 bytes=0 collective_rank_calls=56
AMG setup messages level=2 phase=strength-transpose sends=794 bytes=7912088 collective_rank_calls=56
AMG setup messages level=2 phase=PMIS sends=17612 bytes=12028312 collective_rank_calls=616
AMG setup messages level=2 phase=numbering sends=0 bytes=0 collective_rank_calls=56
AMG setup messages level=2 phase=interpolation sends=4710 bytes=8234372 collective_rank_calls=56
AMG setup messages level=2 phase=interpolation-transpose sends=719 bytes=2192752 collective_rank_calls=56
AMG setup messages level=2 phase=A*P sends=2568 bytes=16315488 collective_rank_calls=56
AMG setup messages level=2 phase=R*(A*P) sends=2157 bytes=49653616 collective_rank_calls=56
AMG setup messages level=3 phase=strength sends=0 bytes=0 collective_rank_calls=56
AMG setup messages level=3 phase=strength-transpose sends=796 bytes=1898556 collective_rank_calls=56
AMG setup messages level=3 phase=PMIS sends=16140 bytes=2924540 collective_rank_calls=560
AMG setup messages level=3 phase=numbering sends=0 bytes=0 collective_rank_calls=56
AMG setup messages level=3 phase=interpolation sends=4737 bytes=2116716 collective_rank_calls=56
AMG setup messages level=3 phase=interpolation-transpose sends=653 bytes=561520 collective_rank_calls=56
AMG setup messages level=3 phase=A*P sends=2670 bytes=5578816 collective_rank_calls=56
AMG setup messages level=3 phase=R*(A*P) sends=1959 bytes=14568128 collective_rank_calls=56
AMG setup messages level=4 phase=strength sends=0 bytes=0 collective_rank_calls=56
AMG setup messages level=4 phase=strength-transpose sends=749 bytes=363000 collective_rank_calls=56
AMG setup messages level=4 phase=PMIS sends=12533 bytes=628344 collective_rank_calls=448
AMG setup messages level=4 phase=numbering sends=0 bytes=0 collective_rank_calls=56
AMG setup messages level=4 phase=interpolation sends=4374 bytes=424212 collective_rank_calls=56
AMG setup messages level=4 phase=interpolation-transpose sends=524 bytes=155984 collective_rank_calls=56
AMG setup messages level=4 phase=A*P sends=3834 bytes=2027984 collective_rank_calls=56
AMG setup messages level=4 phase=R*(A*P) sends=1572 bytes=3208944 collective_rank_calls=56
AMG setup messages level=5 phase=strength sends=0 bytes=0 collective_rank_calls=56
AMG setup messages level=5 phase=strength-transpose sends=522 bytes=76416 collective_rank_calls=56
AMG setup messages level=5 phase=PMIS sends=7314 bytes=131160 collective_rank_calls=336
AMG setup messages level=5 phase=numbering sends=0 bytes=0 collective_rank_calls=56
AMG setup messages level=5 phase=interpolation sends=2826 bytes=78412 collective_rank_calls=56
AMG setup messages level=5 phase=interpolation-transpose sends=298 bytes=41536 collective_rank_calls=56
AMG setup messages level=5 phase=A*P sends=4794 bytes=650896 collective_rank_calls=56
AMG setup messages level=5 phase=R*(A*P) sends=894 bytes=600512 collective_rank_calls=56
AMG setup messages level=6 phase=strength sends=0 bytes=0 collective_rank_calls=56
AMG setup messages level=6 phase=strength-transpose sends=194 bytes=22460 collective_rank_calls=56
AMG setup messages level=6 phase=PMIS sends=1860 bytes=34440 collective_rank_calls=168
AMG setup messages level=6 phase=numbering sends=0 bytes=0 collective_rank_calls=56
AMG setup messages level=6 phase=interpolation sends=918 bytes=11884 collective_rank_calls=56
AMG setup messages level=6 phase=interpolation-transpose sends=95 bytes=12704 collective_rank_calls=56
AMG setup messages level=6 phase=A*P sends=2820 bytes=146496 collective_rank_calls=56
AMG setup messages level=6 phase=R*(A*P) sends=285 bytes=42016 collective_rank_calls=56
AMG setup messages level=7 phase=strength sends=0 bytes=0 collective_rank_calls=56
AMG setup messages level=7 phase=strength-transpose sends=22 bytes=1736 collective_rank_calls=56
AMG setup messages level=7 phase=PMIS sends=148 bytes=2208 collective_rank_calls=112
AMG setup messages level=7 phase=numbering sends=0 bytes=0 collective_rank_calls=56
AMG setup messages level=7 phase=interpolation sends=96 bytes=760 collective_rank_calls=56
AMG setup messages level=7 phase=interpolation-transpose sends=11 bytes=1040 collective_rank_calls=56
AMG setup messages level=7 phase=A*P sends=156 bytes=4384 collective_rank_calls=56
AMG setup messages level=7 phase=R*(A*P) sends=33 bytes=1376 collective_rank_calls=56
GMRES: iter = 0, residual = 0.1709117438, 1 (rel.)
GMRES: iter = 1, residual = 0.07213375037, 0.4220526264 (rel.)
GMRES: iter = 2, residual = 0.01101374319, 0.06444111415 (rel.)
GMRES: iter = 3, residual = 0.001750295825, 0.01024093363 (rel.)
GMRES: iter = 4, residual = 0.0003056160298, 0.001788151142 (rel.)
GMRES: iter = 5, residual = 4.831901279e-05, 0.0002827132396 (rel.)
GMRES: iter = 6, residual = 9.824855804e-06, 5.748496612e-05 (rel.)
GMRES: Solve Time = 0.925325343
The cloud-layer FLD system Newton 4: residual=9.871302365e-06, GMRES rtol=0.0001
AMG setup messages level=0 phase=strength sends=0 bytes=0 collective_rank_calls=56
AMG setup messages level=0 phase=strength-transpose sends=318 bytes=15559208 collective_rank_calls=56
AMG setup messages level=0 phase=PMIS sends=5502 bytes=42175880 collective_rank_calls=448
AMG setup messages level=0 phase=numbering sends=0 bytes=0 collective_rank_calls=56
AMG setup messages level=0 phase=interpolation sends=1908 bytes=19585768 collective_rank_calls=56
AMG setup messages level=0 phase=interpolation-transpose sends=657 bytes=7272272 collective_rank_calls=56
AMG setup messages level=0 phase=A*P sends=1092 bytes=41629248 collective_rank_calls=56
AMG setup messages level=0 phase=R*(A*P) sends=1971 bytes=53814000 collective_rank_calls=56
AMG setup messages level=1 phase=strength sends=0 bytes=0 collective_rank_calls=56
AMG setup messages level=1 phase=strength-transpose sends=750 bytes=18434168 collective_rank_calls=56
AMG setup messages level=1 phase=PMIS sends=16596 bytes=35086088 collective_rank_calls=616
AMG setup messages level=1 phase=numbering sends=0 bytes=0 collective_rank_calls=56
AMG setup messages level=1 phase=interpolation sends=4473 bytes=20595436 collective_rank_calls=56
AMG setup messages level=1 phase=interpolation-transpose sends=726 bytes=7242992 collective_rank_calls=56
AMG setup messages level=1 phase=A*P sends=2370 bytes=39317584 collective_rank_calls=56
AMG setup messages level=1 phase=R*(A*P) sends=2178 bytes=106571168 collective_rank_calls=56
AMG setup messages level=2 phase=strength sends=0 bytes=0 collective_rank_calls=56
AMG setup messages level=2 phase=strength-transpose sends=792 bytes=7915144 collective_rank_calls=56
AMG setup messages level=2 phase=PMIS sends=15994 bytes=11027040 collective_rank_calls=560
AMG setup messages level=2 phase=numbering sends=0 bytes=0 collective_rank_calls=56
AMG setup messages level=2 phase=interpolation sends=4695 bytes=8225372 collective_rank_calls=56
AMG setup messages level=2 phase=interpolation-transpose sends=739 bytes=2202080 collective_rank_calls=56
AMG setup messages level=2 phase=A*P sends=2574 bytes=16274416 collective_rank_calls=56
AMG setup messages level=2 phase=R*(A*P) sends=2217 bytes=49930208 collective_rank_calls=56
AMG setup messages level=3 phase=strength sends=0 bytes=0 collective_rank_calls=56
AMG setup messages level=3 phase=strength-transpose sends=795 bytes=1905752 collective_rank_calls=56
AMG setup messages level=3 phase=PMIS sends=14520 bytes=2680768 collective_rank_calls=504
AMG setup messages level=3 phase=numbering sends=0 bytes=0 collective_rank_calls=56
AMG setup messages level=3 phase=interpolation sends=4740 bytes=2131632 collective_rank_calls=56
AMG setup messages level=3 phase=interpolation-transpose sends=662 bytes=561856 collective_rank_calls=56
AMG setup messages level=3 phase=A*P sends=2664 bytes=5608992 collective_rank_calls=56
AMG setup messages level=3 phase=R*(A*P) sends=1986 bytes=14595040 collective_rank_calls=56
AMG setup messages level=4 phase=strength sends=0 bytes=0 collective_rank_calls=56
AMG setup messages level=4 phase=strength-transpose sends=770 bytes=363636 collective_rank_calls=56
AMG setup messages level=4 phase=PMIS sends=12950 bytes=625236 collective_rank_calls=448
AMG setup messages level=4 phase=numbering sends=0 bytes=0 collective_rank_calls=56
AMG setup messages level=4 phase=interpolation sends=4431 bytes=415780 collective_rank_calls=56
AMG setup messages level=4 phase=interpolation-transpose sends=524 bytes=155392 collective_rank_calls=56
AMG setup messages level=4 phase=A*P sends=3930 bytes=2016352 collective_rank_calls=56
AMG setup messages level=4 phase=R*(A*P) sends=1572 bytes=3362720 collective_rank_calls=56
AMG setup messages level=5 phase=strength sends=0 bytes=0 collective_rank_calls=56
AMG setup messages level=5 phase=strength-transpose sends=501 bytes=76344 collective_rank_calls=56
AMG setup messages level=5 phase=PMIS sends=6060 bytes=120368 collective_rank_calls=280
AMG setup messages level=5 phase=numbering sends=0 bytes=0 collective_rank_calls=56
AMG setup messages level=5 phase=interpolation sends=2748 bytes=69620 collective_rank_calls=56
AMG setup messages level=5 phase=interpolation-transpose sends=311 bytes=42912 collective_rank_calls=56
AMG setup messages level=5 phase=A*P sends=4842 bytes=698736 collective_rank_calls=56
AMG setup messages level=5 phase=R*(A*P) sends=933 bytes=688304 collective_rank_calls=56
AMG setup messages level=6 phase=strength sends=0 bytes=0 collective_rank_calls=56
AMG setup messages level=6 phase=strength-transpose sends=216 bytes=24360 collective_rank_calls=56
AMG setup messages level=6 phase=PMIS sends=2056 bytes=41232 collective_rank_calls=168
AMG setup messages level=6 phase=numbering sends=0 bytes=0 collective_rank_calls=56
AMG setup messages level=6 phase=interpolation sends=1017 bytes=10252 collective_rank_calls=56
AMG setup messages level=6 phase=interpolation-transpose sends=88 bytes=13296 collective_rank_calls=56
AMG setup messages level=6 phase=A*P sends=2412 bytes=165824 collective_rank_calls=56
AMG setup messages level=6 phase=R*(A*P) sends=264 bytes=48080 collective_rank_calls=56
AMG setup messages level=7 phase=strength sends=0 bytes=0 collective_rank_calls=56
AMG setup messages level=7 phase=strength-transpose sends=28 bytes=2768 collective_rank_calls=56
AMG setup messages level=7 phase=PMIS sends=190 bytes=3752 collective_rank_calls=112
AMG setup messages level=7 phase=numbering sends=0 bytes=0 collective_rank_calls=56
AMG setup messages level=7 phase=interpolation sends=123 bytes=976 collective_rank_calls=56
AMG setup messages level=7 phase=interpolation-transpose sends=14 bytes=1696 collective_rank_calls=56
AMG setup messages level=7 phase=A*P sends=198 bytes=6432 collective_rank_calls=56
AMG setup messages level=7 phase=R*(A*P) sends=42 bytes=2496 collective_rank_calls=56
GMRES: iter = 0, residual = 9.871327586e-06, 1 (rel.)
GMRES: iter = 1, residual = 3.562822538e-06, 0.3609263806 (rel.)
GMRES: iter = 2, residual = 5.84311616e-07, 0.05919280977 (rel.)
GMRES: iter = 3, residual = 1.047590918e-07, 0.0106124623 (rel.)
GMRES: iter = 4, residual = 1.841802159e-08, 0.001865809987 (rel.)
GMRES: iter = 5, residual = 2.916897868e-09, 0.0002954919531 (rel.)
GMRES: iter = 6, residual = 5.820720667e-10, 5.89659356e-05 (rel.)
GMRES: Solve Time = 0.920020184
FLD cloud AMR Newton-Krylov iterations=5/19, change=1.416584827e-09, residual=3.184670302e-09, transmission=0.9991030241
FLD 3-D Penrose cloud: case=amr, fine_n=256, opacity contrast=100000, cells=4390912, limiter=off, mixed cells=260568, cloudy volume relative error=1.4638438e-16, transmission=0.9991030241, balance error=5.55609881e-16, Newton/Krylov iterations=5/19, nonlinear residual=3.184670302e-09, E range=[1.998219418,2.001780582], whole-case wall=8.209439762 s, preconditioner=amg, AMG backend=native, linear iterations=19, max true relative residual=0, aggregate setup=4.456986786 s, aggregate solve=0 s


TinyProfiler total time across processes [min...avg...max]: 8.209 ... 8.21 ... 8.21

-------------------------------------------------------------------------------------------
Name                                        NCalls  Excl. Min  Excl. Avg  Excl. Max   Max %
-------------------------------------------------------------------------------------------
SpGEMM                                         120       1.01      1.394      2.271  27.66%
SpMV                                          2280     0.6984     0.8667       1.17  14.25%
AMG::setup                                       5    0.02531     0.6063     0.8651  10.54%
SpMatrix::prepare_comm_mv                     2413    0.04822     0.5411     0.8226  10.02%
FabArray::ParallelCopy_finish()                451     0.2456     0.5737     0.7637   9.30%
SpMatrix::finishComm_mv::recv_wait            1661     0.0758     0.4295     0.6971   8.49%
SpMatrix::define_split                         280     0.2778     0.4389     0.5741   6.99%
SpMatrix::startComm_tr                          80     0.0722     0.3181     0.4251   5.18%
FLD::composite_residual_without_assembly        25     0.2271     0.2831     0.3739   4.55%
SpMatrix::finishComm_mv::send_wait            1661    0.05097     0.1688     0.3533   4.30%
FabArray::setVal()                             614    0.05216    0.09716     0.3437   4.19%
FLD::residual::fine_b_send_wait                 25  0.0001231     0.1493     0.2929   3.57%
AMG::build_interp_mm                            40     0.1478     0.1785     0.2785   3.39%
FLD::composite_assembly                          5     0.1387     0.1645     0.2124   2.59%
ChebyshevSmoother                              408     0.1254     0.1567     0.2109   2.57%
FLD::residual::fine_b_unpack                    25  4.571e-06    0.02475     0.1987   2.42%
AMG::create_soc                                 40     0.1123     0.1377     0.1956   2.38%
FLD::composite_topology                          1     0.1096     0.1289     0.1759   2.14%
SpMatrix::preparePairHalo                       40    0.04079     0.1184     0.1625   1.98%
FLD::MLABecLapAMG::precondition                 24    0.08172      0.106     0.1514   1.84%
SpMatrix::finishComm_tr                         80    0.02532    0.06362     0.1498   1.83%
FillBoundary_finish()                          239    0.01473    0.08738     0.1423   1.73%
SpMatrix::finishComm_mv::unpack               1920    0.05311    0.08655     0.1369   1.67%
AMG::truncate_interp                            40    0.06471    0.08159     0.1269   1.55%
SpMatrix::startComm_mv                        2280    0.04007    0.06449     0.1061   1.29%
AMG::pmis                                       40    0.07746    0.08626     0.1058   1.29%
FLD::residual::local_rows                       25    0.03714     0.0575    0.08987   1.09%
amrex::Copy()                                  412     0.0552    0.06387    0.08534   1.04%
GMRES::GramSchmidt::batched_dots                38    0.02205    0.04935    0.08443   1.03%
FabArray::ParallelCopy_nowait()                451    0.01152    0.02633    0.08343   1.02%
FLD::assembly::fine_b_send_wait                  5  3.646e-05    0.04965    0.07917   0.96%
SpMatrix::split_csr                           3010    0.03011    0.06338    0.07718   0.94%
SpMatrix::transpose                             80    0.04948    0.05766     0.0767   0.93%
FLD::cloud_linearized_residual                  19    0.03438    0.04249    0.07194   0.88%
SpMatrix::gatherRemote                         373    0.01865    0.05485       0.07   0.85%
FLD::residual::fine_b_pack                      25  0.0006557    0.03876    0.06772   0.82%
FLD::assembly::fine_b_unpack                     5  1.253e-06   0.008169     0.0653   0.80%
FLD::compute_diffusion                          31    0.02949     0.0363    0.06071   0.74%
FLD::assembly::fine_b_recv_wait                  5  1.952e-06   0.006104    0.05589   0.68%
FabArray::Saxpy()                              348    0.02311    0.02829    0.04537   0.55%
FLD::MLABecLapAMG::residualWithoutAssembly      25    0.01771    0.02774    0.04456   0.54%
FLD::MLABecLapAMG::assemble                      5      0.016    0.03433    0.03899   0.47%
FLD::cloud_field_initialization                  1    0.01524    0.02127    0.03786   0.46%
FillBoundary_nowait()                          239    0.01402    0.02083    0.03313   0.40%
SpMatrix::gather_pair_plan                     293    0.01534    0.01816    0.02318   0.28%
FLD::cloud_residual                              6    0.01093     0.0135    0.02277   0.28%
FLD::cloud_newton_prepare                        5    0.01093    0.01308    0.02066   0.25%
DistributionMapping::LeastUsedCPUs()             3  0.0002706   0.006831    0.02029   0.25%
SpMatrix::trim_remote_rows                     247    0.01191    0.01434    0.02006   0.24%
AMG::vcycle                                     24   0.004809   0.009254    0.01918   0.23%
FLD::residual::fine_b_start                     25   0.000122    0.00123    0.01545   0.19%
FLD::NewtonKrylov::line_search                   5   0.002603   0.006901    0.01457   0.18%
FLD::NewtonKrylov::solve                         1   0.007004   0.008288    0.01308   0.16%
GMRES::cycle()                                   5   0.005764   0.009461    0.01116   0.14%
FLD::NewtonKrylov::Jacobian_action              19   0.003839   0.006729    0.01078   0.13%
FLD::assembly::fine_b_pack                       5   0.000181   0.008209    0.01054   0.13%
FLD::residual::fine_b_plan                       1  0.0009936   0.002942    0.00968   0.12%
FLD::assembly::fine_b_plan                       1   0.002064    0.00362   0.009312   0.11%
amrex::average_down                             57   0.005211     0.0071   0.009291   0.11%
AMG::vcycle::level=0 residual                   24   0.003098   0.005393    0.00869   0.11%
FLD::run_cloud                                   1   0.003484   0.004686   0.008504   0.10%
FabArray::LinComb()                             20   0.003383   0.004366   0.006095   0.07%
FabArray::mult()                                86   0.002087   0.002635   0.004534   0.06%
SpMatrix::finishComm_mv                       2280   0.002816    0.00331   0.003704   0.05%
SpMatrix::finishComm_mv::cleanup              1920   0.002053   0.002458   0.002912   0.04%
SpMatrix::gatherRemotePair                     293  0.0006617   0.001343   0.002908   0.04%
FLD::cloud_setup                                 1   0.001194   0.001906   0.002612   0.03%
FLD::assembly::fine_b_start                      5  5.905e-05  0.0001654   0.002555   0.03%
CellConservativeLinear::interp()                36          0   0.001352   0.002385   0.03%
FLD::cloud_postprocessing                        1  0.0005044   0.001291    0.00154   0.02%
AMG::vcycle::level=1 residual                   24  0.0006219  0.0008754   0.001463   0.02%
FabArrayBase::CPC::define()                    135  0.0005091   0.000965   0.001323   0.02%
GMRES::solve()                                   5  0.0003963  0.0005102  0.0008224   0.01%
FillPatchTwoLevels                              63  0.0004484  0.0006308  0.0007839   0.01%
FLD::cloud_extinction_ghost_fill                 1  0.0002245  0.0003629  0.0006883   0.01%
FabArray::ParallelCopy()                       401  0.0003456  0.0004892   0.000676   0.01%
FabArrayBase::getCPC()                         291  0.0003329  0.0004622  0.0006019   0.01%
FLD::MLABecLapAMG::preconditioner_cycle         24  0.0001604  0.0001982   0.000292   0.00%
GMRES::GramSchmidt                              19  0.0001843  0.0002219  0.0002802   0.00%
FLD::cloud_precondition                         24  0.0001264  0.0001772  0.0002596   0.00%
amrex::average_down_w_geom                      57  5.875e-05  0.0001329  0.0002414   0.00%
AMG::vcycle::level=0 post_smooth                24  0.0001156  0.0001791   0.000234   0.00%
AMG::vcycle::level=1 pre_smooth                 24  8.887e-05    0.00015  0.0002262   0.00%
FLD::residual::coarse_state_finish              25  2.298e-05  6.353e-05  0.0002211   0.00%
FabArray::FillBoundary()                       239  0.0001484   0.000167  0.0001882   0.00%
AMG::vcycle::level=2 residual                   24   8.21e-05  0.0001233  0.0001872   0.00%
AMG::vcycle::level=1 post_smooth                24  7.086e-05  0.0001112  0.0001862   0.00%
AMG::vcycle::level=0 prolong                    24  7.517e-05  0.0001222  0.0001778   0.00%
AMG::vcycle::level=0 pre_smooth                 24  7.885e-05  0.0001041   0.000144   0.00%
AMG::vcycle::level=0 restrict                   24  6.459e-05  9.136e-05  0.0001224   0.00%
FLD::residual::fine_b_finish                    25  2.328e-05  4.198e-05  0.0001208   0.00%
AMG::vcycle::level=2 pre_smooth                 24  4.217e-05  6.657e-05  0.0001016   0.00%
GMRES:build_solution()                           5  4.466e-05  5.845e-05  9.721e-05   0.00%
FLD::residual::stage_state                      50  4.555e-05   7.49e-05  9.687e-05   0.00%
AMG::vcycle::level=1 restrict                   24  3.812e-05  5.889e-05  9.136e-05   0.00%
FLD::residual::fine_state_start                 25  2.228e-05  4.883e-05  8.996e-05   0.00%
FillPatchInterp(Fab)                            63  2.648e-05  5.616e-05  8.686e-05   0.00%
FillPatchSingleLevel                           126  5.824e-05  6.989e-05  8.367e-05   0.00%
FLD::residual::fine_state_finish                25  2.025e-05  3.901e-05  8.313e-05   0.00%
FabArrayBase::TheFPinfo()                       63  4.197e-05  5.281e-05  7.872e-05   0.00%
FLD::residual::coarse_state_start               25  2.364e-05  4.464e-05  7.683e-05   0.00%
AMG::vcycle::level=1 prolong                    24  2.545e-05  4.082e-05  5.787e-05   0.00%
AMG::vcycle::level=2 restrict                   24  1.515e-05  2.361e-05  4.645e-05   0.00%
AMG::vcycle::level=2 post_smooth                24  1.764e-05  2.869e-05  4.475e-05   0.00%
AMG::vcycle::level=3 pre_smooth                 24  1.843e-05  2.493e-05  3.362e-05   0.00%
FPinfo::FPinfo()                                 1  1.665e-05  2.076e-05  3.347e-05   0.00%
AMG::vcycle::level=3 residual                   24   2.02e-05  2.548e-05  3.287e-05   0.00%
FLD::assembly::fine_b_finish                     5  5.032e-06  1.204e-05  3.122e-05   0.00%
AMG::vcycle::level=4 pre_smooth                 24  1.223e-05  1.884e-05  3.059e-05   0.00%
AMG::vcycle::level=3 restrict                   24  8.083e-06  1.676e-05   2.89e-05   0.00%
AMG::vcycle::level=2 prolong                    24  1.245e-05  1.756e-05  2.692e-05   0.00%
AMG::vcycle::level=5 residual                   24  8.375e-06  1.277e-05  2.096e-05   0.00%
AMG::vcycle::level=3 post_smooth                24      1e-05  1.347e-05  2.088e-05   0.00%
AMG::vcycle::level=5 pre_smooth                 24   8.86e-06  1.483e-05   2.06e-05   0.00%
MultiFab::Copy()                                10  7.344e-06  1.289e-05  1.929e-05   0.00%
AMG::vcycle::level=7 pre_smooth                 24  8.837e-06  1.242e-05  1.783e-05   0.00%
AMG::vcycle::level=6 pre_smooth                 24  9.683e-06  1.225e-05  1.767e-05   0.00%
FLD::NewtonKrylov::prepare                       5  7.734e-06  1.284e-05  1.676e-05   0.00%
AMG::vcycle::level=4 residual                   24  9.648e-06  1.192e-05  1.656e-05   0.00%
FLD::NewtonKrylov::linear_solve                  5  7.354e-06   1.07e-05  1.624e-05   0.00%
AMG::vcycle::level=3 prolong                    24  7.214e-06  1.002e-05  1.283e-05   0.00%
AMG::vcycle::level=5 post_smooth                24  7.406e-06  8.231e-06  1.066e-05   0.00%
AMG::vcycle::level=4 prolong                    24  6.794e-06  8.397e-06  1.026e-05   0.00%
AMG::vcycle::level=4 restrict                   24  5.923e-06  7.522e-06  1.025e-05   0.00%
AMG::vcycle::level=4 post_smooth                24  7.935e-06  8.925e-06  1.007e-05   0.00%
AMG::vcycle::level=6 post_smooth                24  6.396e-06  7.366e-06  9.286e-06   0.00%
AMG::vcycle::level=5 prolong                    24  6.222e-06  7.198e-06  8.638e-06   0.00%
AMG::vcycle::level=7 post_smooth                24  6.765e-06  7.806e-06  8.404e-06   0.00%
AMG::vcycle::level=6 prolong                    24  5.244e-06  5.965e-06  7.775e-06   0.00%
Other                                          808  0.0004807  0.0007709   0.001336   0.02%
-------------------------------------------------------------------------------------------

-------------------------------------------------------------------------------------------
Name                                        NCalls  Incl. Min  Incl. Avg  Incl. Max   Max %
-------------------------------------------------------------------------------------------
FLD::run_cloud                                   1      8.204      8.206      8.209 100.00%
FLD::NewtonKrylov::solve                         1      7.955      7.955      7.956  96.90%
FLD::NewtonKrylov::prepare                       5      4.505      4.505      4.506  54.88%
FLD::cloud_newton_prepare                        5      4.505      4.505      4.506  54.88%
FLD::MLABecLapAMG::assemble                      5      4.457      4.469      4.472  54.48%
AMG::setup                                       5      4.069      4.165      4.217  51.37%
FLD::NewtonKrylov::linear_solve                  5      3.086      3.088       3.09  37.64%
GMRES::solve()                                   5      3.086      3.088       3.09  37.64%
GMRES::cycle()                                   5      3.084      3.086      3.087  37.60%
SpGEMM                                         120      1.946      2.204      2.723  33.17%
FLD::cloud_precondition                         24      1.991      1.997          2  24.36%
FLD::MLABecLapAMG::precondition                 24      1.982      1.991      1.996  24.31%
FLD::MLABecLapAMG::preconditioner_cycle         24      1.754      1.805      1.848  22.51%
AMG::vcycle                                     24      1.754      1.805      1.848  22.51%
SpMV                                          2280       1.53      1.631      1.688  20.56%
ChebyshevSmoother                              408      1.389      1.453       1.51  18.39%
FLD::MLABecLapAMG::residualWithoutAssembly      25      1.107      1.144       1.17  14.25%
FLD::composite_residual_without_assembly        25     0.6319     0.8165      1.091  13.29%
FLD::NewtonKrylov::Jacobian_action              19       0.97      1.005      1.026  12.50%
FLD::cloud_linearized_residual                  19     0.9487     0.9797     0.9984  12.16%
SpMatrix::finishComm_mv                       2280     0.2833     0.6906     0.9121  11.11%
SpMatrix::prepare_comm_mv                     2413    0.04824     0.5411     0.8227  10.02%
AMG::build_interp_mm                            40     0.5493     0.6342     0.7774   9.47%
FabArray::ParallelCopy_finish()                451     0.2456     0.5737     0.7637   9.30%
SpMatrix::finishComm_mv::recv_wait            1661     0.0758     0.4295     0.6971   8.49%
FabArray::ParallelCopy()                       401     0.0931     0.4495     0.6581   8.02%
SpMatrix::define_split                         280     0.2882     0.4517     0.5921   7.21%
amrex::average_down_w_geom                      57    0.01663       0.36     0.5662   6.90%
amrex::average_down                             57    0.01655     0.3599     0.5659   6.89%
SpMatrix::transpose                             80     0.2845     0.4394     0.5151   6.27%
SpMatrix::startComm_tr                          80    0.07221     0.3181     0.4251   5.18%
GMRES:build_solution()                           5     0.4146     0.4163     0.4187   5.10%
AMG::vcycle::level=0 pre_smooth                 24     0.2884     0.3415     0.3944   4.80%
AMG::vcycle::level=0 post_smooth                24     0.3493     0.3671     0.3862   4.70%
SpMatrix::finishComm_mv::send_wait            1661    0.05097     0.1688     0.3533   4.30%
FabArray::setVal()                             614    0.05216    0.09716     0.3437   4.19%
AMG::vcycle::level=1 post_smooth                24     0.2945     0.3101     0.3388   4.13%
FLD::cloud_residual                              6      0.321     0.3332     0.3375   4.11%
FLD::composite_assembly                          5     0.1984     0.2442     0.3317   4.04%
FLD::residual::fine_state_finish                25    0.03217     0.1494     0.3168   3.86%
AMG::pmis                                       40     0.1803     0.2558     0.2997   3.65%
FLD::residual::fine_b_finish                    25    0.09918     0.1741      0.293   3.57%
FLD::residual::fine_b_send_wait                 25  0.0001231     0.1493     0.2929   3.57%
AMG::vcycle::level=1 pre_smooth                 24     0.2393     0.2628     0.2834   3.45%
AMG::create_soc                                 40     0.2007     0.2245     0.2828   3.44%
FLD::NewtonKrylov::line_search                   5     0.2634     0.2659     0.2686   3.27%
FLD::cloud_setup                                 1     0.2402     0.2408     0.2412   2.94%
FLD::residual::fine_b_unpack                    25  4.571e-06    0.02475     0.1987   2.42%
FLD::composite_topology                          1     0.1337     0.1534     0.1971   2.40%
FabArray::FillBoundary()                       239    0.03433     0.1086     0.1628   1.98%
SpMatrix::preparePairHalo                       40    0.04079     0.1184     0.1625   1.98%
SpMatrix::finishComm_tr                         80    0.02532    0.06362     0.1498   1.83%
AMG::truncate_interp                            40    0.08264     0.1002      0.149   1.81%
FillBoundary_finish()                          239    0.01473    0.08738     0.1423   1.73%
SpMatrix::finishComm_mv::unpack               1920    0.05311    0.08655     0.1369   1.67%
FabArray::ParallelCopy_nowait()                451    0.03471    0.04941     0.1238   1.51%
FLD::assembly::fine_b_finish                     5    0.04255    0.06394      0.117   1.43%
SpMatrix::startComm_mv                        2280    0.05066     0.0723     0.1102   1.34%
GMRES::GramSchmidt                              19    0.04979    0.06772     0.0998   1.22%
FLD::residual::local_rows                       25    0.03714     0.0575    0.08987   1.09%
AMG::vcycle::level=0 residual                   24    0.06498    0.07525    0.08867   1.08%
amrex::Copy()                                  412     0.0552    0.06387    0.08534   1.04%
GMRES::GramSchmidt::batched_dots                38    0.02205    0.04935    0.08443   1.03%
AMG::vcycle::level=2 pre_smooth                 24    0.06614    0.07251    0.08242   1.00%
FLD::compute_diffusion                          31    0.06292     0.0684    0.08158   0.99%
FLD::assembly::fine_b_send_wait                  5  3.646e-05    0.04965    0.07917   0.96%
SpMatrix::split_csr                           3010    0.03152    0.06495      0.079   0.96%
FLD::residual::stage_state                      50     0.0119    0.05062    0.07346   0.89%
AMG::vcycle::level=0 restrict                   24    0.03271     0.0523    0.07164   0.87%
FillPatchTwoLevels                              63     0.0214    0.03826    0.07049   0.86%
SpMatrix::gatherRemote                         373    0.01872    0.05493    0.07008   0.85%
AMG::vcycle::level=1 residual                   24    0.04436    0.06297    0.06977   0.85%
FLD::residual::fine_b_start                     25    0.01061    0.03999    0.06787   0.83%
FLD::residual::fine_b_pack                      25  0.0006557    0.03876    0.06772   0.82%
FLD::assembly::fine_b_unpack                     5  1.253e-06   0.008169     0.0653   0.80%
FLD::cloud_extinction_ghost_fill                 1   0.001652    0.04527    0.06506   0.79%
AMG::vcycle::level=0 prolong                    24    0.04376    0.05418    0.06182   0.75%
AMG::vcycle::level=2 post_smooth                24     0.0483    0.05127    0.05797   0.71%
FLD::residual::fine_state_start                 25   0.002467    0.01139    0.05675   0.69%
FLD::assembly::fine_b_recv_wait                  5  1.952e-06   0.006104    0.05589   0.68%
FLD::residual::coarse_state_finish              25  0.0003804    0.01309    0.05472   0.67%
AMG::vcycle::level=1 restrict                   24    0.01876      0.037    0.04594   0.56%
FabArray::Saxpy()                              348    0.02311    0.02829    0.04537   0.55%
FillPatchSingleLevel                           126   0.008402    0.01615    0.04212   0.51%
FLD::cloud_field_initialization                  1    0.03825    0.03881     0.0393   0.48%
FillBoundary_nowait()                          239    0.01421    0.02104    0.03333   0.41%
FLD::assembly::fine_b_start                      5   0.004642    0.01209    0.02889   0.35%
SpMatrix::gatherRemotePair                     293    0.01623    0.01951    0.02597   0.32%
SpMatrix::gather_pair_plan                     293    0.01534    0.01816    0.02318   0.28%
DistributionMapping::LeastUsedCPUs()             3  0.0002706   0.006831    0.02029   0.25%
SpMatrix::trim_remote_rows                     247    0.01191    0.01434    0.02006   0.24%
FabArrayBase::TheFPinfo()                       63  0.0001005   0.006338    0.01966   0.24%
FPinfo::FPinfo()                                 1  5.673e-05   0.006286    0.01961   0.24%
AMG::vcycle::level=2 residual                   24    0.01189    0.01577    0.01827   0.22%
AMG::vcycle::level=1 prolong                    24    0.01108    0.01397    0.01713   0.21%
AMG::vcycle::level=3 pre_smooth                 24   0.008976    0.01184    0.01543   0.19%
AMG::vcycle::level=2 restrict                   24    0.00387   0.009505    0.01287   0.16%
AMG::vcycle::level=3 post_smooth                24    0.00872   0.009839    0.01096   0.13%
FLD::assembly::fine_b_pack                       5   0.000181   0.008209    0.01054   0.13%
FLD::residual::fine_b_plan                       1   0.001003   0.002961   0.009709   0.12%
FLD::assembly::fine_b_plan                       1   0.002068   0.003627   0.009316   0.11%
AMG::vcycle::level=5 prolong                    24  0.0007976   0.003159   0.009104   0.11%
FabArray::LinComb()                             20   0.003383   0.004366   0.006095   0.07%
AMG::vcycle::level=4 pre_smooth                 24   0.004293   0.004732   0.005728   0.07%
AMG::vcycle::level=4 post_smooth                24    0.00486   0.005109   0.005549   0.07%
AMG::vcycle::level=5 post_smooth                24    0.00461   0.004812   0.005161   0.06%
FLD::cloud_postprocessing                        1   0.004529   0.004707   0.004767   0.06%
AMG::vcycle::level=5 pre_smooth                 24   0.003671   0.004181   0.004621   0.06%
AMG::vcycle::level=6 prolong                    24  0.0005633   0.002732   0.004535   0.06%
FabArray::mult()                                86   0.002087   0.002635   0.004534   0.06%
AMG::vcycle::level=6 pre_smooth                 24   0.001847   0.003441   0.004364   0.05%
AMG::vcycle::level=6 post_smooth                24   0.001782    0.00343   0.004307   0.05%
MultiFab::Copy()                                10   0.001572   0.002347   0.003241   0.04%
AMG::vcycle::level=2 prolong                    24   0.001947   0.002657   0.003086   0.04%
SpMatrix::finishComm_mv::cleanup              1920   0.002053   0.002458   0.002912   0.04%
AMG::vcycle::level=3 residual                   24   0.002431   0.002576   0.002671   0.03%
FillPatchInterp(Fab)                            63  2.648e-05   0.001408   0.002466   0.03%
CellConservativeLinear::interp()                36          0   0.001352   0.002385   0.03%
AMG::vcycle::level=3 restrict                   24  0.0009695   0.001882   0.002307   0.03%
AMG::vcycle::level=7 pre_smooth                 24  0.0001244  0.0006274   0.002067   0.03%
FabArrayBase::getCPC()                         291  0.0009379   0.001427   0.001861   0.02%
FLD::residual::coarse_state_start               25  0.0001556  0.0004292   0.001785   0.02%
AMG::vcycle::level=3 prolong                    24  0.0007008    0.00123   0.001488   0.02%
AMG::vcycle::level=5 residual                   24   0.001249    0.00132   0.001485   0.02%
AMG::vcycle::level=4 residual                   24   0.001357   0.001408   0.001435   0.02%
AMG::vcycle::level=7 post_smooth                24  0.0001367  0.0004676   0.001357   0.02%
FabArrayBase::CPC::define()                    135  0.0005091   0.000965   0.001323   0.02%
AMG::vcycle::level=4 restrict                   24  0.0003573  0.0008199   0.001303   0.02%
AMG::vcycle::level=4 prolong                    24  0.0006902   0.001052   0.001235   0.02%
Other                                          808   0.002216   0.004323   0.007415   0.09%
-------------------------------------------------------------------------------------------

Async Memory Usage:
---------------------------------------------------------------------------------------------------
Name                 Nalloc  AvgMem min  AvgMem avg  AvgMem max  MaxMem min  MaxMem avg  MaxMem max
---------------------------------------------------------------------------------------------------
amrex::average_down    7296      23   B     382   B     644   B    8192   B    9362   B      12 KiB
---------------------------------------------------------------------------------------------------

Pinned Memory Usage:
------------------------------------------------------------------------------------------------------------------------
Name                                      Nalloc  AvgMem min  AvgMem avg  AvgMem max  MaxMem min  MaxMem avg  MaxMem max
------------------------------------------------------------------------------------------------------------------------
FLD::composite_residual_without_assembly     296     620 KiB    9963 KiB      64 MiB     641 KiB      10 MiB      66 MiB
FLD::composite_assembly                       24       0   B    6759 KiB      46 MiB       0   B    7076 KiB      48 MiB
FLD::composite_topology                      408      10 KiB      57 KiB     332 KiB    1120 KiB    3810 KiB      18 MiB
The_Pinned_Arena::Initialize()                56       3   B       6   B      18   B    8192 KiB    8192 KiB    8192 KiB
FLD::MLABecLapAMG::assemble                 4760    1970 KiB    2389 KiB    3921 KiB    3632 KiB    4410 KiB    7264 KiB
SpGEMM                                      5461    7326   B      32 KiB     124 KiB     404 KiB     904 KiB    2557 KiB
FLD::MLABecLapAMG::precondition             6528     247 KiB     299 KiB     492 KiB    1024 KiB    1243 KiB    2048 KiB
SpMatrix::finishComm_tr                    12952     346   B    2135   B    8974   B     172 KiB     324 KiB     694 KiB
SpMatrix::startComm_tr                     11898    5262   B    8055   B      10 KiB     164 KiB     277 KiB     469 KiB
------------------------------------------------------------------------------------------------------------------------

Cpu Memory Usage:
----------------------------------------------------------------------------------------------------------------
Name                              Nalloc  AvgMem min  AvgMem avg  AvgMem max  MaxMem min  MaxMem avg  MaxMem max
----------------------------------------------------------------------------------------------------------------
FLD::cloud_setup                    2992      11 MiB      13 MiB      22 MiB      11 MiB      13 MiB      22 MiB
FLD::NewtonKrylov::solve            2448    2060 KiB    2502 KiB    4121 KiB    3379 KiB    4103 KiB    6759 KiB
FabArray::ParallelCopy_nowait()    18183      12 KiB      57 KiB     316 KiB     548 KiB    1251 KiB    5354 KiB
SpGEMM                             16813      13 KiB      46 KiB     156 KiB    1525 KiB    2695 KiB    5316 KiB
GMRES::cycle()                      1904     393 KiB     478 KiB     788 KiB    2560 KiB    3108 KiB    5120 KiB
GMRES::solve()                      2720     807 KiB     980 KiB    1615 KiB    2150 KiB    2611 KiB    4301 KiB
FillBoundary_nowait()              18320     532   B    1926   B    3665   B     176 KiB     303 KiB     427 KiB
SpMatrix::gather_pair_plan         31714      77   B     155   B     365   B      97 KiB     178 KiB     377 KiB
SpMatrix::startComm_mv            186130      14 KiB      27 KiB      55 KiB      97 KiB     178 KiB     377 KiB
SpMatrix::gatherRemote             38410     165   B     395   B     598   B      80 KiB     140 KiB     223 KiB
FillPatchTwoLevels                  4032       0   B      31   B      84   B       0   B      23 KiB      41 KiB
amrex::average_down                 7296      23   B     382   B     645   B    8192   B    9362   B      12 KiB
CellConservativeLinear::interp()    2016       0   B       0   B       1   B       0   B    3510   B    6144   B
----------------------------------------------------------------------------------------------------------------

AMReX (26.09-216-g49f8465e6225) finalized
