Initializing AMReX (26.09-216-g49f8465e6225)...
MPI initialized with 3584 MPI processes
MPI initialized with thread support level 0
AMReX (26.09-216-g49f8465e6225) initialized
FLD residual face transfers per evaluation: separate sends=18714, packed sends=11548, payload bytes=6733586432
The cloud-layer FLD system Newton 0: residual=50341.56308, GMRES rtol=0.5
FLD assembly face transfers per assembly: separate sends=18714, packed sends=11548, payload bytes=6733586432
AMG setup messages level=0 phase=strength sends=0 bytes=0 collective_rank_calls=3584
AMG setup messages level=0 phase=strength-transpose sends=28852 bytes=1219845812 collective_rank_calls=3584
AMG setup messages level=0 phase=PMIS sends=592396 bytes=3875295636 collective_rank_calls=35840
AMG setup messages level=0 phase=numbering sends=0 bytes=0 collective_rank_calls=3584
AMG setup messages level=0 phase=interpolation sends=173112 bytes=1665605076 collective_rank_calls=3584
AMG setup messages level=0 phase=interpolation-transpose sends=68581 bytes=534631296 collective_rank_calls=3584
AMG setup messages level=0 phase=A*P sends=90744 bytes=2936374592 collective_rank_calls=3584
AMG setup messages level=0 phase=R*(A*P) sends=205743 bytes=3908199952 collective_rank_calls=3584
AMG setup messages level=1 phase=strength sends=0 bytes=0 collective_rank_calls=3584
AMG setup messages level=1 phase=strength-transpose sends=76254 bytes=1462235496 collective_rank_calls=3584
AMG setup messages level=1 phase=PMIS sends=1835972 bytes=2917273632 collective_rank_calls=43008
AMG setup messages level=1 phase=numbering sends=0 bytes=0 collective_rank_calls=3584
AMG setup messages level=1 phase=interpolation sends=453519 bytes=1727028480 collective_rank_calls=3584
AMG setup messages level=1 phase=interpolation-transpose sends=74901 bytes=507279248 collective_rank_calls=3584
AMG setup messages level=1 phase=A*P sends=255558 bytes=2831086800 collective_rank_calls=3584
AMG setup messages level=1 phase=R*(A*P) sends=224703 bytes=7421309216 collective_rank_calls=3584
AMG setup messages level=2 phase=strength sends=0 bytes=0 collective_rank_calls=3584
AMG setup messages level=2 phase=strength-transpose sends=86870 bytes=644850864 collective_rank_calls=3584
AMG setup messages level=2 phase=PMIS sends=1922612 bytes=903946320 collective_rank_calls=39424
AMG setup messages level=2 phase=numbering sends=0 bytes=0 collective_rank_calls=3584
AMG setup messages level=2 phase=interpolation sends=513393 bytes=673863560 collective_rank_calls=3584
AMG setup messages level=2 phase=interpolation-transpose sends=73810 bytes=143311520 collective_rank_calls=3584
AMG setup messages level=2 phase=A*P sends=300096 bytes=1175109680 collective_rank_calls=3584
AMG setup messages level=2 phase=R*(A*P) sends=221430 bytes=3240113968 collective_rank_calls=3584
AMG setup messages level=3 phase=strength sends=0 bytes=0 collective_rank_calls=3584
AMG setup messages level=3 phase=strength-transpose sends=88907 bytes=163779904 collective_rank_calls=3584
AMG setup messages level=3 phase=PMIS sends=1791087 bytes=220245872 collective_rank_calls=35840
AMG setup messages level=3 phase=numbering sends=0 bytes=0 collective_rank_calls=3584
AMG setup messages level=3 phase=interpolation sends=524967 bytes=184322984 collective_rank_calls=3584
AMG setup messages level=3 phase=interpolation-transpose sends=64865 bytes=33882192 collective_rank_calls=3584
AMG setup messages level=3 phase=A*P sends=307092 bytes=376467088 collective_rank_calls=3584
AMG setup messages level=3 phase=R*(A*P) sends=194595 bytes=891232672 collective_rank_calls=3584
AMG setup messages level=4 phase=strength sends=0 bytes=0 collective_rank_calls=3584
AMG setup messages level=4 phase=strength-transpose sends=86938 bytes=33609780 collective_rank_calls=3584
AMG setup messages level=4 phase=PMIS sends=1775170 bytes=58670836 collective_rank_calls=35840
AMG setup messages level=4 phase=numbering sends=0 bytes=0 collective_rank_calls=3584
AMG setup messages level=4 phase=interpolation sends=508803 bytes=47142236 collective_rank_calls=3584
AMG setup messages level=4 phase=interpolation-transpose sends=47221 bytes=7620560 collective_rank_calls=3584
AMG setup messages level=4 phase=A*P sends=460806 bytes=130634704 collective_rank_calls=3584
AMG setup messages level=4 phase=R*(A*P) sends=141663 bytes=198239168 collective_rank_calls=3584
AMG setup messages level=5 phase=strength sends=0 bytes=0 collective_rank_calls=3584
AMG setup messages level=5 phase=strength-transpose sends=80567 bytes=6433192 collective_rank_calls=3584
AMG setup messages level=5 phase=PMIS sends=1592896 bytes=14018224 collective_rank_calls=32256
AMG setup messages level=5 phase=numbering sends=0 bytes=0 collective_rank_calls=3584
AMG setup messages level=5 phase=interpolation sends=442350 bytes=10281704 collective_rank_calls=3584
AMG setup messages level=5 phase=interpolation-transpose sends=21764 bytes=1747120 collective_rank_calls=3584
AMG setup messages level=5 phase=A*P sends=851394 bytes=52073248 collective_rank_calls=3584
AMG setup messages level=5 phase=R*(A*P) sends=65292 bytes=33181744 collective_rank_calls=3584
AMG setup messages level=6 phase=strength sends=0 bytes=0 collective_rank_calls=3584
AMG setup messages level=6 phase=strength-transpose sends=17368 bytes=957744 collective_rank_calls=3584
AMG setup messages level=6 phase=PMIS sends=364864 bytes=2237204 collective_rank_calls=28672
AMG setup messages level=6 phase=numbering sends=0 bytes=0 collective_rank_calls=3584
AMG setup messages level=6 phase=interpolation sends=86028 bytes=1182676 collective_rank_calls=3584
AMG setup messages level=6 phase=interpolation-transpose sends=5752 bytes=358480 collective_rank_calls=3584
AMG setup messages level=6 phase=A*P sends=338910 bytes=10963056 collective_rank_calls=3584
AMG setup messages level=6 phase=R*(A*P) sends=17256 bytes=4617776 collective_rank_calls=3584
AMG setup messages level=7 phase=strength sends=0 bytes=0 collective_rank_calls=3584
AMG setup messages level=7 phase=strength-transpose sends=3248 bytes=181652 collective_rank_calls=3584
AMG setup messages level=7 phase=PMIS sends=40674 bytes=290652 collective_rank_calls=14336
AMG setup messages level=7 phase=numbering sends=0 bytes=0 collective_rank_calls=3584
AMG setup messages level=7 phase=interpolation sends=14109 bytes=163636 collective_rank_calls=3584
AMG setup messages level=7 phase=interpolation-transpose sends=1543 bytes=101808 collective_rank_calls=3584
AMG setup messages level=7 phase=A*P sends=69096 bytes=2042720 collective_rank_calls=3584
AMG setup messages level=7 phase=R*(A*P) sends=4629 bytes=692576 collective_rank_calls=3584
AMG setup messages level=8 phase=strength sends=0 bytes=0 collective_rank_calls=3584
AMG setup messages level=8 phase=strength-transpose sends=1105 bytes=60464 collective_rank_calls=3584
AMG setup messages level=8 phase=PMIS sends=7693 bytes=67436 collective_rank_calls=7168
AMG setup messages level=8 phase=numbering sends=0 bytes=0 collective_rank_calls=3584
AMG setup messages level=8 phase=interpolation sends=5616 bytes=47860 collective_rank_calls=3584
AMG setup messages level=8 phase=interpolation-transpose sends=334 bytes=20672 collective_rank_calls=3584
AMG setup messages level=8 phase=A*P sends=10314 bytes=165472 collective_rank_calls=3584
AMG setup messages level=8 phase=R*(A*P) sends=1002 bytes=19968 collective_rank_calls=3584
GMRES: iter = 0, residual = 13448.9331, 1 (rel.)
GMRES: iter = 1, residual = 3696.05199, 0.2748212041 (rel.)
GMRES: Solve Time = 0.565842929
The cloud-layer FLD system Newton 1: residual=3696.051974, GMRES rtol=0.225
AMG setup messages level=0 phase=strength sends=0 bytes=0 collective_rank_calls=3584
AMG setup messages level=0 phase=strength-transpose sends=28852 bytes=1219845812 collective_rank_calls=3584
AMG setup messages level=0 phase=PMIS sends=592396 bytes=3875295636 collective_rank_calls=35840
AMG setup messages level=0 phase=numbering sends=0 bytes=0 collective_rank_calls=3584
AMG setup messages level=0 phase=interpolation sends=173112 bytes=1666116484 collective_rank_calls=3584
AMG setup messages level=0 phase=interpolation-transpose sends=68577 bytes=534986800 collective_rank_calls=3584
AMG setup messages level=0 phase=A*P sends=90744 bytes=2936632368 collective_rank_calls=3584
AMG setup messages level=0 phase=R*(A*P) sends=205731 bytes=3910669264 collective_rank_calls=3584
AMG setup messages level=1 phase=strength sends=0 bytes=0 collective_rank_calls=3584
AMG setup messages level=1 phase=strength-transpose sends=76398 bytes=1461878728 collective_rank_calls=3584
AMG setup messages level=1 phase=PMIS sends=1839844 bytes=2916833516 collective_rank_calls=43008
AMG setup messages level=1 phase=numbering sends=0 bytes=0 collective_rank_calls=3584
AMG setup messages level=1 phase=interpolation sends=454227 bytes=1726512976 collective_rank_calls=3584
AMG setup messages level=1 phase=interpolation-transpose sends=74850 bytes=507213088 collective_rank_calls=3584
AMG setup messages level=1 phase=A*P sends=256272 bytes=2831412784 collective_rank_calls=3584
AMG setup messages level=1 phase=R*(A*P) sends=224550 bytes=7420627824 collective_rank_calls=3584
AMG setup messages level=2 phase=strength sends=0 bytes=0 collective_rank_calls=3584
AMG setup messages level=2 phase=strength-transpose sends=86913 bytes=644604992 collective_rank_calls=3584
AMG setup messages level=2 phase=PMIS sends=1922778 bytes=903504352 collective_rank_calls=39424
AMG setup messages level=2 phase=numbering sends=0 bytes=0 collective_rank_calls=3584
AMG setup messages level=2 phase=interpolation sends=513600 bytes=673530428 collective_rank_calls=3584
AMG setup messages level=2 phase=interpolation-transpose sends=73807 bytes=143227440 collective_rank_calls=3584
AMG setup messages level=2 phase=A*P sends=300168 bytes=1174905872 collective_rank_calls=3584
AMG setup messages level=2 phase=R*(A*P) sends=221421 bytes=3238517584 collective_rank_calls=3584
AMG setup messages level=3 phase=strength sends=0 bytes=0 collective_rank_calls=3584
AMG setup messages level=3 phase=strength-transpose sends=88799 bytes=163855984 collective_rank_calls=3584
AMG setup messages level=3 phase=PMIS sends=1967678 bytes=240147928 collective_rank_calls=39424
AMG setup messages level=3 phase=numbering sends=0 bytes=0 collective_rank_calls=3584
AMG setup messages level=3 phase=interpolation sends=524685 bytes=184663420 collective_rank_calls=3584
AMG setup messages level=3 phase=interpolation-transpose sends=64822 bytes=33810192 collective_rank_calls=3584
AMG setup messages level=3 phase=A*P sends=307068 bytes=376344736 collective_rank_calls=3584
AMG setup messages level=3 phase=R*(A*P) sends=194466 bytes=890055792 collective_rank_calls=3584
AMG setup messages level=4 phase=strength sends=0 bytes=0 collective_rank_calls=3584
AMG setup messages level=4 phase=strength-transpose sends=87148 bytes=33712832 collective_rank_calls=3584
AMG setup messages level=4 phase=PMIS sends=1778776 bytes=58791264 collective_rank_calls=35840
AMG setup messages level=4 phase=numbering sends=0 bytes=0 collective_rank_calls=3584
AMG setup messages level=4 phase=interpolation sends=510081 bytes=47348044 collective_rank_calls=3584
AMG setup messages level=4 phase=interpolation-transpose sends=47223 bytes=7631872 collective_rank_calls=3584
AMG setup messages level=4 phase=A*P sends=457656 bytes=130605392 collective_rank_calls=3584
AMG setup messages level=4 phase=R*(A*P) sends=141669 bytes=197153088 collective_rank_calls=3584
AMG setup messages level=5 phase=strength sends=0 bytes=0 collective_rank_calls=3584
AMG setup messages level=5 phase=strength-transpose sends=80299 bytes=6430700 collective_rank_calls=3584
AMG setup messages level=5 phase=PMIS sends=1583712 bytes=13947776 collective_rank_calls=32256
AMG setup messages level=5 phase=numbering sends=0 bytes=0 collective_rank_calls=3584
AMG setup messages level=5 phase=interpolation sends=440766 bytes=10240852 collective_rank_calls=3584
AMG setup messages level=5 phase=interpolation-transpose sends=21406 bytes=1720544 collective_rank_calls=3584
AMG setup messages level=5 phase=A*P sends=843786 bytes=51514784 collective_rank_calls=3584
AMG setup messages level=5 phase=R*(A*P) sends=64218 bytes=32802592 collective_rank_calls=3584
AMG setup messages level=6 phase=strength sends=0 bytes=0 collective_rank_calls=3584
AMG setup messages level=6 phase=strength-transpose sends=17475 bytes=975052 collective_rank_calls=3584
AMG setup messages level=6 phase=PMIS sends=321362 bytes=2042952 collective_rank_calls=25088
AMG setup messages level=6 phase=numbering sends=0 bytes=0 collective_rank_calls=3584
AMG setup messages level=6 phase=interpolation sends=87654 bytes=1244736 collective_rank_calls=3584
AMG setup messages level=6 phase=interpolation-transpose sends=6214 bytes=391472 collective_rank_calls=3584
AMG setup messages level=6 phase=A*P sends=336450 bytes=11212864 collective_rank_calls=3584
AMG setup messages level=6 phase=R*(A*P) sends=18642 bytes=4947920 collective_rank_calls=3584
AMG setup messages level=7 phase=strength sends=0 bytes=0 collective_rank_calls=3584
AMG setup messages level=7 phase=strength-transpose sends=3232 bytes=178028 collective_rank_calls=3584
AMG setup messages level=7 phase=PMIS sends=58552 bytes=375692 collective_rank_calls=21504
AMG setup messages level=7 phase=numbering sends=0 bytes=0 collective_rank_calls=3584
AMG setup messages level=7 phase=interpolation sends=14442 bytes=171284 collective_rank_calls=3584
AMG setup messages level=7 phase=interpolation-transpose sends=1305 bytes=96368 collective_rank_calls=3584
AMG setup messages level=7 phase=A*P sends=69606 bytes=2006160 collective_rank_calls=3584
AMG setup messages level=7 phase=R*(A*P) sends=3915 bytes=624704 collective_rank_calls=3584
AMG setup messages level=8 phase=strength sends=0 bytes=0 collective_rank_calls=3584
AMG setup messages level=8 phase=strength-transpose sends=686 bytes=46912 collective_rank_calls=3584
AMG setup messages level=8 phase=PMIS sends=6812 bytes=60592 collective_rank_calls=10752
AMG setup messages level=8 phase=numbering sends=0 bytes=0 collective_rank_calls=3584
AMG setup messages level=8 phase=interpolation sends=3246 bytes=37648 collective_rank_calls=3584
AMG setup messages level=8 phase=interpolation-transpose sends=283 bytes=30480 collective_rank_calls=3584
AMG setup messages level=8 phase=A*P sends=12492 bytes=289024 collective_rank_calls=3584
AMG setup messages level=8 phase=R*(A*P) sends=849 bytes=26128 collective_rank_calls=3584
AMG setup messages level=9 phase=strength sends=0 bytes=0 collective_rank_calls=3584
AMG setup messages level=9 phase=strength-transpose sends=5 bytes=432 collective_rank_calls=3584
AMG setup messages level=9 phase=PMIS sends=35 bytes=400 collective_rank_calls=7168
AMG setup messages level=9 phase=numbering sends=0 bytes=0 collective_rank_calls=3584
AMG setup messages level=9 phase=interpolation sends=30 bytes=360 collective_rank_calls=3584
AMG setup messages level=9 phase=interpolation-transpose sends=5 bytes=288 collective_rank_calls=3584
AMG setup messages level=9 phase=A*P sends=30 bytes=576 collective_rank_calls=3584
AMG setup messages level=9 phase=R*(A*P) sends=15 bytes=256 collective_rank_calls=3584
GMRES: iter = 0, residual = 4681.918443, 1 (rel.)
GMRES: iter = 1, residual = 2318.456137, 0.4951936188 (rel.)
GMRES: iter = 2, residual = 528.7879041, 0.1129425706 (rel.)
GMRES: Solve Time = 0.911049532
The cloud-layer FLD system Newton 2: residual=528.7879468, GMRES rtol=0.01148042367
AMG setup messages level=0 phase=strength sends=0 bytes=0 collective_rank_calls=3584
AMG setup messages level=0 phase=strength-transpose sends=28852 bytes=1219845812 collective_rank_calls=3584
AMG setup messages level=0 phase=PMIS sends=533296 bytes=3524658848 collective_rank_calls=32256
AMG setup messages level=0 phase=numbering sends=0 bytes=0 collective_rank_calls=3584
AMG setup messages level=0 phase=interpolation sends=173112 bytes=1666077764 collective_rank_calls=3584
AMG setup messages level=0 phase=interpolation-transpose sends=68627 bytes=534953040 collective_rank_calls=3584
AMG setup messages level=0 phase=A*P sends=90744 bytes=2936525664 collective_rank_calls=3584
AMG setup messages level=0 phase=R*(A*P) sends=205881 bytes=3910145872 collective_rank_calls=3584
AMG setup messages level=1 phase=strength sends=0 bytes=0 collective_rank_calls=3584
AMG setup messages level=1 phase=strength-transpose sends=76381 bytes=1462020272 collective_rank_calls=3584
AMG setup messages level=1 phase=PMIS sends=1839657 bytes=2917133552 collective_rank_calls=43008
AMG setup messages level=1 phase=numbering sends=0 bytes=0 collective_rank_calls=3584
AMG setup messages level=1 phase=interpolation sends=454080 bytes=1726764084 collective_rank_calls=3584
AMG setup messages level=1 phase=interpolation-transpose sends=74885 bytes=507230368 collective_rank_calls=3584
AMG setup messages level=1 phase=A*P sends=256188 bytes=2831278144 collective_rank_calls=3584
AMG setup messages level=1 phase=R*(A*P) sends=224655 bytes=7421139664 collective_rank_calls=3584
AMG setup messages level=2 phase=strength sends=0 bytes=0 collective_rank_calls=3584
AMG setup messages level=2 phase=strength-transpose sends=86719 bytes=644891220 collective_rank_calls=3584
AMG setup messages level=2 phase=PMIS sends=1918894 bytes=903866232 collective_rank_calls=39424
AMG setup messages level=2 phase=numbering sends=0 bytes=0 collective_rank_calls=3584
AMG setup messages level=2 phase=interpolation sends=512526 bytes=673964432 collective_rank_calls=3584
AMG setup messages level=2 phase=interpolation-transpose sends=73677 bytes=143361968 collective_rank_calls=3584
AMG setup messages level=2 phase=A*P sends=300030 bytes=1175074944 collective_rank_calls=3584
AMG setup messages level=2 phase=R*(A*P) sends=221031 bytes=3241425904 collective_rank_calls=3584
AMG setup messages level=3 phase=strength sends=0 bytes=0 collective_rank_calls=3584
AMG setup messages level=3 phase=strength-transpose sends=88788 bytes=163966068 collective_rank_calls=3584
AMG setup messages level=3 phase=PMIS sends=2146460 bytes=260125440 collective_rank_calls=43008
AMG setup messages level=3 phase=numbering sends=0 bytes=0 collective_rank_calls=3584
AMG setup messages level=3 phase=interpolation sends=524559 bytes=184553016 collective_rank_calls=3584
AMG setup messages level=3 phase=interpolation-transpose sends=64619 bytes=33836464 collective_rank_calls=3584
AMG setup messages level=3 phase=A*P sends=307074 bytes=376527360 collective_rank_calls=3584
AMG setup messages level=3 phase=R*(A*P) sends=193857 bytes=892826912 collective_rank_calls=3584
AMG setup messages level=4 phase=strength sends=0 bytes=0 collective_rank_calls=3584
AMG setup messages level=4 phase=strength-transpose sends=87019 bytes=33737516 collective_rank_calls=3584
AMG setup messages level=4 phase=PMIS sends=1954150 bytes=64231616 collective_rank_calls=39424
AMG setup messages level=4 phase=numbering sends=0 bytes=0 collective_rank_calls=3584
AMG setup messages level=4 phase=interpolation sends=508923 bytes=47338752 collective_rank_calls=3584
AMG setup messages level=4 phase=interpolation-transpose sends=47577 bytes=7663952 collective_rank_calls=3584
AMG setup messages level=4 phase=A*P sends=460914 bytes=131049552 collective_rank_calls=3584
AMG setup messages level=4 phase=R*(A*P) sends=142731 bytes=199484336 collective_rank_calls=3584
AMG setup messages level=5 phase=strength sends=0 bytes=0 collective_rank_calls=3584
AMG setup messages level=5 phase=strength-transpose sends=81239 bytes=6458824 collective_rank_calls=3584
AMG setup messages level=5 phase=PMIS sends=1604752 bytes=14080096 collective_rank_calls=32256
AMG setup messages level=5 phase=numbering sends=0 bytes=0 collective_rank_calls=3584
AMG setup messages level=5 phase=interpolation sends=445515 bytes=10311880 collective_rank_calls=3584
AMG setup messages level=5 phase=interpolation-transpose sends=22210 bytes=1760384 collective_rank_calls=3584
AMG setup messages level=5 phase=A*P sends=857754 bytes=52277440 collective_rank_calls=3584
AMG setup messages level=5 phase=R*(A*P) sends=66630 bytes=33980560 collective_rank_calls=3584
AMG setup messages level=6 phase=strength sends=0 bytes=0 collective_rank_calls=3584
AMG setup messages level=6 phase=strength-transpose sends=18107 bytes=983384 collective_rank_calls=3584
AMG setup messages level=6 phase=PMIS sends=332914 bytes=2058712 collective_rank_calls=25088
AMG setup messages level=6 phase=numbering sends=0 bytes=0 collective_rank_calls=3584
AMG setup messages level=6 phase=interpolation sends=89058 bytes=1225708 collective_rank_calls=3584
AMG setup messages level=6 phase=interpolation-transpose sends=5899 bytes=359200 collective_rank_calls=3584
AMG setup messages level=6 phase=A*P sends=355452 bytes=11365904 collective_rank_calls=3584
AMG setup messages level=6 phase=R*(A*P) sends=17697 bytes=4772432 collective_rank_calls=3584
AMG setup messages level=7 phase=strength sends=0 bytes=0 collective_rank_calls=3584
AMG setup messages level=7 phase=strength-transpose sends=3424 bytes=192332 collective_rank_calls=3584
AMG setup messages level=7 phase=PMIS sends=42742 bytes=312900 collective_rank_calls=14336
AMG setup messages level=7 phase=numbering sends=0 bytes=0 collective_rank_calls=3584
AMG setup messages level=7 phase=interpolation sends=15288 bytes=193044 collective_rank_calls=3584
AMG setup messages level=7 phase=interpolation-transpose sends=2091 bytes=134944 collective_rank_calls=3584
AMG setup messages level=7 phase=A*P sends=68172 bytes=2181632 collective_rank_calls=3584
AMG setup messages level=7 phase=R*(A*P) sends=6273 bytes=746992 collective_rank_calls=3584
AMG setup messages level=8 phase=strength sends=0 bytes=0 collective_rank_calls=3584
AMG setup messages level=8 phase=strength-transpose sends=1007 bytes=55120 collective_rank_calls=3584
AMG setup messages level=8 phase=PMIS sends=6995 bytes=61968 collective_rank_calls=7168
AMG setup messages level=8 phase=numbering sends=0 bytes=0 collective_rank_calls=3584
AMG setup messages level=8 phase=interpolation sends=5322 bytes=44684 collective_rank_calls=3584
AMG setup messages level=8 phase=interpolation-transpose sends=236 bytes=14720 collective_rank_calls=3584
AMG setup messages level=8 phase=A*P sends=8316 bytes=128064 collective_rank_calls=3584
AMG setup messages level=8 phase=R*(A*P) sends=708 bytes=14336 collective_rank_calls=3584
GMRES: iter = 0, residual = 757.1878938, 1 (rel.)
GMRES: iter = 1, residual = 347.5823687, 0.459043748 (rel.)
GMRES: iter = 2, residual = 83.90579391, 0.1108123817 (rel.)
GMRES: iter = 3, residual = 16.24362936, 0.02145257405 (rel.)
GMRES: iter = 4, residual = 3.359757939, 0.004437152213 (rel.)
GMRES: Solve Time = 1.619960616
The cloud-layer FLD system Newton 3: residual=3.359850568, GMRES rtol=0.0001
AMG setup messages level=0 phase=strength sends=0 bytes=0 collective_rank_calls=3584
AMG setup messages level=0 phase=strength-transpose sends=28852 bytes=1219845812 collective_rank_calls=3584
AMG setup messages level=0 phase=PMIS sends=592396 bytes=3875295636 collective_rank_calls=35840
AMG setup messages level=0 phase=numbering sends=0 bytes=0 collective_rank_calls=3584
AMG setup messages level=0 phase=interpolation sends=173112 bytes=1666303396 collective_rank_calls=3584
AMG setup messages level=0 phase=interpolation-transpose sends=68665 bytes=535042912 collective_rank_calls=3584
AMG setup messages level=0 phase=A*P sends=90744 bytes=2936728640 collective_rank_calls=3584
AMG setup messages level=0 phase=R*(A*P) sends=205995 bytes=3911114320 collective_rank_calls=3584
AMG setup messages level=1 phase=strength sends=0 bytes=0 collective_rank_calls=3584
AMG setup messages level=1 phase=strength-transpose sends=76253 bytes=1461746764 collective_rank_calls=3584
AMG setup messages level=1 phase=PMIS sends=1683242 bytes=2692860280 collective_rank_calls=39424
AMG setup messages level=1 phase=numbering sends=0 bytes=0 collective_rank_calls=3584
AMG setup messages level=1 phase=interpolation sends=453555 bytes=1726332908 collective_rank_calls=3584
AMG setup messages level=1 phase=interpolation-transpose sends=74835 bytes=507158512 collective_rank_calls=3584
AMG setup messages level=1 phase=A*P sends=256164 bytes=2830802720 collective_rank_calls=3584
AMG setup messages level=1 phase=R*(A*P) sends=224505 bytes=7420525632 collective_rank_calls=3584
AMG setup messages level=2 phase=strength sends=0 bytes=0 collective_rank_calls=3584
AMG setup messages level=2 phase=strength-transpose sends=86849 bytes=644822668 collective_rank_calls=3584
AMG setup messages level=2 phase=PMIS sends=2096063 bytes=978802948 collective_rank_calls=43008
AMG setup messages level=2 phase=numbering sends=0 bytes=0 collective_rank_calls=3584
AMG setup messages level=2 phase=interpolation sends=513348 bytes=673640340 collective_rank_calls=3584
AMG setup messages level=2 phase=interpolation-transpose sends=73701 bytes=143373280 collective_rank_calls=3584
AMG setup messages level=2 phase=A*P sends=300390 bytes=1175185040 collective_rank_calls=3584
AMG setup messages level=2 phase=R*(A*P) sends=221103 bytes=3242105344 collective_rank_calls=3584
AMG setup messages level=3 phase=strength sends=0 bytes=0 collective_rank_calls=3584
AMG setup messages level=3 phase=strength-transpose sends=88813 bytes=163864288 collective_rank_calls=3584
AMG setup messages level=3 phase=PMIS sends=1789449 bytes=220332064 collective_rank_calls=35840
AMG setup messages level=3 phase=numbering sends=0 bytes=0 collective_rank_calls=3584
AMG setup messages level=3 phase=interpolation sends=524625 bytes=184455240 collective_rank_calls=3584
AMG setup messages level=3 phase=interpolation-transpose sends=64652 bytes=33868144 collective_rank_calls=3584
AMG setup messages level=3 phase=A*P sends=307128 bytes=376536736 collective_rank_calls=3584
AMG setup messages level=3 phase=R*(A*P) sends=193956 bytes=890216688 collective_rank_calls=3584
AMG setup messages level=4 phase=strength sends=0 bytes=0 collective_rank_calls=3584
AMG setup messages level=4 phase=strength-transpose sends=86863 bytes=33685480 collective_rank_calls=3584
AMG setup messages level=4 phase=PMIS sends=1950550 bytes=63949568 collective_rank_calls=39424
AMG setup messages level=4 phase=numbering sends=0 bytes=0 collective_rank_calls=3584
AMG setup messages level=4 phase=interpolation sends=508185 bytes=47219308 collective_rank_calls=3584
AMG setup messages level=4 phase=interpolation-transpose sends=47162 bytes=7607856 collective_rank_calls=3584
AMG setup messages level=4 phase=A*P sends=459756 bytes=130569408 collective_rank_calls=3584
AMG setup messages level=4 phase=R*(A*P) sends=141486 bytes=197648000 collective_rank_calls=3584
AMG setup messages level=5 phase=strength sends=0 bytes=0 collective_rank_calls=3584
AMG setup messages level=5 phase=strength-transpose sends=80923 bytes=6450560 collective_rank_calls=3584
AMG setup messages level=5 phase=PMIS sends=1422919 bytes=12688336 collective_rank_calls=28672
AMG setup messages level=5 phase=numbering sends=0 bytes=0 collective_rank_calls=3584
AMG setup messages level=5 phase=interpolation sends=444546 bytes=10310004 collective_rank_calls=3584
AMG setup messages level=5 phase=interpolation-transpose sends=22090 bytes=1744336 collective_rank_calls=3584
AMG setup messages level=5 phase=A*P sends=847224 bytes=51841040 collective_rank_calls=3584
AMG setup messages level=5 phase=R*(A*P) sends=66270 bytes=33795760 collective_rank_calls=3584
AMG setup messages level=6 phase=strength sends=0 bytes=0 collective_rank_calls=3584
AMG setup messages level=6 phase=strength-transpose sends=17963 bytes=975840 collective_rank_calls=3584
AMG setup messages level=6 phase=PMIS sends=331186 bytes=2044304 collective_rank_calls=25088
AMG setup messages level=6 phase=numbering sends=0 bytes=0 collective_rank_calls=3584
AMG setup messages level=6 phase=interpolation sends=88911 bytes=1306536 collective_rank_calls=3584
AMG setup messages level=6 phase=interpolation-transpose sends=6166 bytes=381088 collective_rank_calls=3584
AMG setup messages level=6 phase=A*P sends=359238 bytes=11398000 collective_rank_calls=3584
AMG setup messages level=6 phase=R*(A*P) sends=18498 bytes=4968864 collective_rank_calls=3584
AMG setup messages level=7 phase=strength sends=0 bytes=0 collective_rank_calls=3584
AMG setup messages level=7 phase=strength-transpose sends=3783 bytes=205112 collective_rank_calls=3584
AMG setup messages level=7 phase=PMIS sends=57456 bytes=377968 collective_rank_calls=17920
AMG setup messages level=7 phase=numbering sends=0 bytes=0 collective_rank_calls=3584
AMG setup messages level=7 phase=interpolation sends=17151 bytes=224892 collective_rank_calls=3584
AMG setup messages level=7 phase=interpolation-transpose sends=2086 bytes=128704 collective_rank_calls=3584
AMG setup messages level=7 phase=A*P sends=77232 bytes=2390800 collective_rank_calls=3584
AMG setup messages level=7 phase=R*(A*P) sends=6258 bytes=784912 collective_rank_calls=3584
AMG setup messages level=8 phase=strength sends=0 bytes=0 collective_rank_calls=3584
AMG setup messages level=8 phase=strength-transpose sends=946 bytes=50348 collective_rank_calls=3584
AMG setup messages level=8 phase=PMIS sends=6538 bytes=55604 collective_rank_calls=7168
AMG setup messages level=8 phase=numbering sends=0 bytes=0 collective_rank_calls=3584
AMG setup messages level=8 phase=interpolation sends=4923 bytes=41160 collective_rank_calls=3584
AMG setup messages level=8 phase=interpolation-transpose sends=246 bytes=14864 collective_rank_calls=3584
AMG setup messages level=8 phase=A*P sends=9420 bytes=137280 collective_rank_calls=3584
AMG setup messages level=8 phase=R*(A*P) sends=738 bytes=13984 collective_rank_calls=3584
GMRES: iter = 0, residual = 3.463652627, 1 (rel.)
GMRES: iter = 1, residual = 1.440381295, 0.4158561639 (rel.)
GMRES: iter = 2, residual = 0.3531480318, 0.1019582706 (rel.)
GMRES: iter = 3, residual = 0.1125568997, 0.03249659011 (rel.)
GMRES: iter = 4, residual = 0.03569515751, 0.01030564013 (rel.)
GMRES: iter = 5, residual = 0.009115978339, 0.002631897399 (rel.)
GMRES: iter = 6, residual = 0.002528322649, 0.0007299584922 (rel.)
GMRES: iter = 7, residual = 0.0007175247608, 0.0002071584071 (rel.)
GMRES: iter = 8, residual = 0.0001774478955, 5.123143531e-05 (rel.)
GMRES: Solve Time = 3.05774537
The cloud-layer FLD system Newton 4: residual=0.0001877598598, GMRES rtol=0.0001
AMG setup messages level=0 phase=strength sends=0 bytes=0 collective_rank_calls=3584
AMG setup messages level=0 phase=strength-transpose sends=28852 bytes=1219845812 collective_rank_calls=3584
AMG setup messages level=0 phase=PMIS sends=651496 bytes=4225932424 collective_rank_calls=39424
AMG setup messages level=0 phase=numbering sends=0 bytes=0 collective_rank_calls=3584
AMG setup messages level=0 phase=interpolation sends=173112 bytes=1665999924 collective_rank_calls=3584
AMG setup messages level=0 phase=interpolation-transpose sends=68668 bytes=534893456 collective_rank_calls=3584
AMG setup messages level=0 phase=A*P sends=90744 bytes=2936607696 collective_rank_calls=3584
AMG setup messages level=0 phase=R*(A*P) sends=206004 bytes=3909961600 collective_rank_calls=3584
AMG setup messages level=1 phase=strength sends=0 bytes=0 collective_rank_calls=3584
AMG setup messages level=1 phase=strength-transpose sends=76230 bytes=1461802864 collective_rank_calls=3584
AMG setup messages level=1 phase=PMIS sends=1836124 bytes=2916974456 collective_rank_calls=43008
AMG setup messages level=1 phase=numbering sends=0 bytes=0 collective_rank_calls=3584
AMG setup messages level=1 phase=interpolation sends=453426 bytes=1726759484 collective_rank_calls=3584
AMG setup messages level=1 phase=interpolation-transpose sends=74890 bytes=507223552 collective_rank_calls=3584
AMG setup messages level=1 phase=A*P sends=256194 bytes=2830696400 collective_rank_calls=3584
AMG setup messages level=1 phase=R*(A*P) sends=224670 bytes=7419608864 collective_rank_calls=3584
AMG setup messages level=2 phase=strength sends=0 bytes=0 collective_rank_calls=3584
AMG setup messages level=2 phase=strength-transpose sends=87001 bytes=644969392 collective_rank_calls=3584
AMG setup messages level=2 phase=PMIS sends=2100257 bytes=978893340 collective_rank_calls=43008
AMG setup messages level=2 phase=numbering sends=0 bytes=0 collective_rank_calls=3584
AMG setup messages level=2 phase=interpolation sends=514431 bytes=674063020 collective_rank_calls=3584
AMG setup messages level=2 phase=interpolation-transpose sends=73730 bytes=143352976 collective_rank_calls=3584
AMG setup messages level=2 phase=A*P sends=300180 bytes=1175162032 collective_rank_calls=3584
AMG setup messages level=2 phase=R*(A*P) sends=221190 bytes=3241013136 collective_rank_calls=3584
AMG setup messages level=3 phase=strength sends=0 bytes=0 collective_rank_calls=3584
AMG setup messages level=3 phase=strength-transpose sends=88948 bytes=163863788 collective_rank_calls=3584
AMG setup messages level=3 phase=PMIS sends=1970464 bytes=240163496 collective_rank_calls=39424
AMG setup messages level=3 phase=numbering sends=0 bytes=0 collective_rank_calls=3584
AMG setup messages level=3 phase=interpolation sends=525648 bytes=184682992 collective_rank_calls=3584
AMG setup messages level=3 phase=interpolation-transpose sends=64856 bytes=33783216 collective_rank_calls=3584
AMG setup messages level=3 phase=A*P sends=307200 bytes=376449696 collective_rank_calls=3584
AMG setup messages level=3 phase=R*(A*P) sends=194568 bytes=888798000 collective_rank_calls=3584
AMG setup messages level=4 phase=strength sends=0 bytes=0 collective_rank_calls=3584
AMG setup messages level=4 phase=strength-transpose sends=86912 bytes=33732716 collective_rank_calls=3584
AMG setup messages level=4 phase=PMIS sends=1951232 bytes=64010552 collective_rank_calls=39424
AMG setup messages level=4 phase=numbering sends=0 bytes=0 collective_rank_calls=3584
AMG setup messages level=4 phase=interpolation sends=508365 bytes=47235428 collective_rank_calls=3584
AMG setup messages level=4 phase=interpolation-transpose sends=47342 bytes=7642592 collective_rank_calls=3584
AMG setup messages level=4 phase=A*P sends=458652 bytes=130751376 collective_rank_calls=3584
AMG setup messages level=4 phase=R*(A*P) sends=142026 bytes=198707152 collective_rank_calls=3584
AMG setup messages level=5 phase=strength sends=0 bytes=0 collective_rank_calls=3584
AMG setup messages level=5 phase=strength-transpose sends=80590 bytes=6409104 collective_rank_calls=3584
AMG setup messages level=5 phase=PMIS sends=1414576 bytes=12597528 collective_rank_calls=28672
AMG setup messages level=5 phase=numbering sends=0 bytes=0 collective_rank_calls=3584
AMG setup messages level=5 phase=interpolation sends=443451 bytes=10227256 collective_rank_calls=3584
AMG setup messages level=5 phase=interpolation-transpose sends=21827 bytes=1739024 collective_rank_calls=3584
AMG setup messages level=5 phase=A*P sends=849876 bytes=51906176 collective_rank_calls=3584
AMG setup messages level=5 phase=R*(A*P) sends=65481 bytes=33166592 collective_rank_calls=3584
AMG setup messages level=6 phase=strength sends=0 bytes=0 collective_rank_calls=3584
AMG setup messages level=6 phase=strength-transpose sends=17660 bytes=969896 collective_rank_calls=3584
AMG setup messages level=6 phase=PMIS sends=324568 bytes=2018176 collective_rank_calls=25088
AMG setup messages level=6 phase=numbering sends=0 bytes=0 collective_rank_calls=3584
AMG setup messages level=6 phase=interpolation sends=87531 bytes=1229244 collective_rank_calls=3584
AMG setup messages level=6 phase=interpolation-transpose sends=5890 bytes=369520 collective_rank_calls=3584
AMG setup messages level=6 phase=A*P sends=344460 bytes=11087776 collective_rank_calls=3584
AMG setup messages level=6 phase=R*(A*P) sends=17670 bytes=4602624 collective_rank_calls=3584
AMG setup messages level=7 phase=strength sends=0 bytes=0 collective_rank_calls=3584
AMG setup messages level=7 phase=strength-transpose sends=3021 bytes=173160 collective_rank_calls=3584
AMG setup messages level=7 phase=PMIS sends=37403 bytes=271428 collective_rank_calls=14336
AMG setup messages level=7 phase=numbering sends=0 bytes=0 collective_rank_calls=3584
AMG setup messages level=7 phase=interpolation sends=13413 bytes=148576 collective_rank_calls=3584
AMG setup messages level=7 phase=interpolation-transpose sends=1273 bytes=87024 collective_rank_calls=3584
AMG setup messages level=7 phase=A*P sends=67746 bytes=1957264 collective_rank_calls=3584
AMG setup messages level=7 phase=R*(A*P) sends=3819 bytes=687648 collective_rank_calls=3584
AMG setup messages level=8 phase=strength sends=0 bytes=0 collective_rank_calls=3584
AMG setup messages level=8 phase=strength-transpose sends=936 bytes=55396 collective_rank_calls=3584
AMG setup messages level=8 phase=PMIS sends=9328 bytes=75440 collective_rank_calls=10752
AMG setup messages level=8 phase=numbering sends=0 bytes=0 collective_rank_calls=3584
AMG setup messages level=8 phase=interpolation sends=4512 bytes=43124 collective_rank_calls=3584
AMG setup messages level=8 phase=interpolation-transpose sends=364 bytes=22656 collective_rank_calls=3584
AMG setup messages level=8 phase=A*P sends=12336 bytes=197936 collective_rank_calls=3584
AMG setup messages level=8 phase=R*(A*P) sends=1092 bytes=28496 collective_rank_calls=3584
GMRES: iter = 0, residual = 0.0001877657714, 1 (rel.)
GMRES: iter = 1, residual = 7.891372182e-05, 0.4202774618 (rel.)
GMRES: iter = 2, residual = 2.025229047e-05, 0.1078593309 (rel.)
GMRES: iter = 3, residual = 5.406798793e-06, 0.0287954442 (rel.)
GMRES: iter = 4, residual = 1.428852256e-06, 0.007609758934 (rel.)
GMRES: iter = 5, residual = 3.776297362e-07, 0.002011174525 (rel.)
GMRES: iter = 6, residual = 1.062687491e-07, 0.000565964437 (rel.)
GMRES: iter = 7, residual = 2.791484981e-08, 0.0001486684692 (rel.)
GMRES: iter = 8, residual = 8.302752475e-09, 4.421866889e-05 (rel.)
GMRES: Solve Time = 3.05013566
FLD cloud AMR Newton-Krylov iterations=5/23, change=1.460356964e-08, residual=5.23698897e-08, transmission=0.9991413278
FLD 3-D Penrose cloud: case=amr, fine_n=1024, opacity contrast=100000, cells=281018368, limiter=off, mixed cells=4167992, cloudy volume relative error=1.4638438e-16, transmission=0.9991413278, balance error=6.705665264e-11, Newton/Krylov iterations=5/23, nonlinear residual=5.23698897e-08, E range=[1.998281825,2.001718175], whole-case wall=18.39765793 s, preconditioner=amg, AMG backend=native, linear iterations=23, max true relative residual=0, aggregate setup=7.260667703 s, aggregate solve=0 s


TinyProfiler total time across processes [min...avg...max]: 18.4 ... 18.4 ... 18.4

-------------------------------------------------------------------------------------------
Name                                        NCalls  Excl. Min  Excl. Avg  Excl. Max   Max %
-------------------------------------------------------------------------------------------
SpMatrix::finishComm_mv::recv_wait            1850     0.7205      3.223       4.05  22.01%
SpGEMM                                         138      1.066      1.576       2.97  16.14%
SpMV                                          2970     0.4141     0.8467       2.59  14.08%
GMRES::GramSchmidt::batched_dots                46    0.09036      1.768      2.292  12.46%
FabArray::ParallelCopy_finish()                507    0.02436     0.7418      2.003  10.89%
FLD::residual::fine_b_send_wait                 29  0.0001285      1.237       1.92  10.43%
FabArray::setVal()                             690    0.02746     0.3049       1.91  10.38%
AMG::setup                                       5     0.2291      1.363      1.827   9.93%
SpMatrix::prepare_comm_mv                     3304     0.1631      1.184      1.618   8.79%
FLD::residual::fine_b_unpack                    29  4.661e-06    0.03999       1.37   7.45%
SpMatrix::define_split                         322     0.2927     0.6263      1.331   7.23%
FLD::composite_residual_without_assembly        29     0.1626     0.3156       1.27   6.90%
FillBoundary_finish()                          271     0.0135     0.5077      1.097   5.96%
SpMatrix::startComm_tr                          92     0.1291      0.732     0.9445   5.13%
FLD::NewtonKrylov::line_search                   5    0.01294     0.4077     0.6111   3.32%
ChebyshevSmoother                              538    0.08595     0.1658     0.5626   3.06%
SpMatrix::startComm_mv                        2970    0.04107     0.1147     0.5157   2.80%
SpMatrix::finishComm_mv::send_wait            1850   0.001543    0.02718     0.4877   2.65%
FLD::NewtonKrylov::Jacobian_action              23    0.01044     0.1313     0.4755   2.58%
FLD::assembly::fine_b_send_wait                  5   4.38e-05     0.2486       0.44   2.39%
FLD::composite_assembly                          5     0.1602     0.2233     0.4071   2.21%
SpMatrix::finishComm_mv::unpack               2685    0.03608    0.09632     0.4015   2.18%
FabArray::ParallelCopy_nowait()                507   0.009688     0.0463     0.3397   1.85%
AMG::build_interp_mm                            46      0.142     0.1845     0.3367   1.83%
FLD::assembly::fine_b_unpack                     5   9.42e-07   0.008851     0.2973   1.62%
SpMatrix::preparePairHalo                       46     0.0957     0.2346     0.2914   1.58%
FLD::MLABecLapAMG::precondition                 28    0.07448     0.1127     0.2888   1.57%
AMG::create_soc                                 46     0.0783     0.1398      0.278   1.51%
FillBoundary_nowait()                          271    0.02781    0.05586     0.2772   1.51%
FLD::composite_topology                          1    0.04818     0.1196     0.2715   1.48%
AMG::pmis                                       46     0.1321     0.1903     0.2608   1.42%
FLD::residual::local_rows                       29    0.02168    0.08519     0.2567   1.40%
DistributionMapping::LeastUsedCPUs()             3   0.001799     0.1091     0.2545   1.38%
FLD::residual::fine_b_recv_wait                 29  6.255e-06    0.00185     0.2504   1.36%
SpMatrix::split_csr                           3809    0.01989    0.06579     0.2345   1.27%
SpMatrix::finishComm_tr                         92    0.02647    0.07172     0.2048   1.11%
SpMatrix::gatherRemote                         481    0.05153     0.1345     0.1925   1.05%
FLD::assembly::fine_b_recv_wait                  5  1.325e-06   0.003357     0.1708   0.93%
AMG::truncate_interp                            46    0.06291     0.0839     0.1543   0.84%
amrex::Copy()                                  460    0.03971    0.07542      0.152   0.83%
FLD::residual::fine_b_pack                      29    0.00332    0.06165      0.151   0.82%
FLD::residual::fine_b_start                     29  0.0002348   0.001157     0.1493   0.81%
SpMatrix::transpose                             92     0.0427    0.06457      0.127   0.69%
FLD::NewtonKrylov::solve                         1    0.02536    0.09693     0.1223   0.66%
FLD::MLABecLapAMG::residualWithoutAssembly      29    0.02138    0.02978      0.116   0.63%
FLD::MLABecLapAMG::assemble                      5    0.01034     0.0395     0.1089   0.59%
FabArray::Saxpy()                              492    0.03285    0.04939     0.1067   0.58%
FLD::cloud_linearized_residual                  23    0.04147     0.0527    0.09407   0.51%
FLD::cloud_setup                                 1   0.005926    0.07752    0.09303   0.51%
SpMatrix::gather_pair_plan                     389    0.02411    0.04786     0.0782   0.43%
FLD::compute_diffusion                          35    0.03266    0.04101       0.07   0.38%
FLD::run_cloud                                   1   0.004495   0.006714      0.069   0.38%
FLD::residual::fine_b_plan                       1  0.0005936   0.004275    0.06418   0.35%
DistributionMapping::SFCProcessorMapDoIt()       2  0.0009493   0.001794    0.06316   0.34%
FLD::assembly::fine_b_plan                       1   0.001535   0.004705    0.05905   0.32%
FLD::cloud_field_initialization                  1   0.001895    0.01436    0.03465   0.19%
GMRES::cycle()                                   5   0.008691    0.02852    0.03415   0.19%
SpMatrix::trim_remote_rows                     233    0.01143    0.01637    0.03304   0.18%
FLD::assembly::fine_b_start                      5  0.0001361  0.0005841    0.03152   0.17%
FLD::assembly::fine_b_pack                       5  0.0004944    0.01041    0.02813   0.15%
AMG::vcycle                                     28   0.002046      0.007    0.02795   0.15%
FLD::cloud_newton_prepare                        5    0.01509     0.0179    0.02503   0.14%
FLD::cloud_residual                              6      0.011    0.01391    0.02474   0.13%
AMG::vcycle::level=0 residual                   28  0.0009984   0.003821    0.02228   0.12%
amrex::average_down                             65   0.005554   0.007756    0.02134   0.12%
SpMatrix::finishComm_mv                       2970   0.002087   0.003781    0.01343   0.07%
FabArray::mult()                               102   0.002542   0.003618     0.0128   0.07%
FabArray::LinComb()                             20   0.002979   0.004302    0.01122   0.06%
CellConservativeLinear::interp()                 2          0  0.0003675    0.01047   0.06%
SpMatrix::gatherRemotePair                     389  0.0008196   0.002134   0.007222   0.04%
SpMatrix::finishComm_mv::cleanup              2685   0.001489   0.002437   0.005638   0.03%
AMG::vcycle::level=1 residual                   28  0.0003043  0.0006978    0.00431   0.02%
FLD::cloud_hierarchy                             1    0.00266   0.002895   0.003995   0.02%
FLD::cloud_postprocessing                        1  0.0007753   0.001877   0.003281   0.02%
FLD::cloud_extinction_ghost_fill                 1  0.0001607  0.0004046   0.001995   0.01%
FillPatchTwoLevels                              71   0.000499  0.0006668   0.001579   0.01%
FabArrayBase::getCPC()                         331  0.0003555  0.0005974   0.001283   0.01%
GMRES::solve()                                   5  0.0002968  0.0004598  0.0009705   0.01%
FabArray::ParallelCopy()                       449  0.0004023   0.000515  0.0008641   0.00%
GMRES::GramSchmidt                              23  0.0002689   0.000382  0.0006465   0.00%
FLD::MLABecLapAMG::preconditioner_cycle         28  0.0001434  0.0002434  0.0006407   0.00%
AMG::vcycle::level=2 residual                   28  4.638e-05  9.971e-05  0.0004765   0.00%
AMG::vcycle::level=0 prolong                    28  4.666e-05  9.641e-05  0.0003748   0.00%
FabArray::FillBoundary()                       271  0.0001581  0.0002156  0.0003532   0.00%
FLD::residual::fine_state_start                 29  1.853e-05  7.947e-05  0.0003437   0.00%
AMG::vcycle::level=1 post_smooth                28  3.305e-05   0.000113  0.0003391   0.00%
amrex::average_down_w_geom                      65  5.329e-05  9.457e-05  0.0003321   0.00%
FLD::residual::coarse_state_finish              29  1.368e-05  3.651e-05  0.0003264   0.00%
FLD::cloud_precondition                         28  0.0001216  0.0001847  0.0003251   0.00%
AMG::vcycle::level=0 restrict                   28  3.357e-05  7.461e-05  0.0003078   0.00%
AMG::vcycle::level=0 pre_smooth                 28  6.763e-05  0.0001385  0.0003063   0.00%
AMG::vcycle::level=0 post_smooth                28  5.695e-05  0.0001147   0.000305   0.00%
FPinfo::FPinfo()                                 1  0.0001668   0.000191  0.0002801   0.00%
AMG::vcycle::level=1 pre_smooth                 28  4.004e-05  0.0001031  0.0002652   0.00%
AMG::vcycle::level=1 restrict                   28  2.449e-05  5.079e-05  0.0002423   0.00%
AMG::vcycle::level=2 pre_smooth                 28   2.62e-05  5.154e-05   0.000209   0.00%
AMG::vcycle::level=1 prolong                    28  1.533e-05  4.212e-05  0.0002044   0.00%
FLD::residual::stage_state                      58  4.464e-05  0.0001064  0.0002029   0.00%
FLD::residual::fine_state_finish                29  1.579e-05  4.902e-05  0.0001982   0.00%
FLD::residual::fine_b_finish                    29  1.874e-05  3.173e-05  0.0001926   0.00%
FLD::residual::coarse_state_start               29  2.237e-05  7.017e-05  0.0001897   0.00%
FillPatchSingleLevel                           142  5.058e-05  8.565e-05  0.0001504   0.00%
FabArrayBase::TheFPinfo()                       71  4.463e-05  7.004e-05  0.0001463   0.00%
FillPatchInterp(Fab)                            71  2.772e-05  4.253e-05  0.0001304   0.00%
AMG::vcycle::level=2 restrict                   28  1.179e-05  2.736e-05  0.0001097   0.00%
GMRES:build_solution()                           5  4.634e-05   6.49e-05  0.0001062   0.00%
AMG::vcycle::level=2 post_smooth                28  1.771e-05  4.034e-05  0.0001024   0.00%
AMG::vcycle::level=3 pre_smooth                 28  1.717e-05  2.518e-05  7.059e-05   0.00%
AMG::vcycle::level=3 residual                   28  1.626e-05  2.811e-05  6.096e-05   0.00%
FLD::assembly::fine_b_finish                     5  3.787e-06  1.005e-05    5.5e-05   0.00%
AMG::vcycle::level=9 bottom_solve               25  1.113e-05  1.456e-05  5.492e-05   0.00%
AMG::vcycle::level=2 prolong                    28  1.134e-05  1.998e-05  4.725e-05   0.00%
AMG::vcycle::level=4 pre_smooth                 28  1.387e-05  2.892e-05  4.566e-05   0.00%
FLD::NewtonKrylov::prepare                       5  6.524e-06  1.427e-05  3.823e-05   0.00%
AMG::vcycle::level=5 residual                   28  1.043e-05  2.004e-05   3.41e-05   0.00%
AMG::vcycle::level=3 post_smooth                28  1.162e-05  1.717e-05   3.21e-05   0.00%
AMG::bottom_solve                               28  1.389e-05  2.106e-05  3.107e-05   0.00%
AMG::vcycle::level=4 residual                   28  1.186e-05  1.698e-05  3.025e-05   0.00%
FLD::NewtonKrylov::linear_solve                  5  6.805e-06  1.325e-05  2.599e-05   0.00%
AMG::vcycle::level=3 restrict                   28  8.968e-06  1.259e-05  2.593e-05   0.00%
AMG::vcycle::level=8 pre_smooth                 28  7.758e-06  1.521e-05  2.503e-05   0.00%
AMG::vcycle::level=5 pre_smooth                 28  1.148e-05  1.558e-05  2.481e-05   0.00%
AMG::vcycle::level=6 residual                   28  6.662e-06  1.047e-05  2.457e-05   0.00%
MultiFab::Copy()                                10  5.399e-06  9.971e-06  2.227e-05   0.00%
AMG::vcycle::level=6 pre_smooth                 28  1.013e-05  1.451e-05  2.174e-05   0.00%
AMG::vcycle::level=3 prolong                    28  9.055e-06  1.323e-05  2.074e-05   0.00%
AMG::vcycle::level=6 restrict                   28  6.484e-06  1.171e-05      2e-05   0.00%
AMG::vcycle::level=4 prolong                    28  8.399e-06   1.26e-05  1.889e-05   0.00%
AMG::vcycle::level=7 residual                   28  6.718e-06  1.177e-05  1.869e-05   0.00%
AMG::vcycle::level=7 restrict                   28  5.528e-06  6.577e-06  1.806e-05   0.00%
AMG::vcycle::level=4 restrict                   28  7.057e-06  9.871e-06  1.768e-05   0.00%
AMG::vcycle::level=4 post_smooth                28  9.916e-06  1.225e-05  1.715e-05   0.00%
AMG::vcycle::level=5 post_smooth                28  8.664e-06  1.203e-05   1.66e-05   0.00%
AMG::vcycle::level=7 pre_smooth                 28  8.325e-06  1.136e-05  1.616e-05   0.00%
AMG::vcycle::level=8 residual                   28   6.34e-06   8.43e-06  1.426e-05   0.00%
AMG::vcycle::level=5 prolong                    28  6.261e-06  8.777e-06   1.42e-05   0.00%
AMG::vcycle::level=5 restrict                   28  6.473e-06  8.428e-06  1.388e-05   0.00%
AMG::vcycle::level=6 post_smooth                28  6.824e-06  9.032e-06  1.361e-05   0.00%
AMG::vcycle::level=6 prolong                    28  5.626e-06  7.029e-06  1.262e-05   0.00%
AMG::vcycle::level=7 post_smooth                28   6.69e-06  7.854e-06  1.194e-05   0.00%
AMG::vcycle::level=8 post_smooth                28  8.451e-06  9.255e-06  1.166e-05   0.00%
AMG::vcycle::level=7 prolong                    28  6.349e-06   7.24e-06  1.077e-05   0.00%
AMG::vcycle::level=8 prolong                    28  6.217e-06  7.231e-06  1.024e-05   0.00%
Other                                        16957   0.002223   0.003829   0.009249   0.05%
-------------------------------------------------------------------------------------------

-------------------------------------------------------------------------------------------
Name                                        NCalls  Incl. Min  Incl. Avg  Incl. Max   Max %
-------------------------------------------------------------------------------------------
FLD::run_cloud                                   1      18.33      18.34       18.4 100.00%
FLD::NewtonKrylov::solve                         1      17.72      17.72      17.72  96.34%
FLD::NewtonKrylov::linear_solve                  5      9.113      9.192      9.222  50.12%
GMRES::solve()                                   5      9.113      9.192      9.222  50.12%
GMRES::cycle()                                   5      9.111      9.189      9.219  50.11%
FLD::NewtonKrylov::prepare                       5       7.32      7.324      7.335  39.87%
FLD::cloud_newton_prepare                        5       7.32      7.324      7.335  39.87%
FLD::MLABecLapAMG::assemble                      5       7.26      7.274      7.286  39.60%
AMG::setup                                       5      6.236      6.684      6.854  37.25%
FLD::cloud_precondition                         28      4.528      4.948      5.098  27.71%
FLD::MLABecLapAMG::precondition                 28      4.522      4.941      5.092  27.68%
FLD::MLABecLapAMG::preconditioner_cycle         28       4.11      4.526       4.76  25.87%
AMG::vcycle                                     28       4.11      4.526      4.759  25.87%
FLD::MLABecLapAMG::residualWithoutAssembly      29      2.034      2.659       4.68  25.44%
SpMV                                          2970      3.884      4.347      4.649  25.27%
FLD::composite_residual_without_assembly        29      1.994      2.602      4.629  25.16%
SpMatrix::finishComm_mv                       2970      1.167      3.353      4.105  22.31%
SpMatrix::finishComm_mv::recv_wait            1850     0.7205      3.223       4.05  22.01%
SpGEMM                                         138      2.781      3.126      3.967  21.56%
FLD::NewtonKrylov::Jacobian_action              23       1.83      2.401      3.967  21.56%
FLD::cloud_linearized_residual                  23      1.726      2.243      3.889  21.14%
ChebyshevSmoother                              538      2.409       3.15      3.808  20.70%
GMRES::GramSchmidt                              23     0.1434      1.803      2.321  12.61%
GMRES::GramSchmidt::batched_dots                46    0.09036      1.768      2.292  12.46%
FabArray::ParallelCopy_finish()                507    0.02436     0.7418      2.003  10.89%
FLD::residual::fine_b_finish                    29    0.00455      1.278       1.92  10.43%
FLD::residual::fine_b_send_wait                 29  0.0001285      1.237       1.92  10.43%
FabArray::setVal()                             690    0.02746     0.3049       1.91  10.38%
FabArray::ParallelCopy()                       449    0.09785     0.2836      1.646   8.95%
SpMatrix::prepare_comm_mv                     3304     0.1631      1.184      1.618   8.79%
amrex::average_down_w_geom                      65   0.007143    0.03936      1.486   8.08%
amrex::average_down                             65   0.007069    0.03926      1.486   8.08%
FLD::residual::fine_b_unpack                    29  4.661e-06    0.03999       1.37   7.45%
SpMatrix::define_split                         322     0.3026     0.6411      1.359   7.39%
AMG::build_interp_mm                            46     0.8037     0.9404      1.235   6.71%
FabArray::FillBoundary()                       271     0.0719     0.5648      1.136   6.17%
FLD::cloud_residual                              6     0.5464     0.6921      1.118   6.08%
FLD::residual::fine_state_finish                29  0.0009499     0.3854      1.103   5.99%
FillBoundary_finish()                          271     0.0135     0.5077      1.097   5.96%
SpMatrix::transpose                             92     0.3765     0.8683      1.039   5.65%
FLD::NewtonKrylov::line_search                   5     0.8592     0.8949     0.9753   5.30%
FLD::composite_assembly                          5     0.3904     0.5264     0.9464   5.14%
SpMatrix::startComm_tr                          92     0.1291      0.732     0.9445   5.13%
AMG::vcycle::level=0 post_smooth                28     0.4453     0.7285     0.9089   4.94%
GMRES:build_solution()                           5     0.7949     0.8744     0.9057   4.92%
AMG::vcycle::level=0 pre_smooth                 28     0.2992     0.6542     0.7984   4.34%
AMG::vcycle::level=1 post_smooth                28     0.3973     0.5602     0.7356   4.00%
AMG::vcycle::level=1 pre_smooth                 28      0.418     0.5546      0.718   3.90%
AMG::pmis                                       46     0.4032     0.5495     0.6086   3.31%
FLD::cloud_setup                                 1     0.5965     0.5974     0.5984   3.25%
SpMatrix::startComm_mv                        2970    0.05902     0.1464     0.5323   2.89%
AMG::create_soc                                 46     0.1619     0.2559     0.5046   2.74%
AMG::vcycle::level=5 prolong                    28   0.002933     0.2311        0.5   2.72%
FLD::composite_topology                          1     0.1327     0.2523     0.4898   2.66%
SpMatrix::finishComm_mv::send_wait            1850   0.001543    0.02718     0.4877   2.65%
FLD::assembly::fine_b_finish                     5    0.01068     0.2608     0.4494   2.44%
FLD::assembly::fine_b_send_wait                  5   4.38e-05     0.2486       0.44   2.39%
AMG::vcycle::level=0 restrict                   28    0.01144     0.1677     0.4211   2.29%
AMG::vcycle::level=4 prolong                    28   0.002133    0.02059     0.4103   2.23%
SpMatrix::finishComm_mv::unpack               2685    0.03608    0.09632     0.4015   2.18%
AMG::vcycle::level=2 pre_smooth                 28     0.1321     0.2079     0.3874   2.11%
FillPatchTwoLevels                              71    0.02218     0.1843     0.3854   2.09%
FabArray::ParallelCopy_nowait()                507    0.02276    0.07107     0.3797   2.06%
AMG::vcycle::level=6 prolong                    28  8.193e-05     0.1141     0.3723   2.02%
FLD::cloud_extinction_ghost_fill                 1   0.002449     0.2399     0.3593   1.95%
FLD::residual::coarse_state_finish              29    0.00022     0.1209     0.3087   1.68%
FLD::assembly::fine_b_unpack                     5   9.42e-07   0.008851     0.2973   1.62%
SpMatrix::preparePairHalo                       46     0.0957     0.2346     0.2914   1.58%
FillBoundary_nowait()                          271    0.02889    0.05691     0.2784   1.51%
FLD::residual::local_rows                       29    0.02168    0.08519     0.2567   1.40%
DistributionMapping::LeastUsedCPUs()             3   0.001799     0.1091     0.2545   1.38%
FabArrayBase::TheFPinfo()                       71  0.0006319     0.1074     0.2529   1.37%
FPinfo::FPinfo()                                 1  0.0005679     0.1073     0.2528   1.37%
FLD::residual::fine_b_recv_wait                 29  6.255e-06    0.00185     0.2504   1.36%
SpMatrix::split_csr                           3809     0.0208    0.06741     0.2379   1.29%
AMG::vcycle::level=0 residual                   28    0.09455     0.1882     0.2377   1.29%
FLD::assembly::fine_b_start                      5    0.00395    0.03759     0.2302   1.25%
FLD::residual::stage_state                      58    0.01358     0.1222     0.2289   1.24%
FLD::residual::fine_state_start                 29   0.002531    0.02089     0.2252   1.22%
AMG::truncate_interp                            46    0.07705      0.108     0.2116   1.15%
SpMatrix::finishComm_tr                         92    0.02647    0.07172     0.2048   1.11%
AMG::vcycle::level=1 residual                   28     0.1148     0.1666     0.1999   1.09%
SpMatrix::gatherRemote                         481    0.05168     0.1346     0.1926   1.05%
AMG::vcycle::level=0 prolong                    28    0.07449     0.1491     0.1853   1.01%
AMG::vcycle::level=7 prolong                    28  7.649e-05    0.02346     0.1844   1.00%
AMG::vcycle::level=1 restrict                   28    0.01723     0.1302     0.1818   0.99%
AMG::vcycle::level=2 post_smooth                28    0.08755     0.1313     0.1802   0.98%
FLD::assembly::fine_b_recv_wait                  5  1.325e-06   0.003357     0.1708   0.93%
FLD::residual::fine_b_start                     29    0.00748    0.06281     0.1603   0.87%
amrex::Copy()                                  460    0.03971    0.07542      0.152   0.83%
FLD::residual::fine_b_pack                      29    0.00332    0.06165      0.151   0.82%
FLD::compute_diffusion                          35    0.08002     0.1305     0.1445   0.79%
FillPatchSingleLevel                           142   0.005137    0.04787      0.138   0.75%
FabArray::Saxpy()                              492    0.03285    0.04939     0.1067   0.58%
AMG::vcycle::level=3 pre_smooth                 28    0.02721    0.05233    0.09371   0.51%
AMG::vcycle::level=7 post_smooth                28  0.0001456    0.01811    0.09311   0.51%
FLD::cloud_field_initialization                  1   0.002399    0.01893    0.09116   0.50%
SpMatrix::gatherRemotePair                     389    0.02524       0.05    0.08442   0.46%
AMG::vcycle::level=7 pre_smooth                 28  0.0001339    0.01594    0.08042   0.44%
FLD::residual::coarse_state_start               29  0.0002977   0.002875    0.07926   0.43%
SpMatrix::gather_pair_plan                     389    0.02411    0.04786     0.0782   0.43%
AMG::vcycle::level=6 post_smooth                28  0.0001459    0.03228    0.06987   0.38%
FLD::cloud_hierarchy                             1   0.006104   0.007631    0.06952   0.38%
DistributionMapping::SFCProcessorMapDoIt()       2   0.002699   0.004109    0.06555   0.36%
FLD::residual::fine_b_plan                       1  0.0006077   0.004306     0.0642   0.35%
AMG::vcycle::level=2 residual                   28    0.02411    0.04516    0.06054   0.33%
FLD::assembly::fine_b_plan                       1   0.001542   0.004714    0.05907   0.32%
AMG::vcycle::level=8 pre_smooth                 28  0.0001315    0.00554    0.05791   0.31%
AMG::vcycle::level=5 post_smooth                28    0.01358    0.04539    0.05325   0.29%
AMG::vcycle::level=6 pre_smooth                 28   0.000144    0.02366    0.05302   0.29%
AMG::vcycle::level=2 restrict                   28   0.007832     0.0311     0.0515   0.28%
AMG::vcycle::level=1 prolong                    28    0.01284    0.03489    0.04843   0.26%
AMG::vcycle::level=8 post_smooth                28  0.0001501   0.004452    0.04536   0.25%
AMG::vcycle::level=5 pre_smooth                 28    0.01036    0.03385     0.0385   0.21%
AMG::vcycle::level=3 post_smooth                28    0.02349    0.02766    0.03325   0.18%
SpMatrix::trim_remote_rows                     233    0.01143    0.01637    0.03304   0.18%
AMG::vcycle::level=4 post_smooth                28    0.02257    0.02711    0.03194   0.17%
FLD::assembly::fine_b_pack                       5  0.0004944    0.01041    0.02813   0.15%
AMG::vcycle::level=8 prolong                    28  9.045e-05   0.002736     0.0266   0.14%
AMG::vcycle::level=4 pre_smooth                 28    0.01703     0.0203    0.02544   0.14%
AMG::vcycle::level=7 residual                   28  4.018e-05   0.004491    0.02138   0.12%
AMG::vcycle::level=3 residual                   28    0.00612   0.008124    0.01905   0.10%
AMG::vcycle::level=6 residual                   28  4.089e-05   0.007767    0.01589   0.09%
AMG::vcycle::level=5 residual                   28   0.003411    0.01197    0.01452   0.08%
FabArray::mult()                               102   0.002542   0.003618     0.0128   0.07%
AMG::bottom_solve                               28  0.0008605   0.007397    0.01224   0.07%
AMG::vcycle::level=9 bottom_solve               25  0.0008381   0.007374    0.01221   0.07%
AMG::vcycle::level=3 restrict                   28   0.002351    0.00536     0.0118   0.06%
AMG::vcycle::level=8 residual                   28  3.902e-05   0.001152    0.01171   0.06%
FabArray::LinComb()                             20   0.002979   0.004302    0.01122   0.06%
AMG::vcycle::level=2 prolong                    28   0.003389   0.007464    0.01085   0.06%
FillPatchInterp(Fab)                            71  2.772e-05  0.0004101    0.01058   0.06%
CellConservativeLinear::interp()                 2          0  0.0003675    0.01047   0.06%
AMG::vcycle::level=3 prolong                    28   0.001983   0.005418   0.009048   0.05%
FLD::cloud_postprocessing                        1   0.006699   0.007543   0.007732   0.04%
AMG::vcycle::level=5 restrict                   28  7.977e-05    0.00125   0.007378   0.04%
AMG::vcycle::level=4 residual                   28   0.005908   0.006354    0.00715   0.04%
AMG::vcycle::level=6 restrict                   28  5.137e-05  0.0002402    0.00668   0.04%
AMG::vcycle::level=4 restrict                   28  0.0004241   0.003202   0.006318   0.03%
AMG::vcycle::level=7 restrict                   28  4.506e-05  8.398e-05   0.006166   0.03%
SpMatrix::finishComm_mv::cleanup              2685   0.001489   0.002437   0.005638   0.03%
FabArrayBase::getCPC()                         331  0.0008743   0.001598   0.005596   0.03%
MultiFab::Copy()                                10  0.0003607    0.00117   0.005568   0.03%
Other                                        16957    0.00248   0.004863    0.01608   0.09%
-------------------------------------------------------------------------------------------

Async Memory Usage:
---------------------------------------------------------------------------------------------------
Name                 Nalloc  AvgMem min  AvgMem avg  AvgMem max  MaxMem min  MaxMem avg  MaxMem max
---------------------------------------------------------------------------------------------------
amrex::average_down  532480       2   B      23   B     990   B    8192   B    9362   B      12 KiB
---------------------------------------------------------------------------------------------------

Pinned Memory Usage:
------------------------------------------------------------------------------------------------------------------------
Name                                      Nalloc  AvgMem min  AvgMem avg  AvgMem max  MaxMem min  MaxMem avg  MaxMem max
------------------------------------------------------------------------------------------------------------------------
FLD::composite_residual_without_assembly   18944     617 KiB    9907 KiB      63 MiB     641 KiB      10 MiB      66 MiB
FLD::composite_assembly                     1536       0   B    6686 KiB      45 MiB       0   B    7076 KiB      48 MiB
FLD::composite_topology                    26112    6712   B      42 KiB     383 KiB    1120 KiB    3810 KiB      18 MiB
The_Pinned_Arena::Initialize()              3584       1   B       2   B      27   B    8192 KiB    8192 KiB    8192 KiB
FLD::MLABecLapAMG::assemble               304640    1432 KiB    1738 KiB    2858 KiB    3632 KiB    4410 KiB    7264 KiB
SpGEMM                                    333102    4843   B      19 KiB     108 KiB     400 KiB     987 KiB    3241 KiB
FLD::MLABecLapAMG::precondition           487424     251 KiB     333 KiB     563 KiB    1024 KiB    1243 KiB    2048 KiB
SpMatrix::finishComm_tr                   821148     162   B    1210   B    7349   B     178 KiB     400 KiB     956 KiB
SpMatrix::startComm_tr                    718413    4994   B    8307   B      11 KiB     172 KiB     340 KiB     652 KiB
------------------------------------------------------------------------------------------------------------------------

Cpu Memory Usage:
------------------------------------------------------------------------------------------------------------------
Name                                Nalloc  AvgMem min  AvgMem avg  AvgMem max  MaxMem min  MaxMem avg  MaxMem max
------------------------------------------------------------------------------------------------------------------
FLD::cloud_setup                    191488      11 MiB      13 MiB      22 MiB      11 MiB      13 MiB      22 MiB
FabArray::ParallelCopy_nowait()     845503      11 KiB     105 KiB    2773 KiB     532 KiB    1281 KiB      18 MiB
GMRES::cycle()                      156672     706 KiB     867 KiB    1434 KiB    3584 KiB    4352 KiB    7168 KiB
FLD::NewtonKrylov::solve            156672    2213 KiB    2690 KiB    4432 KiB    3379 KiB    4103 KiB    6759 KiB
SpGEMM                             1032504    8316   B      29 KiB     131 KiB    1530 KiB    2930 KiB    6657 KiB
GMRES::solve()                      174080    1064 KiB    1303 KiB    2153 KiB    2150 KiB    2611 KiB    4301 KiB
FillBoundary_nowait()              1328128     758   B    5863   B      15 KiB     176 KiB     405 KiB     587 KiB
SpMatrix::gather_pair_plan         2432222      47   B     148   B     527   B      97 KiB     196 KiB     471 KiB
SpMatrix::startComm_mv            13266344      14 KiB      29 KiB      71 KiB      97 KiB     196 KiB     471 KiB
SpMatrix::gatherRemote             2839687     179   B     518   B     806   B      81 KiB     186 KiB     351 KiB
FillPatchTwoLevels                   18176       0   B       9   B     332   B       0   B    6016   B     164 KiB
CellConservativeLinear::interp()      9088       0   B       0   B      13   B       0   B     877   B      24 KiB
amrex::average_down                 532480       2   B      23   B     990   B    8192   B    9362   B      12 KiB
------------------------------------------------------------------------------------------------------------------


MPICH Slingshot Network Summary: 0 network timeouts

MPICH Slingshot CXI Counter Summary:
Counter                                Samples          Min         (/s)         Mean         (/s)          Max         (/s)
atu_cache_evictions                        256        39665       2203.6       111681       6204.5       757820      42101.1
atu_cache_hit_base_page_size_0             256      4711911     261772.8      6558236     364346.4     12119398     673299.9
atu_cache_hit_derivative1_page_size_0      256      1456721      80928.9      2542509     141250.5      8009964     444998.0
lpe_net_match_priority_0                   256       386662      21481.2       593433      32968.5       928600      51588.9
lpe_net_match_overflow_0                   256       113304       6294.7       378767      21042.6      2024567     112475.9
lpe_net_match_request_0                    256            2          0.1           15          0.8           83          4.6
lpe_rndzv_puts_0                           256         4105        228.1         8179        454.4        27363       1520.2
lpe_rndzv_puts_offloaded_0                 256         4105        228.1         8179        454.4        27363       1520.2
hni_rx_paused_0                            256        22167       1231.5      1072255      59569.7     10980120     610006.7
hni_rx_paused_1                            256         2522        140.1     57811003    3211722.4   1070764645   59486924.7
hni_tx_paused_1                            159            3          0.2        94234       5235.2      2393036     132946.4
parbs_tarb_pi_posted_pkts                  256      4341340     241185.6     10136913     563161.9     57862359    3214575.5
parbs_tarb_pi_posted_blocked_cnt           256       579865      32214.7     90295412    5016411.8   1522232950   84568497.2
parbs_tarb_pi_non_posted_pkts              256      5743492     319082.9      8481221     471178.9     17723978     984665.4
parbs_tarb_pi_non_posted_blocked_cnt       256       132000       7333.3      2032739     112930.0     19418321    1078795.6
pct_mst_hit_on_som                           1            1          0.1            1          0.1            1          0.1
rh:nack_resource_busy                        1            1          0.1            1          0.1            1          0.1
rh:nacks                                     1           18          1.0           18          1.0           18          1.0
rh:nack_sequence_error                       1           17          0.9           17          0.9           17          0.9
AMReX (26.09-216-g49f8465e6225) finalized
